394147 accept4(9, {sa_family=AF_INET, sin_port=htons(36242), sin_addr=inet_addr("10.5.30.76")}, [16], SOCK_CLOEXEC) = 10
394147 clone(child_stack=0x7f52a2188fb0, flags=CLONE_VM|CLONE_FS|CLONE_FILES|CLONE_SIGHAND|CLONE_THREAD|CLONE_SYSVSEM|CLONE_SETTLS|CLONE_PARENT_SETTID|CLONE_CHILD_CLEARTID, parent_tid=[394506], tls=0x7f52a2189700, child_tidptr=0x7f52a21899d0) = 394506
394506 gettid()                         = 394506
394506 write(2, "{\"message\": \"\\nTrace_LOG_START:,"..., 500 <unfinished ...>
394147 accept4(9,  <unfinished ...>
394506 <... write resumed>)             = 500
394147 <... accept4 resumed>{sa_family=AF_INET, sin_port=htons(36254), sin_addr=inet_addr("10.5.30.76")}, [16], SOCK_CLOEXEC) = 11
394506 write(8, "LOG_START_wsgi ,TS=1715880508.52"..., 38) = 38
394147 clone(child_stack=0x7f52a1987fb0, flags=CLONE_VM|CLONE_FS|CLONE_FILES|CLONE_SIGHAND|CLONE_THREAD|CLONE_SYSVSEM|CLONE_SETTLS|CLONE_PARENT_SETTID|CLONE_CHILD_CLEARTID, parent_tid=[394507], tls=0x7f52a1988700, child_tidptr=0x7f52a19889d0) = 394507
394506 write(3, "INFO:werkzeug:LOG_START_wsgi ,TS"..., 52) = 52
394506 write(8, "headers = \nHost: 10.5.30.76:8001"..., 259 <unfinished ...>
394507 gettid( <unfinished ...>
394506 <... write resumed>)             = 259
394507 <... gettid resumed>)            = 394507
394506 write(3, "INFO:werkzeug:headers = \nHost: 1"..., 273) = 273
394507 write(2, "{\"message\": \"\\nTrace_LOG_START:,"..., 500) = 500
394506 gettid()                         = 394506
394506 write(8, "PID = \n394057\n", 14) = 14
394506 write(3, "INFO:werkzeug:PID = \n394057\n", 28 <unfinished ...>
394507 write(8, "LOG_START_wsgi ,TS=1715880508.52"..., 38 <unfinished ...>
394506 <... write resumed>)             = 28
394507 <... write resumed>)             = 38
394507 write(3, "INFO:werkzeug:LOG_START_wsgi ,TS"..., 52) = 52
394506 write(8, "TID = \n394506\n", 14) = 14
394506 write(3, "INFO:werkzeug:TID = \n394506\n", 28 <unfinished ...>
394507 write(8, "headers = \nHost: 10.5.30.76:8001"..., 259 <unfinished ...>
394506 <... write resumed>)             = 28
394507 <... write resumed>)             = 259
394507 write(3, "INFO:werkzeug:headers = \nHost: 1"..., 273) = 273
394507 gettid()                         = 394507
394507 write(8, "PID = \n394057\n", 14) = 14
394507 write(3, "INFO:werkzeug:PID = \n394057\n", 28) = 28
394507 write(8, "TID = \n394507\n", 14) = 14
394507 write(3, "INFO:werkzeug:TID = \n394507\n", 28) = 28
394506 read(12, "U\r\r\n\0\0\0\0\5\304\241e\33\30\0\0\343\0\0\0\0\0\0\0\0\0\0\0\0\0\0\0"..., 6417) = 6416
394506 read(12, "", 1)                  = 0
394506 write(8, "post_data_form = \nImmutableMulti"..., 41) = 41
394506 write(3, "INFO:werkzeug:post_data_form = \n"..., 55) = 55
394147 accept4(9, {sa_family=AF_INET, sin_port=htons(36256), sin_addr=inet_addr("10.5.30.76")}, [16], SOCK_CLOEXEC) = 12
394507 write(8, "post_data_form = \nImmutableMulti"..., 41) = 41
394147 clone(child_stack=0x7f52a1186fb0, flags=CLONE_VM|CLONE_FS|CLONE_FILES|CLONE_SIGHAND|CLONE_THREAD|CLONE_SYSVSEM|CLONE_SETTLS|CLONE_PARENT_SETTID|CLONE_CHILD_CLEARTID, parent_tid=[394508], tls=0x7f52a1187700, child_tidptr=0x7f52a11879d0) = 394508
394507 write(3, "INFO:werkzeug:post_data_form = \n"..., 55) = 55
394508 gettid()                         = 394508
394506 write(8, "LOG_STOP_wsgi, TS=1715880508.526"..., 37) = 37
394506 write(3, "INFO:werkzeug:LOG_STOP_wsgi, TS="..., 51) = 51
394508 write(2, "{\"message\": \"\\nTrace_LOG_START:,"..., 500) = 500
394507 write(8, "LOG_STOP_wsgi, TS=1715880508.528"..., 37) = 37
394507 write(3, "INFO:werkzeug:LOG_STOP_wsgi, TS="..., 51) = 51
394508 write(8, "LOG_START_wsgi ,TS=1715880508.53"..., 38) = 38
394508 write(3, "INFO:werkzeug:LOG_START_wsgi ,TS"..., 52) = 52
394508 write(8, "headers = \nHost: 10.5.30.76:8001"..., 259) = 259
394508 write(3, "INFO:werkzeug:headers = \nHost: 1"..., 273) = 273
394147 accept4(9, {sa_family=AF_INET, sin_port=htons(36270), sin_addr=inet_addr("10.5.30.76")}, [16], SOCK_CLOEXEC) = 14
394508 gettid()                         = 394508
394508 write(8, "PID = \n394057\n", 14) = 14
394147 clone(child_stack=0x7f52a0985fb0, flags=CLONE_VM|CLONE_FS|CLONE_FILES|CLONE_SIGHAND|CLONE_THREAD|CLONE_SYSVSEM|CLONE_SETTLS|CLONE_PARENT_SETTID|CLONE_CHILD_CLEARTID, parent_tid=[394509], tls=0x7f52a0986700, child_tidptr=0x7f52a09869d0) = 394509
394506 read(13, "U\r\r\n\0\0\0\0.\255_c`,\0\0\343\0\0\0\0\0\0\0\0\0\0\0\0\0\0\0"..., 11002) = 11001
394508 write(3, "INFO:werkzeug:PID = \n394057\n", 28) = 28
394509 gettid()                         = 394509
394506 read(13, "", 1)                  = 0
394508 write(8, "TID = \n394508\n", 14) = 14
394509 write(2, "{\"message\": \"\\nTrace_LOG_START:,"..., 500) = 500
394508 write(3, "INFO:werkzeug:TID = \n394508\n", 28) = 28
394508 write(8, "post_data_form = \nImmutableMulti"..., 41) = 41
394508 write(3, "INFO:werkzeug:post_data_form = \n"..., 55) = 55
394509 write(8, "LOG_START_wsgi ,TS=1715880508.53"..., 38) = 38
394509 write(3, "INFO:werkzeug:LOG_START_wsgi ,TS"..., 52) = 52
394508 write(8, "LOG_STOP_wsgi, TS=1715880508.531"..., 37) = 37
394508 write(3, "INFO:werkzeug:LOG_STOP_wsgi, TS="..., 51) = 51
394509 write(8, "headers = \nHost: 10.5.30.76:8001"..., 259) = 259
394509 write(3, "INFO:werkzeug:headers = \nHost: 1"..., 273) = 273
394509 gettid()                         = 394509
394509 write(8, "PID = \n394057\n", 14) = 14
394506 read(13, "U\r\r\n\0\0\0\0.\255_c\232\2\0\0\343\0\0\0\0\0\0\0\0\0\0\0\0\0\0\0"..., 889) = 888
394509 write(3, "INFO:werkzeug:PID = \n394057\n", 28 <unfinished ...>
394506 read(13,  <unfinished ...>
394509 <... write resumed>)             = 28
394506 <... read resumed>"", 1)         = 0
394509 write(8, "TID = \n394509\n", 14) = 14
394509 write(3, "INFO:werkzeug:TID = \n394509\n", 28) = 28
394509 write(8, "post_data_form = \nImmutableMulti"..., 41) = 41
394509 write(3, "INFO:werkzeug:post_data_form = \n"..., 55) = 55
394509 write(8, "LOG_STOP_wsgi, TS=1715880508.534"..., 37) = 37
394509 write(3, "INFO:werkzeug:LOG_STOP_wsgi, TS="..., 51) = 51
394506 read(13, "U\r\r\n\0\0\0\0.\255_ct\r\0\0\343\0\0\0\0\0\0\0\0\0\0\0\0\0\0\0"..., 3612) = 3611
394506 read(13, "", 1)                  = 0
394506 read(13, "U\r\r\n\0\0\0\0.\255_ck\1\0\0\343\0\0\0\0\0\0\0\0\0\0\0\0\0\0\0"..., 609) = 608
394506 read(13, "", 1)                  = 0
394506 connect(13, {sa_family=AF_INET, sin_port=htons(3306), sin_addr=inet_addr("127.0.0.1")}, 16) = -1 EINPROGRESS (Operation now in progress)
394507 connect(15, {sa_family=AF_INET, sin_port=htons(3306), sin_addr=inet_addr("127.0.0.1")}, 16) = -1 EINPROGRESS (Operation now in progress)
394508 connect(16, {sa_family=AF_INET, sin_port=htons(3306), sin_addr=inet_addr("127.0.0.1")}, 16) = -1 EINPROGRESS (Operation now in progress)
394509 connect(17, {sa_family=AF_INET, sin_port=htons(3306), sin_addr=inet_addr("127.0.0.1")}, 16) = -1 EINPROGRESS (Operation now in progress)
394508 read(18, "<?xml version='1.0' encoding=\"ut"..., 19475) = 19475
394508 sendto(16, " \0\0\1\215\252\277\31\0\0\0@!\0\0\0\0\0\0\0\0\0\0\0\0\0\0\0\0\0\0\0"..., 36, 0, NULL, 0 <unfinished ...>
394507 sendto(15, " \0\0\1\215\252\277\31\0\0\0@!\0\0\0\0\0\0\0\0\0\0\0\0\0\0\0\0\0\0\0"..., 36, 0, NULL, 0 <unfinished ...>
394506 sendto(13, " \0\0\1\215\252\277\31\0\0\0@!\0\0\0\0\0\0\0\0\0\0\0\0\0\0\0\0\0\0\0"..., 36, 0, NULL, 0 <unfinished ...>
394508 <... sendto resumed>)            = 36
394507 <... sendto resumed>)            = 36
394506 <... sendto resumed>)            = 36
394509 sendto(17, " \0\0\1\215\252\277\31\0\0\0@!\0\0\0\0\0\0\0\0\0\0\0\0\0\0\0\0\0\0\0"..., 36, 0, NULL, 0) = 36
394507 write(15, "\26\3\1\1=\1\0\19\3\3\305\243\335M\361\310\270]\324\240\232ymFo\334\26;\322\202$"..., 322 <unfinished ...>
394508 write(16, "\26\3\1\1=\1\0\19\3\3\260\274\316U1\375\330-\236K\22\20$m\326\315\206\21\267\265\317"..., 322 <unfinished ...>
394507 <... write resumed>)             = 322
394508 <... write resumed>)             = 322
394507 read(15,  <unfinished ...>
394508 read(16,  <unfinished ...>
394506 write(13, "\26\3\1\1=\1\0\19\3\3\17\260\230v=.\246\245\r\313\257\27\346\25s\207\324\273\355\234\320"..., 322) = 322
394506 read(13,  <unfinished ...>
394147 accept4(9, {sa_family=AF_INET, sin_port=htons(36282), sin_addr=inet_addr("10.5.30.76")}, [16], SOCK_CLOEXEC) = 18
394147 clone(child_stack=0x7f528bffefb0, flags=CLONE_VM|CLONE_FS|CLONE_FILES|CLONE_SIGHAND|CLONE_THREAD|CLONE_SYSVSEM|CLONE_SETTLS|CLONE_PARENT_SETTID|CLONE_CHILD_CLEARTID, parent_tid=[394510], tls=0x7f528bfff700, child_tidptr=0x7f528bfff9d0) = 394510
394509 write(17, "\26\3\1\1=\1\0\19\3\0036i\314h\35\336\\\214\377\5\23\362\313\223\226Z\317.\277\245\235"..., 322) = 322
394509 read(17,  <unfinished ...>
394510 gettid()                         = 394510
394508 <... read resumed>"\26\3\3\0\233", 5) = 5
394508 read(16, "\2\0\0\227\3\3\301T\n\300\0\275\333\203A\356\2\210\275\16H?\220\323z6F\364\177\232\303\223"..., 155) = 155
394508 read(16, "\24\3\3\0\1", 5)       = 5
394508 read(16, "\1", 1)                = 1
394506 <... read resumed>"\26\3\3\0\233", 5) = 5
394508 read(16,  <unfinished ...>
394506 read(13,  <unfinished ...>
394508 <... read resumed>"\27\3\3\0\27", 5) = 5
394506 <... read resumed>"\2\0\0\227\3\0037v3\310\227\376\302)'\205\241\326\235\227\230\f\277*\7\342\326$n\26\211\376"..., 155) = 155
394508 read(16, "w\226\330\2663?\241\3T\370\23\324\227!\271v\245`\262,Uft", 23) = 23
394508 read(16,  <unfinished ...>
394506 read(13,  <unfinished ...>
394508 <... read resumed>"\27\3\3\0>", 5) = 5
394507 <... read resumed>"\26\3\3\0\233", 5) = 5
394508 read(16,  <unfinished ...>
394506 <... read resumed>"\24\3\3\0\1", 5) = 5
394508 <... read resumed>"\215\v5\237\373U\317*'&\244\200\333\213lt1S\242\256u\205\275\343\31\312\352\321\377\331\31\264"..., 62) = 62
394507 read(15,  <unfinished ...>
394506 read(13,  <unfinished ...>
394508 read(16,  <unfinished ...>
394507 <... read resumed>"\2\0\0\227\3\3MyZ\252\224\t\233\321\362\220\330\250mI\34\277\317\210vY]\346\324\370\r\325"..., 155) = 155
394508 <... read resumed>"\27\3\3\68", 5) = 5
394506 <... read resumed>"\1", 1)       = 1
394508 read(16,  <unfinished ...>
394506 read(13,  <unfinished ...>
394508 <... read resumed>"F\306c\362\4\315>\211I!\374\356~>BzX;AD\177\345\274\224\317\261\347m\207~)\236"..., 1592) = 1592
394506 <... read resumed>"\27\3\3\0\27", 5) = 5
394506 read(13, "\374\370\313(6\364\373w\364\362\253Wu\n\232\217\225\307\232q}9a", 23) = 23
394507 read(15,  <unfinished ...>
394506 read(13,  <unfinished ...>
394507 <... read resumed>"\24\3\3\0\1", 5) = 5
394506 <... read resumed>"\27\3\3\0>", 5) = 5
394507 read(15,  <unfinished ...>
394506 read(13,  <unfinished ...>
394507 <... read resumed>"\1", 1)       = 1
394506 <... read resumed>",C\320\317\31\375\233\17\331\32\251\205)U\321R)DCR\nK\304iK\221$Z}K(,"..., 62) = 62
394507 read(15,  <unfinished ...>
394506 read(13,  <unfinished ...>
394507 <... read resumed>"\27\3\3\0\27", 5) = 5
394506 <... read resumed>"\27\3\3\68", 5) = 5
394508 read(16,  <unfinished ...>
394507 read(15,  <unfinished ...>
394508 <... read resumed>"\27\3\3\1\31", 5) = 5
394506 read(13,  <unfinished ...>
394508 read(16,  <unfinished ...>
394507 <... read resumed>"\353q\332\377/\276\366\215|\206\374\263@\260\326!\234\376\220!\250\321\37", 23) = 23
394508 <... read resumed>"`\277s>\2341\26\\_\231\t\340p\273\266\232\266\336\302\2470\0\271/C\244IP\320\231\364\325"..., 281) = 281
394506 <... read resumed>"y\nb\21\16\365\2619v\"\320\373\23\24\324S\262E\3045\237MV3|8\32\265\263f\251\352"..., 1592) = 1592
394507 read(15, "\27\3\3\0>", 5)        = 5
394507 read(15,  <unfinished ...>
394509 <... read resumed>"\26\3\3\0\233", 5) = 5
394509 read(17,  <unfinished ...>
394507 <... read resumed>"'\227\221\224\2728\206#}\23PAd|\373F\230MF\327\245u\232pz\304=I\217\359\344"..., 62) = 62
394508 read(16,  <unfinished ...>
394507 read(15, "\27\3\3\68", 5)        = 5
394509 <... read resumed>"\2\0\0\227\3\3\266\365\251\326:\257\360j\343\334.\272\234\354z\25\25b\37\230b\310!\204\4\335"..., 155) = 155
394508 <... read resumed>"\27\3\3\0E", 5) = 5
394507 read(15, "\273\320\202\365`\4T\201\16\351O\205\204\16\223\215\2\256\245\256\251+j\275U\213\270_\256<\t1"..., 1592) = 1592
394508 read(16, "\327\22>O\373\252;l\331\r\230\377\220IPR\206~\0/\0165~\377'm\253L\365\312\2474"..., 69) = 69
394509 read(17,  <unfinished ...>
394506 read(13, "\27\3\3\1\31", 5)      = 5
394509 <... read resumed>"\24\3\3\0\1", 5) = 5
394509 read(17,  <unfinished ...>
394506 read(13,  <unfinished ...>
394508 write(16, "\24\3\3\0\1\1\27\3\3\0\31\237\255V\205\17\347\325%H)\5g\212NP\373JX\6\233<"..., 110 <unfinished ...>
394509 <... read resumed>"\1", 1)       = 1
394507 read(15,  <unfinished ...>
394506 <... read resumed>"\3562`\373\327u'@Z\t\351\r\355\241\210\224O\246\263\34\247\2145M\221l\311/\32\276Q\321"..., 281) = 281
394508 <... write resumed>)             = 110
394507 <... read resumed>"\27\3\3\1\31", 5) = 5
394507 read(15,  <unfinished ...>
394508 write(16, "\27\3\3\0\316\21\266l\33\223q\376\20k\30\254\261h7)\320\234=\27/\31#\31\317\365&\245"..., 211 <unfinished ...>
394507 <... read resumed>"\376S\34\265\312\271%\363Er\342\236{\16\272\27\216\266\276\3\227HF\216C?\330!+\362p\342"..., 281) = 281
394506 read(13, "\27\3\3\0E", 5)        = 5
394508 <... write resumed>)             = 211
394509 read(17,  <unfinished ...>
394506 read(13,  <unfinished ...>
394508 read(16,  <unfinished ...>
394507 read(15,  <unfinished ...>
394506 <... read resumed>"\3132\374\212\317\335\35\272\3124\334Is\206h\3\5\203p\376\16\200\313h\2021\275\210\276,\267\231"..., 69) = 69
394509 <... read resumed>"\27\3\3\0\27", 5) = 5
394508 <... read resumed>"\27\3\3\0\372", 5) = 5
394507 <... read resumed>"\27\3\3\0E", 5) = 5
394509 read(17,  <unfinished ...>
394508 read(16,  <unfinished ...>
394509 <... read resumed>"\20OA\274\36\7:\274\200\301\255\335]\20\325;\264V!\345\79K", 23) = 23
394508 <... read resumed>"\212m\254/\303\253\331\340\341\317WvWN\266\0353\326\tb\212b\273V\303MP\227\256\215lw"..., 250) = 250
394507 read(15,  <unfinished ...>
394509 read(17,  <unfinished ...>
394508 read(16,  <unfinished ...>
394507 <... read resumed>"\334+%\335\3479*\201C\302[9\310\341\356pP\301\323\300\263\253\231\351X\2S\315\310B\3\340"..., 69) = 69
394506 write(13, "\24\3\3\0\1\1\27\3\3\0\31l\237\10m\276\205p\233U\237\215n0\350Xc/\263t\177\224"..., 110 <unfinished ...>
394507 write(15, "\24\3\3\0\1\1\27\3\3\0\31\227\345\341\350\322J\263\360\2175+%/]qE\23dNc\234"..., 110 <unfinished ...>
394506 <... write resumed>)             = 110
394507 <... write resumed>)             = 110
394506 write(13, "\27\3\3\0\316\32\341\17Nmf5\22F\345\275\265=\250\225\237\324\212\230O\10HA\310\344\30\17"..., 211 <unfinished ...>
394507 write(15, "\27\3\3\0\316O\241j=\264!\303|F\205\243\301\0SH\320\257]\353g\351\353W\257\3737X"..., 211 <unfinished ...>
394506 <... write resumed>)             = 211
394507 <... write resumed>)             = 211
394506 read(13,  <unfinished ...>
394509 <... read resumed>"\27\3\3\0>", 5) = 5
394508 <... read resumed>"\27\3\3\0\372", 5) = 5
394507 read(15,  <unfinished ...>
394509 read(17,  <unfinished ...>
394508 read(16,  <unfinished ...>
394506 <... read resumed>"\27\3\3\0\372", 5) = 5
394509 <... read resumed>"D\226\231\354\223U\273%/\324s\302M\254\344'i\346`\207t\360=\232\333\326\277\265Q\317\37\27"..., 62) = 62
394508 <... read resumed>"\16\255\343T\21\321\35\212\236\270\366\217\v\4\255\252\34\340}\361J?\220\340~\3\f/\316\274\327\361"..., 250) = 250
394506 read(13,  <unfinished ...>
394509 read(17,  <unfinished ...>
394508 read(16,  <unfinished ...>
394509 <... read resumed>"\27\3\3\68", 5) = 5
394507 <... read resumed>"\27\3\3\0\372", 5) = 5
394506 <... read resumed>"\3\n\256vU?\360\303\204\320\323Z\246\16\223\263\232Q\37d\35:\303\364c\36\374*\366z\332\206"..., 250) = 250
394509 read(17,  <unfinished ...>
394508 <... read resumed>"\27\3\3\0A", 5) = 5
394507 read(15,  <unfinished ...>
394506 read(13,  <unfinished ...>
394509 <... read resumed>"?\245,\n)\211>\215\333\352\313\360=\16\236G\300Jp`\230N\2717\376\264\22\206\5=\205V"..., 1592) = 1592
394508 read(16,  <unfinished ...>
394507 <... read resumed>"\202h\241\344\313\244\331<\273W,\320U'g\255\312\37\333\\S4\256\251\341\362\273y\2#\211\370"..., 250) = 250
394506 <... read resumed>"\27\3\3\0\372", 5) = 5
394507 read(15,  <unfinished ...>
394506 read(13,  <unfinished ...>
394508 <... read resumed>"\26\254I\345;EY\2\233\341'%7Fa9s\346\246\3\225\364@\365n\211\33\23\271\377o\323"..., 65) = 65
394507 <... read resumed>"\27\3\3\0\372", 5) = 5
394506 <... read resumed>"F+T\252KD\320'6D\320\352u@\f\6\344\370\344f\366\331.\321o\226\37V\273OA&"..., 250) = 250
394507 read(15,  <unfinished ...>
394506 read(13,  <unfinished ...>
394507 <... read resumed>"\260aP\233\202\333\203Xe\356f{l&7/\347}\330\205^\5d\204\39\253\335\376\364\327\6"..., 250) = 250
394508 write(16, "\27\3\3\0)8\267\203\226\5\310\23&\2\224\300\333h\3021\212\363G\223\0M\271\275\203\16c\6"..., 46 <unfinished ...>
394507 read(15,  <unfinished ...>
394506 <... read resumed>"\27\3\3\0A", 5) = 5
394508 <... write resumed>)             = 46
394507 <... read resumed>"\27\3\3\0A", 5) = 5
394508 read(16,  <unfinished ...>
394506 read(13,  <unfinished ...>
394507 read(15, "\202\335VgH\5j\332\316\363p\252\366\350\235V\276T?\305fy\306$\240Q\332\345;\36\300\345"..., 65) = 65
394506 <... read resumed>"\267\207\262\343\271\340\315\317f$\264\nO\233\351vk\230ut^\255\7\f\201\227\356\3353<\301\241"..., 65) = 65
394507 write(15, "\27\3\3\0)\7d}\304\251\221\344\7c\330v\3{\350\352lh\2403QS\313\262(w\20\272"..., 46 <unfinished ...>
394506 write(13, "\27\3\3\0)\266\234Pw\272\v\266(\353\211C\260\362\221\203_\255\211F\252\274\277]0\366(}"..., 46 <unfinished ...>
394507 <... write resumed>)             = 46
394507 read(15,  <unfinished ...>
394506 <... write resumed>)             = 46
394508 <... read resumed>"\27\3\3\0(", 5) = 5
394506 read(13,  <unfinished ...>
394508 read(16,  <unfinished ...>
394509 read(17,  <unfinished ...>
394508 <... read resumed>"u)-\241t\6\17\267H\6e\326\313\r\277$\370w)\331r\n\307\265\36\246b1)\207\216\213"..., 40) = 40
394509 <... read resumed>"\27\3\3\1\31", 5) = 5
394509 read(17, "\276\304\226\207k\241\254u_\247]u\345\255\32I\354\270\364zbO\270\251\f\343\5\2744\377Z?"..., 281) = 281
394506 <... read resumed>"\27\3\3\0(", 5) = 5
394507 <... read resumed>"\27\3\3\0(", 5) = 5
394506 read(13,  <unfinished ...>
394507 read(15,  <unfinished ...>
394509 read(17,  <unfinished ...>
394507 <... read resumed>"v\333\356\361\367\314\37\331p}_\326g6\210\5\333\363\354\16\32,i\23\20\202\234\332\251\235o\337"..., 40) = 40
394509 <... read resumed>"\27\3\3\0E", 5) = 5
394506 <... read resumed>"\243Y\33\0307\215\263\3412\322\331\353\230\367\24\34oE\0034\334\356\370\311\254\257^\341\370~\316@"..., 40) = 40
394509 read(17, "\240\253Xd\263\\#\364\366\256\33\312\376B\34\202dZ\356y\260\217\24[\3041\313\353\205\22\264\214"..., 69) = 69
394509 write(17, "\24\3\3\0\1\1\27\3\3\0\31\346\347,\310\316\313\301WL<XkJR\35\242\373\366k8\324"..., 110) = 110
394509 write(17, "\27\3\3\0\316\210\315\344B\216j\300\333L[\317--\371\215\372\300\301\26\365\1p\275\263\\\215\275"..., 211) = 211
394509 read(17, "\27\3\3\0\372", 5)     = 5
394509 read(17, "\351\346\17\367\302\306\244\336\327Dn\324\252\v\240\200\260_\363I\16\2\232\321\21\204\23\254\220\315\260$"..., 250) = 250
394509 read(17, "\27\3\3\0\372", 5)     = 5
394509 read(17, "\32<\33 \n}\371\17}\241\305\235\316\177E&\2553/\\\7\305i\371 \252_O\35?<\253"..., 250) = 250
394509 read(17, "\27\3\3\0A", 5)        = 5
394509 read(17, "\373\345\271\224\17\200oQx3\20\206k\303\344\3466\353\26\32y\7uV\177C]Y\fA\270\331"..., 65) = 65
394509 write(17, "\27\3\3\0)\360/\243\222A\221=\327=\27$e\350\26^\t\r\374:\231\26\314`\267\325QM"..., 46) = 46
394509 read(17, "\27\3\3\0(", 5)        = 5
394509 read(17, "\266O\27\17\274i\251\364\305\17p\204\213\244\240\0\315\351\32o\242^\26L\335\374=aPR\367\226"..., 40) = 40
394510 write(2, "{\"message\": \"\\nTrace_LOG_START:,"..., 500) = 500
394147 accept4(9, {sa_family=AF_INET, sin_port=htons(36296), sin_addr=inet_addr("10.5.30.76")}, [16], SOCK_CLOEXEC) = 19
394508 write(16, "\27\3\3\0&\4\352\375\2\255;\257\v\221\261}\342%H\275\223'\216\6\232\37{\267\222\0006\255"..., 43) = 43
394508 read(16,  <unfinished ...>
394507 write(15, "\27\3\3\0&\16\326\314^\3\17\215u\245 P\355]\314\261\327\371\30\207/s\211N\360\206\300\30"..., 43) = 43
394507 read(15,  <unfinished ...>
394508 <... read resumed>"\27\3\3\0\200", 5) = 5
394506 write(13, "\27\3\3\0&\177'\324\337\335lbb\316\374\7DL$P\324J\225\240\343<>*\320[\342x"..., 43 <unfinished ...>
394508 read(16,  <unfinished ...>
394506 <... write resumed>)             = 43
394508 <... read resumed>"\325\307\3536\345\221\225\326`\302\263K\324\30{\226\226\360\211;\362U\354\27\337\304\324\345z|5\375"..., 128) = 128
394506 read(13,  <unfinished ...>
394507 <... read resumed>"\27\3\3\0\200", 5) = 5
394507 read(15, "g\310w\230\310e5\303\352\211\221\234\20\1\22o3\262\362wy\313cFY\16\372\24\t\320\f\26"..., 128) = 128
394506 <... read resumed>"\27\3\3\0\200", 5) = 5
394509 write(17, "\27\3\3\0&\230\330PN\273[\22m\227\311/)\226\355=\373\21\237y\17<\302\310LR\311\255"..., 43 <unfinished ...>
394506 read(13,  <unfinished ...>
394509 <... write resumed>)             = 43
394506 <... read resumed>"\246\257\241\3342\246\364\361\340\351\37\tP\225.\2654\266\225\261vRr~\314\354\234<\270\247\313\235"..., 128) = 128
394509 read(17, "\27\3\3\0\200", 5)     = 5
394508 write(16, "\27\3\3\0(E`\35\31u\247\346$j\355p\2376h\361\32\177\243g\3<-\343q\251U\275"..., 45 <unfinished ...>
394509 read(17,  <unfinished ...>
394508 <... write resumed>)             = 45
394509 <... read resumed>"QZ\276\3775w\10\341\310w*~\257lg\270w\216\243\220>\315:\315\255\313V\224k\33\\_"..., 128) = 128
394508 read(16, "\27\3\3\0/", 5)        = 5
394508 read(16, "\367\365+\227\372K\236\302\32\236\367S\205.\336\264\2530\273\n\373#\270\222z\226\36\"W\326'\320"..., 47) = 47
394147 clone(child_stack=0x7f528b7fdfb0, flags=CLONE_VM|CLONE_FS|CLONE_FILES|CLONE_SIGHAND|CLONE_THREAD|CLONE_SYSVSEM|CLONE_SETTLS|CLONE_PARENT_SETTID|CLONE_CHILD_CLEARTID, parent_tid=[394511], tls=0x7f528b7fe700, child_tidptr=0x7f528b7fe9d0) = 394511
394507 write(15, "\27\3\3\0(\277P=\203\273x\231\0$$t\177\205\364Dw{v%\277\33_\230\215\271\24\22"..., 45) = 45
394507 read(15, "\27\3\3\0/", 5)        = 5
394510 write(8, "LOG_START_wsgi ,TS=1715880508.54"..., 38 <unfinished ...>
394507 read(15,  <unfinished ...>
394510 <... write resumed>)             = 38
394507 <... read resumed>"\236u\370sW;\307\230\230o+\10k7O\342\350D/\"t_\343C\7?E,\nb\242\300"..., 47) = 47
394506 write(13, "\27\3\3\0(\207\273\205N\7\267~\350$N\366\22\332\225\336\223\204O\364K\325\16\321\177k\201_"..., 45) = 45
394509 write(17, "\27\3\3\0(6\240\240-\204z\357\340!\243N\300\264\n\345\6SQ\356\1\262\252\2779o\206\334"..., 45 <unfinished ...>
394506 read(13,  <unfinished ...>
394509 <... write resumed>)             = 45
394506 <... read resumed>"\27\3\3\0/", 5) = 5
394509 read(17, "\27\3\3\0/", 5)        = 5
394506 read(13,  <unfinished ...>
394509 read(17, "\2351\377\306H\1\340\2279m\371\301\350\324D\352\223\252\341/\373\272\376\337\16\f\3009d\357'\337"..., 47) = 47
394506 <... read resumed>"\372d5\24\17\200/ZE\37#|\203\267\256\232\35TS\241\4\236\372d\262\324L\247\271\316\327^"..., 47) = 47
394508 write(16, "\27\3\3\0F\267\321\4\231\344=\227\276\365qM\374\266\370\262(\340\312\371Q\210\252\306\t\363\21\312"..., 75) = 75
394508 read(16,  <unfinished ...>
394511 gettid()                         = 394511
394510 write(3, "INFO:werkzeug:LOG_START_wsgi ,TS"..., 52) = 52
394506 write(13, "\27\3\3\0F\202~!p{\376w\2\331\224^o\250\256^b\302\225\363\220\312\306p}m\343S"..., 75) = 75
394506 read(13,  <unfinished ...>
394511 write(2, "{\"message\": \"\\nTrace_LOG_START:,"..., 500) = 500
394510 write(8, "headers = \nHost: 10.5.30.76:8001"..., 259) = 259
394509 write(17, "\27\3\3\0F\246-\253E%UK\364'qG\\eX\277\363*\2422\267\272+'-G\303\22"..., 75) = 75
394509 read(17,  <unfinished ...>
394507 write(15, "\27\3\3\0F;\215o\32\270\264\323\220{f\360\224PI\220w\v\377\365X\355\347Q*\3501Z"..., 75) = 75
394507 read(15,  <unfinished ...>
394510 write(3, "INFO:werkzeug:headers = \nHost: 1"..., 273) = 273
394511 write(8, "LOG_START_wsgi ,TS=1715880508.54"..., 38) = 38
394147 accept4(9, {sa_family=AF_INET, sin_port=htons(36298), sin_addr=inet_addr("10.5.30.76")}, [16], SOCK_CLOEXEC) = 20
394510 gettid()                         = 394510
394147 clone(child_stack=0x7f528affcfb0, flags=CLONE_VM|CLONE_FS|CLONE_FILES|CLONE_SIGHAND|CLONE_THREAD|CLONE_SYSVSEM|CLONE_SETTLS|CLONE_PARENT_SETTID|CLONE_CHILD_CLEARTID, parent_tid=[394512], tls=0x7f528affd700, child_tidptr=0x7f528affd9d0) = 394512
394511 write(3, "INFO:werkzeug:LOG_START_wsgi ,TS"..., 52 <unfinished ...>
394510 write(8, "PID = \n394057\n", 14 <unfinished ...>
394511 <... write resumed>)             = 52
394512 read(21,  <unfinished ...>
394510 <... write resumed>)             = 14
394512 <... read resumed>"0-23\n", 8192) = 5
394510 write(3, "INFO:werkzeug:PID = \n394057\n", 28) = 28
394511 write(8, "headers = \nHost: 10.5.30.76:8001"..., 259 <unfinished ...>
394512 gettid( <unfinished ...>
394511 <... write resumed>)             = 259
394512 <... gettid resumed>)            = 394512
394510 write(8, "TID = \n394510\n", 14) = 14
394512 write(2, "{\"message\": \"\\nTrace_LOG_START:,"..., 499) = 499
394511 write(3, "INFO:werkzeug:headers = \nHost: 1"..., 273) = 273
394147 accept4(9, {sa_family=AF_INET, sin_port=htons(36308), sin_addr=inet_addr("10.5.30.76")}, [16], SOCK_CLOEXEC) = 21
394511 gettid()                         = 394511
394511 write(8, "PID = \n394057\n", 14) = 14
394147 clone(child_stack=0x7f528a7fbfb0, flags=CLONE_VM|CLONE_FS|CLONE_FILES|CLONE_SIGHAND|CLONE_THREAD|CLONE_SYSVSEM|CLONE_SETTLS|CLONE_PARENT_SETTID|CLONE_CHILD_CLEARTID, parent_tid=[394513], tls=0x7f528a7fc700, child_tidptr=0x7f528a7fc9d0) = 394513
394510 write(3, "INFO:werkzeug:TID = \n394510\n", 28) = 28
394512 write(8, "LOG_START_wsgi ,TS=1715880508.54"..., 37) = 37
394513 gettid()                         = 394513
394511 write(3, "INFO:werkzeug:PID = \n394057\n", 28) = 28
394513 write(2, "{\"message\": \"\\nTrace_LOG_START:,"..., 500) = 500
394510 write(8, "post_data_form = \nImmutableMulti"..., 41) = 41
394147 accept4(9, {sa_family=AF_INET, sin_port=htons(36324), sin_addr=inet_addr("10.5.30.76")}, [16], SOCK_CLOEXEC) = 22
394512 write(3, "INFO:werkzeug:LOG_START_wsgi ,TS"..., 51) = 51
394147 clone(child_stack=0x7f5289ffafb0, flags=CLONE_VM|CLONE_FS|CLONE_FILES|CLONE_SIGHAND|CLONE_THREAD|CLONE_SYSVSEM|CLONE_SETTLS|CLONE_PARENT_SETTID|CLONE_CHILD_CLEARTID, parent_tid=[394514], tls=0x7f5289ffb700, child_tidptr=0x7f5289ffb9d0) = 394514
394511 write(8, "TID = \n394511\n", 14) = 14
394510 write(3, "INFO:werkzeug:post_data_form = \n"..., 55) = 55
394514 gettid()                         = 394514
394513 write(8, "LOG_START_wsgi ,TS=1715880508.55"..., 38) = 38
394511 write(3, "INFO:werkzeug:TID = \n394511\n", 28) = 28
394514 write(2, "{\"message\": \"\\nTrace_LOG_START:,"..., 499) = 499
394147 accept4(9, {sa_family=AF_INET, sin_port=htons(36330), sin_addr=inet_addr("10.5.30.76")}, [16], SOCK_CLOEXEC) = 23
394512 write(8, "headers = \nHost: 10.5.30.76:8001"..., 259) = 259
394513 write(3, "INFO:werkzeug:LOG_START_wsgi ,TS"..., 52) = 52
394147 clone(child_stack=0x7f52897f9fb0, flags=CLONE_VM|CLONE_FS|CLONE_FILES|CLONE_SIGHAND|CLONE_THREAD|CLONE_SYSVSEM|CLONE_SETTLS|CLONE_PARENT_SETTID|CLONE_CHILD_CLEARTID, parent_tid=[394515], tls=0x7f52897fa700, child_tidptr=0x7f52897fa9d0) = 394515
394512 write(3, "INFO:werkzeug:headers = \nHost: 1"..., 273) = 273
394510 write(8, "LOG_STOP_wsgi, TS=1715880508.544"..., 37 <unfinished ...>
394515 gettid( <unfinished ...>
394510 <... write resumed>)             = 37
394515 <... gettid resumed>)            = 394515
394512 gettid()                         = 394512
394510 write(3, "INFO:werkzeug:LOG_STOP_wsgi, TS="..., 51) = 51
394515 write(2, "{\"message\": \"\\nTrace_LOG_START:,"..., 500) = 500
394511 write(8, "post_data_form = \nImmutableMulti"..., 41) = 41
394510 connect(24, {sa_family=AF_INET, sin_port=htons(3306), sin_addr=inet_addr("127.0.0.1")}, 16) = -1 EINPROGRESS (Operation now in progress)
394511 write(3, "INFO:werkzeug:post_data_form = \n"..., 55) = 55
394514 write(8, "LOG_START_wsgi ,TS=1715880508.55"..., 37) = 37
394510 sendto(24, " \0\0\1\215\252\277\31\0\0\0@!\0\0\0\0\0\0\0\0\0\0\0\0\0\0\0\0\0\0\0"..., 36, 0, NULL, 0) = 36
394514 write(3, "INFO:werkzeug:LOG_START_wsgi ,TS"..., 51) = 51
394511 write(8, "LOG_STOP_wsgi, TS=1715880508.547"..., 37) = 37
394511 write(3, "INFO:werkzeug:LOG_STOP_wsgi, TS="..., 51 <unfinished ...>
394512 write(8, "PID = \n394057\n", 14 <unfinished ...>
394511 <... write resumed>)             = 51
394512 <... write resumed>)             = 14
394512 write(3, "INFO:werkzeug:PID = \n394057\n", 28) = 28
394511 connect(25, {sa_family=AF_INET, sin_port=htons(3306), sin_addr=inet_addr("127.0.0.1")}, 16) = -1 EINPROGRESS (Operation now in progress)
394515 write(8, "LOG_START_wsgi ,TS=1715880508.55"..., 38 <unfinished ...>
394511 sendto(25, " \0\0\1\215\252\277\31\0\0\0@!\0\0\0\0\0\0\0\0\0\0\0\0\0\0\0\0\0\0\0"..., 36, 0, NULL, 0 <unfinished ...>
394515 <... write resumed>)             = 38
394511 <... sendto resumed>)            = 36
394510 write(24, "\26\3\1\1=\1\0\19\3\3\377\252\211\264\243~\325\334\226\fU\221.).\363\3719\213G|"..., 322) = 322
394510 read(24,  <unfinished ...>
394515 write(3, "INFO:werkzeug:LOG_START_wsgi ,TS"..., 52 <unfinished ...>
394513 write(8, "headers = \nHost: 10.5.30.76:8001"..., 259 <unfinished ...>
394515 <... write resumed>)             = 52
394513 <... write resumed>)             = 259
394511 write(25, "\26\3\1\1=\1\0\19\3\3\357\224/b\330\2605T\376\341\247M\226\234}\6\336k\302\4\377"..., 322) = 322
394511 read(25,  <unfinished ...>
394513 write(3, "INFO:werkzeug:headers = \nHost: 1"..., 273) = 273
394514 write(8, "headers = \nHost: 10.5.30.76:8001"..., 259) = 259
394513 gettid()                         = 394513
394514 write(3, "INFO:werkzeug:headers = \nHost: 1"..., 273) = 273
394513 write(8, "PID = \n394057\n", 14) = 14
394514 gettid()                         = 394514
394513 write(3, "INFO:werkzeug:PID = \n394057\n", 28 <unfinished ...>
394515 write(8, "headers = \nHost: 10.5.30.76:8001"..., 259 <unfinished ...>
394513 <... write resumed>)             = 28
394515 <... write resumed>)             = 259
394510 <... read resumed>"\26\3\3\0\233", 5) = 5
394510 read(24,  <unfinished ...>
394515 write(3, "INFO:werkzeug:headers = \nHost: 1"..., 273 <unfinished ...>
394510 <... read resumed>"\2\0\0\227\3\3\345\21302\376P\334v\325\\\27\215V\260W\5\235\342\216\271\360 ].\31\212"..., 155) = 155
394515 <... write resumed>)             = 273
394512 write(8, "TID = \n394512\n", 14) = 14
394510 read(24,  <unfinished ...>
394515 gettid( <unfinished ...>
394510 <... read resumed>"\24\3\3\0\1", 5) = 5
394515 <... gettid resumed>)            = 394515
394510 read(24, "\1", 1)                = 1
394510 read(24, "\27\3\3\0\27", 5)      = 5
394510 read(24, "\214\355%|h\34R\271\365u\345\250Xg\5.\226@\333\26v\323\327", 23) = 23
394510 read(24, "\27\3\3\0>", 5)        = 5
394510 read(24, "\376\346A\210\253\225\201\320R\227v\315J\32s\232!x\31\16G\203[\216\34j\243\r\221\215+\347"..., 62) = 62
394510 read(24, "\27\3\3\68", 5)        = 5
394510 read(24, "\212\255\34\277\7\25\317\3148V\375@mg\236H\374\205\371\177H<\223)\t\213\333\307z\211]\274"..., 1592) = 1592
394512 write(3, "INFO:werkzeug:TID = \n394512\n", 28) = 28
394514 write(8, "PID = \n394057\n", 14) = 14
394510 read(24, "\27\3\3\1\31", 5)      = 5
394510 read(24, "t\rm\313%\34A\375\203\236\254\21\325\207Zu?SM%\215\3475:\373B\341\33\36\341\5\264"..., 281) = 281
394510 read(24, "\27\3\3\0E", 5)        = 5
394514 write(3, "INFO:werkzeug:PID = \n394057\n", 28 <unfinished ...>
394510 read(24,  <unfinished ...>
394514 <... write resumed>)             = 28
394510 <... read resumed>"\260\200\344\21\0347$v\220gKI2\250\203\4\23\257\304k\nh\275\35\242M\366^\272\300\336\346"..., 69) = 69
394511 <... read resumed>"\26\3\3\0\233", 5) = 5
394512 write(8, "post_data_form = \nImmutableMulti"..., 41 <unfinished ...>
394511 read(25,  <unfinished ...>
394510 write(24, "\24\3\3\0\1\1\27\3\3\0\31\334]+WX\376\22J\220\306pD[i\266r\301\344\243*\212"..., 110 <unfinished ...>
394512 <... write resumed>)             = 41
394511 <... read resumed>"\2\0\0\227\3\3\331\253\277H\374l\372\356\262O=F{\276\244c\1.\303${\26\260~\301\351"..., 155) = 155
394510 <... write resumed>)             = 110
394511 read(25,  <unfinished ...>
394510 write(24, "\27\3\3\0\316bE\314\311@\340\331\274\233\203\313e\363\27\26\263\277\264o\267]i:wR\263\350"..., 211 <unfinished ...>
394511 <... read resumed>"\24\3\3\0\1", 5) = 5
394510 <... write resumed>)             = 211
394511 read(25,  <unfinished ...>
394512 write(3, "INFO:werkzeug:post_data_form = \n"..., 55 <unfinished ...>
394510 read(24,  <unfinished ...>
394514 write(8, "TID = \n394514\n", 14 <unfinished ...>
394511 <... read resumed>"\1", 1)       = 1
394514 <... write resumed>)             = 14
394512 <... write resumed>)             = 55
394510 <... read resumed>"\27\3\3\0\372", 5) = 5
394511 read(25,  <unfinished ...>
394510 read(24,  <unfinished ...>
394511 <... read resumed>"\27\3\3\0\27", 5) = 5
394510 <... read resumed>"\354@\340\314\315\202\231\324\345+>\214\235H@\220S\304\216&\206i#F)tw\325}Z\273*"..., 250) = 250
394511 read(25,  <unfinished ...>
394510 read(24,  <unfinished ...>
394511 <... read resumed>"\334]\230\360`\312\334\ve\314\250H\312\1\243\341m\244\330E\211:\23", 23) = 23
394510 <... read resumed>"\27\3\3\0\372", 5) = 5
394511 read(25,  <unfinished ...>
394510 read(24,  <unfinished ...>
394511 <... read resumed>"\27\3\3\0>", 5) = 5
394510 <... read resumed>"H\322\207I\252d\366\207.\\\221\223\225Y{\222\2]\267\230'\227,\267\241\246\16q\ft.\202"..., 250) = 250
394511 read(25,  <unfinished ...>
394510 read(24,  <unfinished ...>
394511 <... read resumed>"\232\34\5a;yBA\321\251fC\305\337A\367\345z\244\37\355\310\327VU\234\314g\312\363\237\240"..., 62) = 62
394510 <... read resumed>"\27\3\3\0A", 5) = 5
394511 read(25,  <unfinished ...>
394510 read(24,  <unfinished ...>
394511 <... read resumed>"\27\3\3\68", 5) = 5
394510 <... read resumed>"\357\0\37c+\376u\371\217\300C\341I\314\213\273\373\206|\250\230\204\221\316\0215\272\247B'\253\251"..., 65) = 65
394511 read(25,  <unfinished ...>
394510 write(24, "\27\3\3\0)\214\277d\32,\221\263\300ipCU\2700rR`\302)\215B\370\354\327\374\221\207"..., 46 <unfinished ...>
394511 <... read resumed>"\t\244\334zy\30?\260\316D\34\225\35\366R\223\323\206\2378\252?\177\323\251UyD\346\370(\361"..., 1592) = 1592
394510 <... write resumed>)             = 46
394513 write(8, "TID = \n394513\n", 14 <unfinished ...>
394510 read(24,  <unfinished ...>
394513 <... write resumed>)             = 14
394514 write(3, "INFO:werkzeug:TID = \n394514\n", 28) = 28
394511 read(25,  <unfinished ...>
394510 <... read resumed>"\27\3\3\0(", 5) = 5
394511 <... read resumed>"\27\3\3\1\31", 5) = 5
394510 read(24,  <unfinished ...>
394511 read(25,  <unfinished ...>
394510 <... read resumed>"\217\345\234\217V\342\37\r\331\314e\263>\30\326Q\310\3077l7\2\3716\334qVG>C\v\253"..., 40) = 40
394511 <... read resumed>"\274\300\337\363\376i\21049&4\267\2Z\253\362@\224IA\236>\202\325\316\340\6\206\351NxS"..., 281) = 281
394511 read(25, "\27\3\3\0E", 5)        = 5
394511 read(25, "|.a\"e\236\331Z\254\212=\32\341\322\fV\232\324\220,\37\" \236\24\211\276\260.\31V\300"..., 69) = 69
394511 write(25, "\24\3\3\0\1\1\27\3\3\0\31\273\1\305A\362\344\3114\31B\217m\317:WH\266P\34[\277"..., 110) = 110
394510 write(24, "\27\3\3\0&\231\224\317?\263-)\6\334%\25\351\203\2217`\305\1\371Z\356\360\32\345Y\26\335"..., 43 <unfinished ...>
394511 write(25, "\27\3\3\0\316o\321\\\32x[\262S\233u\34008\341\5\335t\215\312\22\36\203\363\241\200\313#"..., 211 <unfinished ...>
394510 <... write resumed>)             = 43
394511 <... write resumed>)             = 211
394510 read(24,  <unfinished ...>
394511 read(25, "\27\3\3\0\372", 5)     = 5
394510 <... read resumed>"\27\3\3\0\200", 5) = 5
394515 write(8, "PID = \n394057\n", 14 <unfinished ...>
394511 read(25,  <unfinished ...>
394510 read(24,  <unfinished ...>
394511 <... read resumed>"\235}\254\276\346\1\5\263;\201]\363\210\343{\273\202.\316H\203\247\3758\16`[\254\226d@\0"..., 250) = 250
394510 <... read resumed>"\271p\3150\256\24\16*\201a\310\373\201e\366^\0312\rs\347\302I_V\241\177a\217W\327?"..., 128) = 128
394513 write(3, "INFO:werkzeug:TID = \n394513\n", 28 <unfinished ...>
394511 read(25,  <unfinished ...>
394513 <... write resumed>)             = 28
394510 write(24, "\27\3\3\0(S\272\321\21 L\366zrc~F\353c\215\177\227\375\363\376T\22$8\0I\337"..., 45 <unfinished ...>
394511 <... read resumed>"\27\3\3\0\372", 5) = 5
394510 <... write resumed>)             = 45
394515 <... write resumed>)             = 14
394511 read(25,  <unfinished ...>
394510 read(24,  <unfinished ...>
394511 <... read resumed>">\214r\376\330b#\344\210iN\6\251\23\232]G\255\205\264\214I\334\276\304Z\271K\3\rG\276"..., 250) = 250
394510 <... read resumed>"\27\3\3\0/", 5) = 5
394511 read(25,  <unfinished ...>
394510 read(24,  <unfinished ...>
394511 <... read resumed>"\27\3\3\0A", 5) = 5
394510 <... read resumed>"\273I\221y\317V\314\10K\361\37\326F.\332\245\217%\200\223\261\246VS4+\375\332\2267\3\275"..., 47) = 47
394511 read(25, "\226\361\336.P\275\342B\261%}\254\325 [\30c\257\305'^\0\351\356v\251\23\370y\342iU"..., 65) = 65
394511 write(25, "\27\3\3\0)6\27{\25\300\366\355\255\23W\223\35\210\26\344\301A\364\32\253\214?I\205G\335&"..., 46) = 46
394511 read(25,  <unfinished ...>
394515 write(3, "INFO:werkzeug:PID = \n394057\n", 28) = 28
394512 write(8, "LOG_STOP_wsgi, TS=1715880508.549"..., 36 <unfinished ...>
394511 <... read resumed>"\27\3\3\0(", 5) = 5
394512 <... write resumed>)             = 36
394511 read(25, "\36k\201\363\350\215\261X\0227\341\n\302\224\333C|\217\310\26\37Q:\241\6\355\26\242\266\270\31\327"..., 40) = 40
394511 write(25, "\27\3\3\0&0/\245\vO(|\340]O=t\\\236s\201\226\250}2l\30\261\235\366\236\22"..., 43) = 43
394511 read(25, "\27\3\3\0\200", 5)     = 5
394511 read(25, "{M\3468J?\324\260\214Q\224\267^\202\33)\247X-?\264\263e\242\336\3060p\362\364,P"..., 128) = 128
394510 write(24, "\27\3\3\0F9\340\367\336\216\f\275\303\347y1\24\232DBq\321\274\204\276\235 Mmdy\7"..., 75) = 75
394510 read(24,  <unfinished ...>
394512 write(3, "INFO:werkzeug:LOG_STOP_wsgi, TS="..., 50) = 50
394511 write(25, "\27\3\3\0('\222\300\375F\325\327\333b2#E\200\240-j\216\204\200$\22\370MCX8`"..., 45) = 45
394511 read(25,  <unfinished ...>
394514 write(8, "post_data_form = \nImmutableMulti"..., 41) = 41
394511 <... read resumed>"\27\3\3\0/", 5) = 5
394511 read(25,  <unfinished ...>
394514 write(3, "INFO:werkzeug:post_data_form = \n"..., 55 <unfinished ...>
394513 write(8, "post_data_form = \nImmutableMulti"..., 41 <unfinished ...>
394514 <... write resumed>)             = 55
394511 <... read resumed>"\27\2430\240\2360M\221\200W\213h<\343\233\371\255\302\234$\326T\200X\201\216$\0105\272\316\251"..., 47) = 47
394513 <... write resumed>)             = 41
394512 connect(26, {sa_family=AF_INET, sin_port=htons(3306), sin_addr=inet_addr("127.0.0.1")}, 16) = -1 EINPROGRESS (Operation now in progress)
394512 sendto(26, " \0\0\1\215\252\277\31\0\0\0@!\0\0\0\0\0\0\0\0\0\0\0\0\0\0\0\0\0\0\0"..., 36, 0, NULL, 0 <unfinished ...>
394513 write(3, "INFO:werkzeug:post_data_form = \n"..., 55 <unfinished ...>
394512 <... sendto resumed>)            = 36
394513 <... write resumed>)             = 55
394511 write(25, "\27\3\3\0F\366^\225%.\325(K\242wXUp\23\177\277\r\3564e\364\333\371\238,\374"..., 75) = 75
394511 read(25,  <unfinished ...>
394515 write(8, "TID = \n394515\n", 14) = 14
394515 write(3, "INFO:werkzeug:TID = \n394515\n", 28 <unfinished ...>
394514 write(8, "LOG_STOP_wsgi, TS=1715880508.553"..., 36) = 36
394515 <... write resumed>)             = 28
394513 write(8, "LOG_STOP_wsgi, TS=1715880508.551"..., 37) = 37
394512 write(26, "\26\3\1\1=\1\0\19\3\3\24e#>\311R\300\374?\336\344\225\277\230]\6\334\337P\374\246"..., 322) = 322
394512 read(26,  <unfinished ...>
394515 write(8, "post_data_form = \nImmutableMulti"..., 41) = 41
394514 write(3, "INFO:werkzeug:LOG_STOP_wsgi, TS="..., 50) = 50
394513 write(3, "INFO:werkzeug:LOG_STOP_wsgi, TS="..., 51) = 51
394514 connect(27, {sa_family=AF_INET, sin_port=htons(3306), sin_addr=inet_addr("127.0.0.1")}, 16 <unfinished ...>
394515 write(3, "INFO:werkzeug:post_data_form = \n"..., 55 <unfinished ...>
394514 <... connect resumed>)           = -1 EINPROGRESS (Operation now in progress)
394515 <... write resumed>)             = 55
394513 connect(28, {sa_family=AF_INET, sin_port=htons(3306), sin_addr=inet_addr("127.0.0.1")}, 16) = -1 EINPROGRESS (Operation now in progress)
394514 sendto(27, " \0\0\1\215\252\277\31\0\0\0@!\0\0\0\0\0\0\0\0\0\0\0\0\0\0\0\0\0\0\0"..., 36, 0, NULL, 0 <unfinished ...>
394515 write(8, "LOG_STOP_wsgi, TS=1715880508.555"..., 37 <unfinished ...>
394514 <... sendto resumed>)            = 36
394515 <... write resumed>)             = 37
394513 sendto(28, " \0\0\1\215\252\277\31\0\0\0@!\0\0\0\0\0\0\0\0\0\0\0\0\0\0\0\0\0\0\0"..., 36, 0, NULL, 0 <unfinished ...>
394515 write(3, "INFO:werkzeug:LOG_STOP_wsgi, TS="..., 51 <unfinished ...>
394513 <... sendto resumed>)            = 36
394515 <... write resumed>)             = 51
394512 <... read resumed>"\26\3\3\0\233", 5) = 5
394512 read(26, "\2\0\0\227\3\3\"\352\226\3257\201\5\232\270\304\212\225`Xw\211y\17(\316-\201\2\333M\360"..., 155) = 155
394512 read(26, "\24\3\3\0\1", 5)       = 5
394512 read(26, "\1", 1)                = 1
394512 read(26, "\27\3\3\0\27", 5)      = 5
394512 read(26, "\375\232?\213\nw%(6 \262@\245EMI\364\25\223\271\315\301;", 23) = 23
394514 write(27, "\26\3\1\1=\1\0\19\3\3P\6_\362F\330\334\335\35\265\376\204=\2762\313\r\v\335v\0"..., 322 <unfinished ...>
394512 read(26,  <unfinished ...>
394514 <... write resumed>)             = 322
394512 <... read resumed>"\27\3\3\0>", 5) = 5
394514 read(27,  <unfinished ...>
394512 read(26, "\341\347\301\231\304H\375 \257\25\275\333\356\311d\361w\26-\327F'N\337w\321\217\223C\0\322m"..., 62) = 62
394512 read(26, "\27\3\3\68", 5)        = 5
394512 read(26,  <unfinished ...>
394513 write(28, "\26\3\1\1=\1\0\19\3\3\304*\210\236a,fS\243\3564\324M\3618\3\177\343\314\301\302"..., 322 <unfinished ...>
394512 <... read resumed>"\2569t\305\354\r\r+j\202\325\te\253'(\317\236\307}T\220!\t\247\321\f\2564\34\"\345"..., 1592) = 1592
394513 <... write resumed>)             = 322
394513 read(28,  <unfinished ...>
394512 read(26, "\27\3\3\1\31", 5)      = 5
394512 read(26, "2LG<?\372h$\241n\24\34\262\253W qm\217\215\347T\31\357\346\340\216E\10$\nd"..., 281) = 281
394512 read(26, "\27\3\3\0E", 5)        = 5
394512 read(26, "\326\272E\r\225\366\251=*\277\7Q]\350ZI\275\27Vp\253IT\334:o\350\f\334\201`U"..., 69) = 69
394512 write(26, "\24\3\3\0\1\1\27\3\3\0\31\377S\0s\326\246\372l<\37k/\334Ss@\16\334\240\211\225"..., 110) = 110
394512 write(26, "\27\3\3\0\316\234 \336\302\f\231u\244\327_\0\1\255\234\24'\31\252\372eW\355\330\247\226\231y"..., 211) = 211
394515 connect(29, {sa_family=AF_INET, sin_port=htons(3306), sin_addr=inet_addr("127.0.0.1")}, 16 <unfinished ...>
394512 read(26, "\27\3\3\0\372", 5)     = 5
394515 <... connect resumed>)           = -1 EINPROGRESS (Operation now in progress)
394512 read(26, "\341g\301\370nD\31^\357\221p\200<H\236\255\303\210Y\325G\216\363\21\10\354\20\273r\344\227\33"..., 250) = 250
394512 read(26, "\27\3\3\0\372", 5)     = 5
394512 read(26, "\317\351ku\331\323\216\344\177\32\237S\307\220\6\335\37PW\222u\257\311\304\177\10\341\220\347\373C\337"..., 250) = 250
394512 read(26, "\27\3\3\0A", 5)        = 5
394512 read(26, "\263\7~\376]_\362\244D\241y!\220\372\363uH\20\"A8z(p\34\223;\24\315xg\372"..., 65) = 65
394512 write(26, "\27\3\3\0)\311\317B\230\322w\243W<<\317\21\35\23F\347\263;=u\313\365,\205\355g\v"..., 46) = 46
394512 read(26,  <unfinished ...>
394515 sendto(29, " \0\0\1\215\252\277\31\0\0\0@!\0\0\0\0\0\0\0\0\0\0\0\0\0\0\0\0\0\0\0"..., 36, 0, NULL, 0) = 36
394512 <... read resumed>"\27\3\3\0(", 5) = 5
394512 read(26, "\300YGo\245j\301^\370\330\250/\1\2351\200\37i?\246_\"q\223U\357\17v\6\262\304\374"..., 40) = 40
394512 write(26, "\27\3\3\0&w\311\306\37\330\270\24\261\222a\21\2123\25}\202*\324_\357'\205\277\241\5\340Y"..., 43) = 43
394512 read(26, "\27\3\3\0\200", 5)     = 5
394512 read(26, "uv\344\376!\374\325_\254\372\35\366g\22\274\304\242\257{?\202\230\230Z\23\217\207\233\261|Ti"..., 128) = 128
394512 write(26, "\27\3\3\0(2\3369\17f\247\347u%\261]\332.\240\272\367\212cV\351\232\351_\260E5\237"..., 45) = 45
394512 read(26, "\27\3\3\0/", 5)        = 5
394512 read(26, "d\302\206ZPb=\347\337\252\260\375\22\179\36\355\353,R67\253r\361g\v2\257C\377\226"..., 47) = 47
394512 write(26, "\27\3\3\0F\253\33\32\362\6\207}\2432\201\301\374\330\275n\326}\270f\321\217j\354\360\365\360\310"..., 75) = 75
394512 read(26,  <unfinished ...>
394514 <... read resumed>"\26\3\3\0\233", 5) = 5
394514 read(27, "\2\0\0\227\3\3Ga\242\201\312\210\311`\237l\f\201E\213\305\203\4\217\311p\311\334\304TB\247"..., 155) = 155
394514 read(27, "\24\3\3\0\1", 5)       = 5
394514 read(27, "\1", 1)                = 1
394514 read(27, "\27\3\3\0\27", 5)      = 5
394514 read(27, "O\3634\317\242\ntZ\34\236\307\223,\16\240%\33\231u\351B\\x", 23) = 23
394514 read(27, "\27\3\3\0>", 5)        = 5
394514 read(27, "w:\370\274.\353\336\312\315Fi\267\260\321\247\245\243\201q\225\\:\1687\1\276\323\7\342\210l"..., 62) = 62
394514 read(27, "\27\3\3\68", 5)        = 5
394514 read(27, "\24\274\203\337\306.\250b\211\3750!q\22\350\266\262\241\354\346\375\31(\355\266\216z\4:\273\ng"..., 1592) = 1592
394514 read(27, "\27\3\3\1\31", 5)      = 5
394514 read(27, "\337\31\257r\324\312\264\2511\313N\320\231Eq\210\253\233\354,\26\375Z\304W\273\t\344\254z-\217"..., 281) = 281
394514 read(27, "\27\3\3\0E", 5)        = 5
394514 read(27, "q\347\267\206d\251\5A%\361\337\311\321\27\f\327\373|V\336\341\215\21\5\216\2073\35\33E\242P"..., 69) = 69
394514 write(27, "\24\3\3\0\1\1\27\3\3\0\31\277\262v\26y\367Ta\304\324\222\204\32\257\307]\262\301\363&\240"..., 110) = 110
394514 write(27, "\27\3\3\0\316\26e\246\301\0\317\216I\30\230X\271\307\262b-Z\377\316++\307G\253PQ\312"..., 211) = 211
394514 read(27, "\27\3\3\0\372", 5)     = 5
394514 read(27, "%\365\234E\350I\363\244\372&\371\350j\214l\367\252~Umu\3\375\225\217%\311\230\240'\333\365"..., 250) = 250
394514 read(27,  <unfinished ...>
394513 <... read resumed>"\26\3\3\0\233", 5) = 5
394514 <... read resumed>"\27\3\3\0\372", 5) = 5
394513 read(28,  <unfinished ...>
394514 read(27,  <unfinished ...>
394513 <... read resumed>"\2\0\0\227\3\3\377\21\32Y\37\271T\301l\273rG8\215n\212\260\24\215t\204\n\300\24vY"..., 155) = 155
394514 <... read resumed>"\363\266\331\30{\333\177;\220::\6\354\376S-\t\205\1#\355W3\36\23c\342|\0\33\241/"..., 250) = 250
394514 read(27, "\27\3\3\0A", 5)        = 5
394514 read(27, "\257\4\273\35\375^\365o4\246\252\302bC\354\367\n\273\351$\6qwE\3664\273\307\333A\260g"..., 65) = 65
394513 read(28,  <unfinished ...>
394514 write(27, "\27\3\3\0)4C1b\16\2646Q\274\341\35W0\250J2\235\376\335\343\3550?fB\346\270"..., 46 <unfinished ...>
394513 <... read resumed>"\24\3\3\0\1", 5) = 5
394514 <... write resumed>)             = 46
394513 read(28,  <unfinished ...>
394514 read(27,  <unfinished ...>
394513 <... read resumed>"\1", 1)       = 1
394513 read(28, "\27\3\3\0\27", 5)      = 5
394513 read(28,  <unfinished ...>
394515 write(29, "\26\3\1\1=\1\0\19\3\3\31sv\312b>\230\361`\254:\27!\270[\225\3425\265rF"..., 322 <unfinished ...>
394514 <... read resumed>"\27\3\3\0(", 5) = 5
394513 <... read resumed>"0f\252\361\351\23\254Z\36\266\324\350\365$\301v\340F\376\273d\n\266", 23) = 23
394514 read(27,  <unfinished ...>
394515 <... write resumed>)             = 322
394513 read(28,  <unfinished ...>
394514 <... read resumed>"\342P\f\262Y\207\20\306\266&\365\36\315\344\f\213\317!\t\371\233@\257i\"\5\210\276T\254'\32"..., 40) = 40
394515 read(29,  <unfinished ...>
394513 <... read resumed>"\27\3\3\0>", 5) = 5
394514 write(27, "\27\3\3\0&-tRZ\250\251\216\315\16\351\3\342y\22\312\25\f\300\301\266\347\203K\3%\302\225"..., 43 <unfinished ...>
394513 read(28,  <unfinished ...>
394514 <... write resumed>)             = 43
394513 <... read resumed>"|\314\207\335\304\337\3029\353M\223\206\232u\272n+Y\0\20\267\252\210\243\335L*\32\340\203\210\n"..., 62) = 62
394514 read(27,  <unfinished ...>
394513 read(28, "\27\3\3\68", 5)        = 5
394513 read(28, "^\3\0241\224:GM@^\302\277;\27\212\342l>\207\n\rGc\272\326\306PP\377\\Cn"..., 1592) = 1592
394514 <... read resumed>"\27\3\3\0\200", 5) = 5
394514 read(27, "\214\367\340\271\314_T\354K\21676Y>xtn@\25\237L}{>]\301N1Lb\21\367"..., 128) = 128
394514 write(27, "\27\3\3\0(\252\323\2419\365\32\261\325\244\2446SlA\206OZK9\303|\236\212\335\337\227Y"..., 45) = 45
394514 read(27,  <unfinished ...>
394513 read(28, "\27\3\3\1\31", 5)      = 5
394513 read(28,  <unfinished ...>
394514 <... read resumed>"\27\3\3\0/", 5) = 5
394513 <... read resumed>"@c8\277_{W\31:c\370\347!\355\330'Le\242\363\32080\264\272aPb\275\21\250\263"..., 281) = 281
394514 read(27, "c\255h\322)18\213\223\301\235\4\32\211\214|\222\242\340\177\240\215\221\221tS!|\377<\214k"..., 47) = 47
394513 read(28,  <unfinished ...>
394514 write(27, "\27\3\3\0F\344\274=\vN\351\"\0\265d\227\26`j\206\231\234O\314\21\340C\356\225cIN"..., 75 <unfinished ...>
394513 <... read resumed>"\27\3\3\0E", 5) = 5
394514 <... write resumed>)             = 75
394513 read(28,  <unfinished ...>
394514 read(27,  <unfinished ...>
394513 <... read resumed>"O\240U\341^\17`c\214\201\213\330\31d\271\233Y\r\340]\232\260\362\3479\300\17q\363#>\1"..., 69) = 69
394513 write(28, "\24\3\3\0\1\1\27\3\3\0\31\223\255\347\214\354\36\225\323\250\333wy\34<\0302B\326\207\263\356"..., 110) = 110
394513 write(28, "\27\3\3\0\316m@\v\365d+%v\262\n\200l\257)\233\246\321?\361vK\307\232\300w\370m"..., 211) = 211
