359014 accept4(9, {sa_family=AF_INET, sin_port=htons(56826), sin_addr=inet_addr("10.5.30.76")}, [16], SOCK_CLOEXEC) = 10
359014 clone(child_stack=0x7feea2a2cfb0, flags=CLONE_VM|CLONE_FS|CLONE_FILES|CLONE_SIGHAND|CLONE_THREAD|CLONE_SYSVSEM|CLONE_SETTLS|CLONE_PARENT_SETTID|CLONE_CHILD_CLEARTID, parent_tid=[359588], tls=0x7feea2a2d700, child_tidptr=0x7feea2a2d9d0) = 359588
359588 gettid()                         = 359588
359588 write(2, "{\"message\": \"\\nTrace_LOG_START:,"..., 500) = 500
359588 write(8, "LOG_START_wsgi ,TS=1715874618.02"..., 38) = 38
359588 write(3, "INFO:werkzeug:LOG_START_wsgi ,TS"..., 52) = 52
359588 write(8, "headers = \nHost: 10.5.30.76:8001"..., 259) = 259
359588 write(3, "INFO:werkzeug:headers = \nHost: 1"..., 273) = 273
359588 gettid()                         = 359588
359588 write(8, "PID = \n358904\n", 14) = 14
359588 write(3, "INFO:werkzeug:PID = \n358904\n", 28) = 28
359588 write(8, "TID = \n359588\n", 14) = 14
359588 write(3, "INFO:werkzeug:TID = \n359588\n", 28) = 28
359588 read(11, "U\r\r\n\0\0\0\0\5\304\241e\33\30\0\0\343\0\0\0\0\0\0\0\0\0\0\0\0\0\0\0"..., 6417) = 6416
359588 read(11, "", 1)                  = 0
359588 write(8, "post_data_form = \nImmutableMulti"..., 41) = 41
359588 write(3, "INFO:werkzeug:post_data_form = \n"..., 55) = 55
359588 write(8, "LOG_STOP_wsgi, TS=1715874618.022"..., 37) = 37
359588 write(3, "INFO:werkzeug:LOG_STOP_wsgi, TS="..., 51) = 51
359588 read(11, "U\r\r\n\0\0\0\0.\255_c`,\0\0\343\0\0\0\0\0\0\0\0\0\0\0\0\0\0\0"..., 11002) = 11001
359588 read(11, "", 1)                  = 0
359588 read(11, "U\r\r\n\0\0\0\0.\255_c\232\2\0\0\343\0\0\0\0\0\0\0\0\0\0\0\0\0\0\0"..., 889) = 888
359588 read(11, "", 1)                  = 0
359588 read(11, "U\r\r\n\0\0\0\0.\255_ct\r\0\0\343\0\0\0\0\0\0\0\0\0\0\0\0\0\0\0"..., 3612) = 3611
359588 read(11, "", 1)                  = 0
359588 read(11,  <unfinished ...>
359014 accept4(9, {sa_family=AF_INET, sin_port=htons(56842), sin_addr=inet_addr("10.5.30.76")}, [16], SOCK_CLOEXEC) = 12
359014 clone(child_stack=0x7feea222bfb0, flags=CLONE_VM|CLONE_FS|CLONE_FILES|CLONE_SIGHAND|CLONE_THREAD|CLONE_SYSVSEM|CLONE_SETTLS|CLONE_PARENT_SETTID|CLONE_CHILD_CLEARTID, parent_tid=[359592], tls=0x7feea222c700, child_tidptr=0x7feea222c9d0) = 359592
359592 gettid()                         = 359592
359592 write(2, "{\"message\": \"\\nTrace_LOG_START:,"..., 500) = 500
359592 write(8, "LOG_START_wsgi ,TS=1715874618.03"..., 38) = 38
359592 write(3, "INFO:werkzeug:LOG_START_wsgi ,TS"..., 52) = 52
359592 write(8, "headers = \nHost: 10.5.30.76:8001"..., 259) = 259
359592 write(3, "INFO:werkzeug:headers = \nHost: 1"..., 273) = 273
359592 gettid()                         = 359592
359592 write(8, "PID = \n358904\n", 14) = 14
359592 write(3, "INFO:werkzeug:PID = \n358904\n", 28) = 28
359592 write(8, "TID = \n359592\n", 14) = 14
359592 write(3, "INFO:werkzeug:TID = \n359592\n", 28) = 28
359592 write(8, "post_data_form = \nImmutableMulti"..., 41) = 41
359592 write(3, "INFO:werkzeug:post_data_form = \n"..., 55) = 55
359592 write(8, "LOG_STOP_wsgi, TS=1715874618.033"..., 37) = 37
359592 write(3, "INFO:werkzeug:LOG_STOP_wsgi, TS="..., 51) = 51
359014 accept4(9, {sa_family=AF_INET, sin_port=htons(56850), sin_addr=inet_addr("10.5.30.76")}, [16], SOCK_CLOEXEC) = 13
359014 clone(child_stack=0x7feea1a2afb0, flags=CLONE_VM|CLONE_FS|CLONE_FILES|CLONE_SIGHAND|CLONE_THREAD|CLONE_SYSVSEM|CLONE_SETTLS|CLONE_PARENT_SETTID|CLONE_CHILD_CLEARTID, parent_tid=[359593], tls=0x7feea1a2b700, child_tidptr=0x7feea1a2b9d0) = 359593
359593 gettid()                         = 359593
359593 write(2, "{\"message\": \"\\nTrace_LOG_START:,"..., 500) = 500
359593 write(8, "LOG_START_wsgi ,TS=1715874618.03"..., 38) = 38
359593 write(3, "INFO:werkzeug:LOG_START_wsgi ,TS"..., 52) = 52
359593 write(8, "headers = \nHost: 10.5.30.76:8001"..., 259) = 259
359593 write(3, "INFO:werkzeug:headers = \nHost: 1"..., 273) = 273
359593 gettid()                         = 359593
359593 write(8, "PID = \n358904\n", 14) = 14
359593 write(3, "INFO:werkzeug:PID = \n358904\n", 28) = 28
359593 write(8, "TID = \n359593\n", 14) = 14
359593 write(3, "INFO:werkzeug:TID = \n359593\n", 28) = 28
359593 write(8, "post_data_form = \nImmutableMulti"..., 41) = 41
359593 write(3, "INFO:werkzeug:post_data_form = \n"..., 55) = 55
359593 write(8, "LOG_STOP_wsgi, TS=1715874618.038"..., 37) = 37
359593 write(3, "INFO:werkzeug:LOG_STOP_wsgi, TS="..., 51) = 51
359014 accept4(9, {sa_family=AF_INET, sin_port=htons(56858), sin_addr=inet_addr("10.5.30.76")}, [16], SOCK_CLOEXEC) = 14
359588 <... read resumed>"U\r\r\n\0\0\0\0.\255_ck\1\0\0\343\0\0\0\0\0\0\0\0\0\0\0\0\0\0\0"..., 609) = 608
359014 clone(child_stack=0x7feea1229fb0, flags=CLONE_VM|CLONE_FS|CLONE_FILES|CLONE_SIGHAND|CLONE_THREAD|CLONE_SYSVSEM|CLONE_SETTLS|CLONE_PARENT_SETTID|CLONE_CHILD_CLEARTID, parent_tid=[359594], tls=0x7feea122a700, child_tidptr=0x7feea122a9d0) = 359594
359588 read(11, "", 1)                  = 0
359594 gettid()                         = 359594
359588 connect(11, {sa_family=AF_INET, sin_port=htons(3306), sin_addr=inet_addr("127.0.0.1")}, 16) = -1 EINPROGRESS (Operation now in progress)
359592 connect(15, {sa_family=AF_INET, sin_port=htons(3306), sin_addr=inet_addr("127.0.0.1")}, 16) = -1 EINPROGRESS (Operation now in progress)
359594 write(2, "{\"message\": \"\\nTrace_LOG_START:,"..., 498) = 498
359593 connect(16, {sa_family=AF_INET, sin_port=htons(3306), sin_addr=inet_addr("127.0.0.1")}, 16) = -1 EINPROGRESS (Operation now in progress)
359594 write(8, "LOG_START_wsgi ,TS=1715874618.04"..., 36) = 36
359594 write(3, "INFO:werkzeug:LOG_START_wsgi ,TS"..., 50) = 50
359594 write(8, "headers = \nHost: 10.5.30.76:8001"..., 259) = 259
359594 write(3, "INFO:werkzeug:headers = \nHost: 1"..., 273) = 273
359594 gettid()                         = 359594
359594 write(8, "PID = \n358904\n", 14) = 14
359594 write(3, "INFO:werkzeug:PID = \n358904\n", 28) = 28
359594 write(8, "TID = \n359594\n", 14) = 14
359594 write(3, "INFO:werkzeug:TID = \n359594\n", 28) = 28
359594 write(8, "post_data_form = \nImmutableMulti"..., 41) = 41
359594 write(3, "INFO:werkzeug:post_data_form = \n"..., 55) = 55
359594 write(8, "LOG_STOP_wsgi, TS=1715874618.045"..., 35) = 35
359594 write(3, "INFO:werkzeug:LOG_STOP_wsgi, TS="..., 49) = 49
359594 connect(17, {sa_family=AF_INET, sin_port=htons(3306), sin_addr=inet_addr("127.0.0.1")}, 16) = -1 EINPROGRESS (Operation now in progress)
359014 accept4(9, {sa_family=AF_INET, sin_port=htons(56874), sin_addr=inet_addr("10.5.30.76")}, [16], SOCK_CLOEXEC) = 18
359014 clone(child_stack=0x7feea09e8fb0, flags=CLONE_VM|CLONE_FS|CLONE_FILES|CLONE_SIGHAND|CLONE_THREAD|CLONE_SYSVSEM|CLONE_SETTLS|CLONE_PARENT_SETTID|CLONE_CHILD_CLEARTID, parent_tid=[359598], tls=0x7feea09e9700, child_tidptr=0x7feea09e99d0) = 359598
359598 gettid()                         = 359598
359598 write(2, "{\"message\": \"\\nTrace_LOG_START:,"..., 500) = 500
359598 write(8, "LOG_START_wsgi ,TS=1715874618.04"..., 38) = 38
359598 write(3, "INFO:werkzeug:LOG_START_wsgi ,TS"..., 52) = 52
359598 write(8, "headers = \nHost: 10.5.30.76:8001"..., 259) = 259
359014 accept4(9, {sa_family=AF_INET, sin_port=htons(56880), sin_addr=inet_addr("10.5.30.76")}, [16], SOCK_CLOEXEC) = 19
359598 write(3, "INFO:werkzeug:headers = \nHost: 1"..., 273) = 273
359014 clone(child_stack=0x7fee83ffefb0, flags=CLONE_VM|CLONE_FS|CLONE_FILES|CLONE_SIGHAND|CLONE_THREAD|CLONE_SYSVSEM|CLONE_SETTLS|CLONE_PARENT_SETTID|CLONE_CHILD_CLEARTID, parent_tid=[359599], tls=0x7fee83fff700, child_tidptr=0x7fee83fff9d0) = 359599
359598 gettid()                         = 359598
359598 write(8, "PID = \n358904\n", 14) = 14
359599 gettid()                         = 359599
359598 write(3, "INFO:werkzeug:PID = \n358904\n", 28) = 28
359599 write(2, "{\"message\": \"\\nTrace_LOG_START:,"..., 500) = 500
359598 write(8, "TID = \n359598\n", 14) = 14
359014 accept4(9, {sa_family=AF_INET, sin_port=htons(56882), sin_addr=inet_addr("10.5.30.76")}, [16], SOCK_CLOEXEC) = 20
359598 write(3, "INFO:werkzeug:TID = \n359598\n", 28) = 28
359014 clone(child_stack=0x7fee837fdfb0, flags=CLONE_VM|CLONE_FS|CLONE_FILES|CLONE_SIGHAND|CLONE_THREAD|CLONE_SYSVSEM|CLONE_SETTLS|CLONE_PARENT_SETTID|CLONE_CHILD_CLEARTID, parent_tid=[359600], tls=0x7fee837fe700, child_tidptr=0x7fee837fe9d0) = 359600
359600 read(21, "0-23\n", 8192)         = 5
359599 write(8, "LOG_START_wsgi ,TS=1715874618.04"..., 38) = 38
359599 write(3, "INFO:werkzeug:LOG_START_wsgi ,TS"..., 52 <unfinished ...>
359598 write(8, "post_data_form = \nImmutableMulti"..., 41 <unfinished ...>
359599 <... write resumed>)             = 52
359598 <... write resumed>)             = 41
359598 write(3, "INFO:werkzeug:post_data_form = \n"..., 55) = 55
359599 write(8, "headers = \nHost: 10.5.30.76:8001"..., 259 <unfinished ...>
359600 gettid( <unfinished ...>
359599 <... write resumed>)             = 259
359600 <... gettid resumed>)            = 359600
359598 write(8, "LOG_STOP_wsgi, TS=1715874618.048"..., 37) = 37
359600 write(2, "{\"message\": \"\\nTrace_LOG_START:,"..., 500) = 500
359599 write(3, "INFO:werkzeug:headers = \nHost: 1"..., 273) = 273
359014 accept4(9, {sa_family=AF_INET, sin_port=htons(56884), sin_addr=inet_addr("10.5.30.76")}, [16], SOCK_CLOEXEC) = 21
359599 gettid()                         = 359599
359599 write(8, "PID = \n358904\n", 14) = 14
359014 clone(child_stack=0x7fee82ffcfb0, flags=CLONE_VM|CLONE_FS|CLONE_FILES|CLONE_SIGHAND|CLONE_THREAD|CLONE_SYSVSEM|CLONE_SETTLS|CLONE_PARENT_SETTID|CLONE_CHILD_CLEARTID, parent_tid=[359601], tls=0x7fee82ffd700, child_tidptr=0x7fee82ffd9d0) = 359601
359598 write(3, "INFO:werkzeug:LOG_STOP_wsgi, TS="..., 51) = 51
359601 gettid()                         = 359601
359600 write(8, "LOG_START_wsgi ,TS=1715874618.05"..., 38) = 38
359599 write(3, "INFO:werkzeug:PID = \n358904\n", 28) = 28
359598 connect(22, {sa_family=AF_INET, sin_port=htons(3306), sin_addr=inet_addr("127.0.0.1")}, 16) = -1 EINPROGRESS (Operation now in progress)
359601 write(2, "{\"message\": \"\\nTrace_LOG_START:,"..., 500) = 500
359014 accept4(9, {sa_family=AF_INET, sin_port=htons(56888), sin_addr=inet_addr("10.5.30.76")}, [16], SOCK_CLOEXEC) = 23
359599 write(8, "TID = \n359599\n", 14) = 14
359600 write(3, "INFO:werkzeug:LOG_START_wsgi ,TS"..., 52) = 52
359014 clone(child_stack=0x7fee827fbfb0, flags=CLONE_VM|CLONE_FS|CLONE_FILES|CLONE_SIGHAND|CLONE_THREAD|CLONE_SYSVSEM|CLONE_SETTLS|CLONE_PARENT_SETTID|CLONE_CHILD_CLEARTID, parent_tid=[359603], tls=0x7fee827fc700, child_tidptr=0x7fee827fc9d0) = 359603
359603 gettid()                         = 359603
359601 write(8, "LOG_START_wsgi ,TS=1715874618.05"..., 38) = 38
359599 write(3, "INFO:werkzeug:TID = \n359599\n", 28) = 28
359603 write(2, "{\"message\": \"\\nTrace_LOG_START:,"..., 500) = 500
359014 accept4(9, {sa_family=AF_INET, sin_port=htons(56890), sin_addr=inet_addr("10.5.30.76")}, [16], SOCK_CLOEXEC) = 24
359600 write(8, "headers = \nHost: 10.5.30.76:8001"..., 259) = 259
359014 clone(child_stack=0x7fee81ffafb0, flags=CLONE_VM|CLONE_FS|CLONE_FILES|CLONE_SIGHAND|CLONE_THREAD|CLONE_SYSVSEM|CLONE_SETTLS|CLONE_PARENT_SETTID|CLONE_CHILD_CLEARTID, parent_tid=[359604], tls=0x7fee81ffb700, child_tidptr=0x7fee81ffb9d0) = 359604
359601 write(3, "INFO:werkzeug:LOG_START_wsgi ,TS"..., 52) = 52
359603 write(8, "LOG_START_wsgi ,TS=1715874618.05"..., 38) = 38
359604 gettid()                         = 359604
359600 write(3, "INFO:werkzeug:headers = \nHost: 1"..., 273) = 273
359604 write(2, "{\"message\": \"\\nTrace_LOG_START:,"..., 499) = 499
359599 write(8, "post_data_form = \nImmutableMulti"..., 41) = 41
359600 gettid()                         = 359600
359601 write(8, "headers = \nHost: 10.5.30.76:8001"..., 259) = 259
359603 write(3, "INFO:werkzeug:LOG_START_wsgi ,TS"..., 52) = 52
359604 write(8, "LOG_START_wsgi ,TS=1715874618.05"..., 37) = 37
359599 write(3, "INFO:werkzeug:post_data_form = \n"..., 55) = 55
359600 write(8, "PID = \n358904\n", 14) = 14
359601 write(3, "INFO:werkzeug:headers = \nHost: 1"..., 273) = 273
359601 gettid()                         = 359601
359603 write(8, "headers = \nHost: 10.5.30.76:8001"..., 259) = 259
359604 write(3, "INFO:werkzeug:LOG_START_wsgi ,TS"..., 51) = 51
359599 write(8, "LOG_STOP_wsgi, TS=1715874618.049"..., 37) = 37
359600 write(3, "INFO:werkzeug:PID = \n358904\n", 28) = 28
359601 write(8, "PID = \n358904\n", 14) = 14
359603 write(3, "INFO:werkzeug:headers = \nHost: 1"..., 273) = 273
359604 write(8, "headers = \nHost: 10.5.30.76:8001"..., 259) = 259
359603 gettid()                         = 359603
359599 write(3, "INFO:werkzeug:LOG_STOP_wsgi, TS="..., 51) = 51
359600 write(8, "TID = \n359600\n", 14) = 14
359601 write(3, "INFO:werkzeug:PID = \n358904\n", 28) = 28
359599 connect(25, {sa_family=AF_INET, sin_port=htons(3306), sin_addr=inet_addr("127.0.0.1")}, 16) = -1 EINPROGRESS (Operation now in progress)
359604 write(3, "INFO:werkzeug:headers = \nHost: 1"..., 273 <unfinished ...>
359603 write(8, "PID = \n358904\n", 14 <unfinished ...>
359604 <... write resumed>)             = 273
359603 <... write resumed>)             = 14
359604 gettid()                         = 359604
359600 write(3, "INFO:werkzeug:TID = \n359600\n", 28) = 28
359601 write(8, "TID = \n359601\n", 14) = 14
359603 write(3, "INFO:werkzeug:PID = \n358904\n", 28) = 28
359604 write(8, "PID = \n358904\n", 14) = 14
359601 write(3, "INFO:werkzeug:TID = \n359601\n", 28) = 28
359600 write(8, "post_data_form = \nImmutableMulti"..., 41) = 41
359604 write(3, "INFO:werkzeug:PID = \n358904\n", 28) = 28
359603 write(8, "TID = \n359603\n", 14) = 14
359600 write(3, "INFO:werkzeug:post_data_form = \n"..., 55) = 55
359601 write(8, "post_data_form = \nImmutableMulti"..., 41) = 41
359603 write(3, "INFO:werkzeug:TID = \n359603\n", 28) = 28
359604 write(8, "TID = \n359604\n", 14) = 14
359601 write(3, "INFO:werkzeug:post_data_form = \n"..., 55) = 55
359600 write(8, "LOG_STOP_wsgi, TS=1715874618.052"..., 37) = 37
359604 write(3, "INFO:werkzeug:TID = \n359604\n", 28) = 28
359603 write(8, "post_data_form = \nImmutableMulti"..., 41) = 41
359600 write(3, "INFO:werkzeug:LOG_STOP_wsgi, TS="..., 51) = 51
359601 write(8, "LOG_STOP_wsgi, TS=1715874618.053"..., 37) = 37
359603 write(3, "INFO:werkzeug:post_data_form = \n"..., 55) = 55
359600 connect(26, {sa_family=AF_INET, sin_port=htons(3306), sin_addr=inet_addr("127.0.0.1")}, 16) = -1 EINPROGRESS (Operation now in progress)
359601 write(3, "INFO:werkzeug:LOG_STOP_wsgi, TS="..., 51 <unfinished ...>
359604 write(8, "post_data_form = \nImmutableMulti"..., 41 <unfinished ...>
359601 <... write resumed>)             = 51
359604 <... write resumed>)             = 41
359601 connect(27, {sa_family=AF_INET, sin_port=htons(3306), sin_addr=inet_addr("127.0.0.1")}, 16) = -1 EINPROGRESS (Operation now in progress)
359604 write(3, "INFO:werkzeug:post_data_form = \n"..., 55 <unfinished ...>
359603 write(8, "LOG_STOP_wsgi, TS=1715874618.055"..., 37 <unfinished ...>
359604 <... write resumed>)             = 55
359603 <... write resumed>)             = 37
359603 write(3, "INFO:werkzeug:LOG_STOP_wsgi, TS="..., 51) = 51
359604 write(8, "LOG_STOP_wsgi, TS=1715874618.057"..., 36) = 36
359604 write(3, "INFO:werkzeug:LOG_STOP_wsgi, TS="..., 50) = 50
359603 connect(28, {sa_family=AF_INET, sin_port=htons(3306), sin_addr=inet_addr("127.0.0.1")}, 16) = -1 EINPROGRESS (Operation now in progress)
359604 connect(29, {sa_family=AF_INET, sin_port=htons(3306), sin_addr=inet_addr("127.0.0.1")}, 16) = -1 EINPROGRESS (Operation now in progress)
359588 read(30, "<?xml version='1.0' encoding=\"ut"..., 19475) = 19475
359592 sendto(15, " \0\0\1\215\252\277\31\0\0\0@!\0\0\0\0\0\0\0\0\0\0\0\0\0\0\0\0\0\0\0"..., 36, 0, NULL, 0) = 36
359599 sendto(25, " \0\0\1\215\252\277\31\0\0\0@!\0\0\0\0\0\0\0\0\0\0\0\0\0\0\0\0\0\0\0"..., 36, 0, NULL, 0 <unfinished ...>
359598 sendto(22, " \0\0\1\215\252\277\31\0\0\0@!\0\0\0\0\0\0\0\0\0\0\0\0\0\0\0\0\0\0\0"..., 36, 0, NULL, 0 <unfinished ...>
359599 <... sendto resumed>)            = 36
359598 <... sendto resumed>)            = 36
359593 sendto(16, " \0\0\1\215\252\277\31\0\0\0@!\0\0\0\0\0\0\0\0\0\0\0\0\0\0\0\0\0\0\0"..., 36, 0, NULL, 0) = 36
359594 sendto(17, " \0\0\1\215\252\277\31\0\0\0@!\0\0\0\0\0\0\0\0\0\0\0\0\0\0\0\0\0\0\0"..., 36, 0, NULL, 0) = 36
359601 sendto(27, " \0\0\1\215\252\277\31\0\0\0@!\0\0\0\0\0\0\0\0\0\0\0\0\0\0\0\0\0\0\0"..., 36, 0, NULL, 0) = 36
359588 sendto(11, " \0\0\1\215\252\277\31\0\0\0@!\0\0\0\0\0\0\0\0\0\0\0\0\0\0\0\0\0\0\0"..., 36, 0, NULL, 0 <unfinished ...>
359600 sendto(26, " \0\0\1\215\252\277\31\0\0\0@!\0\0\0\0\0\0\0\0\0\0\0\0\0\0\0\0\0\0\0"..., 36, 0, NULL, 0 <unfinished ...>
359588 <... sendto resumed>)            = 36
359600 <... sendto resumed>)            = 36
359603 sendto(28, " \0\0\1\215\252\277\31\0\0\0@!\0\0\0\0\0\0\0\0\0\0\0\0\0\0\0\0\0\0\0"..., 36, 0, NULL, 0) = 36
359604 sendto(29, " \0\0\1\215\252\277\31\0\0\0@!\0\0\0\0\0\0\0\0\0\0\0\0\0\0\0\0\0\0\0"..., 36, 0, NULL, 0) = 36
359594 write(17, "\26\3\1\1=\1\0\19\3\3\242\326\35\237\25\261T\324\f\257p\35\373\345\246\v\313P\270]_"..., 322 <unfinished ...>
359599 write(25, "\26\3\1\1=\1\0\19\3\3\243\262{x\210\250g\306\227pV\306\276\247[!\34\243f\22\225"..., 322) = 322
359600 write(26, "\26\3\1\1=\1\0\19\3\3\243Xb*\350\214\317+\276\352\307A\373\203\233\33\22fF\245\374"..., 322) = 322
359593 write(16, "\26\3\1\1=\1\0\19\3\3\374\f\227Y\221k\n\237Z\232v\01738Y\210pM\227\352\225"..., 322 <unfinished ...>
359598 write(22, "\26\3\1\1=\1\0\19\3\3x\204WPJH\352\275\30\223q5{\202\25\0020V\363\257\20"..., 322 <unfinished ...>
359599 read(25,  <unfinished ...>
359593 <... write resumed>)             = 322
359592 write(15, "\26\3\1\1=\1\0\19\3\3\274L\376\271\316\200\20*~\5\337x\216\34S\310)\340\306\344\300"..., 322 <unfinished ...>
359594 <... write resumed>)             = 322
359600 read(26,  <unfinished ...>
359598 <... write resumed>)             = 322
359593 read(16,  <unfinished ...>
359594 read(17,  <unfinished ...>
359598 read(22,  <unfinished ...>
359592 <... write resumed>)             = 322
359592 read(15,  <unfinished ...>
359601 write(27, "\26\3\1\1=\1\0\19\3\3gY\241E\320\242\346D'sZ\277e#\254\5\276\216\332\3\r"..., 322) = 322
359601 read(27,  <unfinished ...>
359603 write(28, "\26\3\1\1=\1\0\19\3\3\346\35\217\357\325\351f\n\22y\346\276R\337S\5<xc\22t"..., 322) = 322
359603 read(28,  <unfinished ...>
359588 write(11, "\26\3\1\1=\1\0\19\3\3\334\362\352\n\246\250\201in\27\363\231\213\333\241\1\374\260)%\333"..., 322) = 322
359588 read(11,  <unfinished ...>
359604 write(29, "\26\3\1\1=\1\0\19\3\3#e\361!\351\302\204\300\33\337\330\364\210*H,F\240\"v<"..., 322) = 322
359604 read(29,  <unfinished ...>
359601 <... read resumed>"\26\3\3\0\233", 5) = 5
359600 <... read resumed>"\26\3\3\0\233", 5) = 5
359599 <... read resumed>"\26\3\3\0\233", 5) = 5
359593 <... read resumed>"\26\3\3\0\233", 5) = 5
359594 <... read resumed>"\26\3\3\0\233", 5) = 5
359601 read(27,  <unfinished ...>
359600 read(26,  <unfinished ...>
359599 read(25,  <unfinished ...>
359598 <... read resumed>"\26\3\3\0\233", 5) = 5
359594 read(17,  <unfinished ...>
359593 read(16,  <unfinished ...>
359603 <... read resumed>"\26\3\3\0\233", 5) = 5
359601 <... read resumed>"\2\0\0\227\3\3]\203\271\220s\346\f\317\374 \303\375\257\306\300\4`q\v8\336!\272IB "..., 155) = 155
359600 <... read resumed>"\2\0\0\227\3\3X\370\252\303h\262]\3370\376|\337\v\374\327\314~\254\321\332O\0\303\356\22#"..., 155) = 155
359599 <... read resumed>"\2\0\0\227\3\3\2035\36y\320\235\345\244 \272\253\5\364&\272\345\200\260]\27\361K \230{;"..., 155) = 155
359598 read(22,  <unfinished ...>
359594 <... read resumed>"\2\0\0\227\3\3\214\337py\262\236\322\250\3374\346D\324\266\vSm1\21\v\16\10\203\313\2\210"..., 155) = 155
359593 <... read resumed>"\2\0\0\227\3\3\364Q\375\350FK\234\233[Y'\205\237\337\234\344\260\4\2270\211tP\341\370\204"..., 155) = 155
359603 read(28,  <unfinished ...>
359598 <... read resumed>"\2\0\0\227\3\39\312C\230\365\306\16\333\232\34kG\252\372\355\241\325\30p@\22!8\274\302\323"..., 155) = 155
359600 read(26,  <unfinished ...>
359599 read(25,  <unfinished ...>
359592 <... read resumed>"\26\3\3\0\233", 5) = 5
359603 <... read resumed>"\2\0\0\227\3\3<\341[-\223d\2013\300W\306\301\336Z\216\232p\236\30\230\315\342\316\23~%"..., 155) = 155
359600 <... read resumed>"\24\3\3\0\1", 5) = 5
359599 <... read resumed>"\24\3\3\0\1", 5) = 5
359588 <... read resumed>"\26\3\3\0\233", 5) = 5
359592 read(15,  <unfinished ...>
359601 read(27,  <unfinished ...>
359592 <... read resumed>"\2\0\0\227\3\3\264\371\32\337\7\23zq\26\212<y\313\262\21\242+4:^cm\356\340$\7"..., 155) = 155
359593 read(16,  <unfinished ...>
359594 read(17,  <unfinished ...>
359598 read(22,  <unfinished ...>
359592 read(15,  <unfinished ...>
359599 read(25,  <unfinished ...>
359600 read(26,  <unfinished ...>
359598 <... read resumed>"\24\3\3\0\1", 5) = 5
359594 <... read resumed>"\24\3\3\0\1", 5) = 5
359593 <... read resumed>"\24\3\3\0\1", 5) = 5
359599 <... read resumed>"\1", 1)       = 1
359592 <... read resumed>"\24\3\3\0\1", 5) = 5
359604 <... read resumed>"\26\3\3\0\233", 5) = 5
359601 <... read resumed>"\24\3\3\0\1", 5) = 5
359600 <... read resumed>"\1", 1)       = 1
359599 read(25,  <unfinished ...>
359598 read(22,  <unfinished ...>
359594 read(17,  <unfinished ...>
359593 read(16,  <unfinished ...>
359592 read(15,  <unfinished ...>
359588 read(11,  <unfinished ...>
359604 read(29,  <unfinished ...>
359601 read(27,  <unfinished ...>
359600 read(26,  <unfinished ...>
359599 <... read resumed>"\27\3\3\0\27", 5) = 5
359598 <... read resumed>"\1", 1)       = 1
359594 <... read resumed>"\1", 1)       = 1
359593 <... read resumed>"\1", 1)       = 1
359592 <... read resumed>"\1", 1)       = 1
359588 <... read resumed>"\2\0\0\227\3\3\327\222\303T\324\214\271\211O\353%\342\f'Ww\303\355\276;\37\274k\4hy"..., 155) = 155
359603 read(28,  <unfinished ...>
359599 read(25,  <unfinished ...>
359600 <... read resumed>"\27\3\3\0\27", 5) = 5
359598 read(22,  <unfinished ...>
359594 read(17,  <unfinished ...>
359593 read(16,  <unfinished ...>
359599 <... read resumed>"VCE\315\372\17\0e\307by\240\302\274\270\370R\241\267\333\251\257u", 23) = 23
359592 read(15,  <unfinished ...>
359604 <... read resumed>"\2\0\0\227\3\3\245\357!$f\305^\262\243\177\37169Y,\363\376^\306\26\263\351\264\32,O"..., 155) = 155
359603 <... read resumed>"\24\3\3\0\1", 5) = 5
359601 <... read resumed>"\1", 1)       = 1
359600 read(26,  <unfinished ...>
359598 <... read resumed>"\27\3\3\0\27", 5) = 5
359594 <... read resumed>"\27\3\3\0\27", 5) = 5
359593 <... read resumed>"\27\3\3\0\27", 5) = 5
359599 read(25,  <unfinished ...>
359603 read(28,  <unfinished ...>
359601 read(27,  <unfinished ...>
359600 <... read resumed>"O\214\214\341\20 /\371\235\0\256\203\226\257\224\200\305\315\314x\335\26D", 23) = 23
359598 read(22,  <unfinished ...>
359599 <... read resumed>"\27\3\3\0>", 5) = 5
359594 read(17,  <unfinished ...>
359593 read(16,  <unfinished ...>
359592 <... read resumed>"\27\3\3\0\27", 5) = 5
359603 <... read resumed>"\1", 1)       = 1
359601 <... read resumed>"\27\3\3\0\27", 5) = 5
359600 read(26,  <unfinished ...>
359599 read(25,  <unfinished ...>
359598 <... read resumed>"Ev\345\337)`A\37\311Q\255s\355d\277\352\207\307y\242R\346\254", 23) = 23
359594 <... read resumed>"(\5F2/\341\353\364\250\16\302\377\352\232> \2235j\2107\246\256", 23) = 23
359593 <... read resumed>"|\261\221\320)\311\375\0\336\r\266\366\216g\313\265\371\362d\253\376\314X", 23) = 23
359592 read(15,  <unfinished ...>
359588 read(11,  <unfinished ...>
359594 read(17,  <unfinished ...>
359593 read(16,  <unfinished ...>
359599 <... read resumed>"\302\v0\234\210\335\4\223\23\255D\244\372\276i\\)\333j\t\227B\23\"\311\373$*`&K9"..., 62) = 62
359598 read(22,  <unfinished ...>
359594 <... read resumed>"\27\3\3\0>", 5) = 5
359593 <... read resumed>"\27\3\3\0>", 5) = 5
359592 <... read resumed>"9vI\177$\220\303\310\260\240\0231\236Wx{i\0\204c\237~\371", 23) = 23
359603 read(28,  <unfinished ...>
359601 read(27,  <unfinished ...>
359600 <... read resumed>"\27\3\3\0>", 5) = 5
359599 read(25,  <unfinished ...>
359598 <... read resumed>"\27\3\3\0>", 5) = 5
359594 read(17,  <unfinished ...>
359593 read(16,  <unfinished ...>
359603 <... read resumed>"\27\3\3\0\27", 5) = 5
359601 <... read resumed>"\3\265\17\314\275\367\\\360\333\306=Y\370Ds~\224\230\324\243\31\22S", 23) = 23
359600 read(26,  <unfinished ...>
359599 <... read resumed>"\27\3\3\68", 5) = 5
359598 read(22,  <unfinished ...>
359594 <... read resumed>"%\342\344\10lZH\211\306\357\270*C<\1\5{\202\4S;\205\341T\223\2709\2\237&\31+"..., 62) = 62
359593 <... read resumed>"\343\215kC\20}\327\246\220\255\374P\16&\30\316J\3675\0104/8Q\340S\2\25\204/\27\313"..., 62) = 62
359592 read(15,  <unfinished ...>
359588 <... read resumed>"\24\3\3\0\1", 5) = 5
359603 read(28,  <unfinished ...>
359601 read(27,  <unfinished ...>
359600 <... read resumed>"\24;\324\347\3658\334\326\214\257\36\217J3\243\372\237\371\222\17\312\217J\265\271\231E,;\251]\372"..., 62) = 62
359599 read(25,  <unfinished ...>
359598 <... read resumed>"V\245\20:g\266\t\325*\303\202\275(|ZM\337\256m\351\23\16\367\205\241\214\0i>=$\32"..., 62) = 62
359594 read(17,  <unfinished ...>
359593 read(16,  <unfinished ...>
359592 <... read resumed>"\27\3\3\0>", 5) = 5
359588 read(11,  <unfinished ...>
359603 <... read resumed>".M_@\354\322\250\307a\31\24\234\214\247\3470 \235\210\304d\236\5", 23) = 23
359601 <... read resumed>"\27\3\3\0>", 5) = 5
359600 read(26,  <unfinished ...>
359599 <... read resumed>"\343\22\266\236\26_\266:k\206\352\202xEr\0\332I\\\\\345\361A{M^\350 \177i\16\354"..., 1592) = 1592
359598 read(22,  <unfinished ...>
359594 <... read resumed>"\27\3\3\68", 5) = 5
359593 <... read resumed>"\27\3\3\68", 5) = 5
359592 read(15,  <unfinished ...>
359588 <... read resumed>"\1", 1)       = 1
359603 read(28,  <unfinished ...>
359601 read(27,  <unfinished ...>
359600 <... read resumed>"\27\3\3\68", 5) = 5
359592 <... read resumed>"K\0X\221\3576\377\24\3742\320\263+\252RK\1\214\25\241s2\313\36\7\344%\254\371K\252\334"..., 62) = 62
359600 read(26,  <unfinished ...>
359598 <... read resumed>"\27\3\3\68", 5) = 5
359594 read(17,  <unfinished ...>
359593 read(16,  <unfinished ...>
359600 <... read resumed>"\336r\327/\3133\355\36\211\20\301\371\373\361\362\0\245\331K\10Z\202e\263\275\376\351\244\371Z\254\266"..., 1592) = 1592
359592 read(15,  <unfinished ...>
359593 <... read resumed>"\240\212\314E~\232\227\347\3659A\334\232h\31+Xo\21\33\37\277>\334\301b\343&\343\374\0."..., 1592) = 1592
359598 read(22,  <unfinished ...>
359594 <... read resumed>"\366\"\205\357\203`6\331\254Hr\t!*\302)!\245\235\333\6\3r\24%D\310\226j\305\31\n"..., 1592) = 1592
359592 <... read resumed>"\27\3\3\68", 5) = 5
359598 <... read resumed>"!\365\251G\343\320\32\3574\221)o\355\253fw\373\326~\315\367`GC&\244\307\25\314\232\307\212"..., 1592) = 1592
359601 <... read resumed>"\372\33\5\3029\235\214\\\365rgGR\230\374\345/\222B\331\322\5R\242\325\4\274\221\270D\361\210"..., 62) = 62
359592 read(15, "\210\325]\267\230;\201\37Aj\221}\"\233\35RE \5O\302\222!\275#\266\207\371\361LV\366"..., 1592) = 1592
359598 read(22,  <unfinished ...>
359601 read(27,  <unfinished ...>
359594 read(17, "\27\3\3\1\31", 5)      = 5
359598 <... read resumed>"\27\3\3\1\31", 5) = 5
359601 <... read resumed>"\27\3\3\68", 5) = 5
359594 read(17,  <unfinished ...>
359598 read(22,  <unfinished ...>
359603 <... read resumed>"\27\3\3\0>", 5) = 5
359601 read(27,  <unfinished ...>
359594 <... read resumed>"D\357\355\21eM\314\200\201\235\v\5\27\366\2715q\253\234\225LR\354f\274\2056Xv\302DQ"..., 281) = 281
359593 read(16,  <unfinished ...>
359588 read(11,  <unfinished ...>
359598 <... read resumed>"$a\33\363\342\361\367\31\204\333\275h\255\375\302\363\334\321[\274 \254e\350\210|]\330_\25\327\354"..., 281) = 281
359603 read(28,  <unfinished ...>
359601 <... read resumed>"\235\6/\327\237!jN\31Q\376a\261y?\344\21\203\303\233\214\21\244w\351\302\265\367DE\237\334"..., 1592) = 1592
359593 <... read resumed>"\27\3\3\1\31", 5) = 5
359592 read(15,  <unfinished ...>
359593 read(16,  <unfinished ...>
359592 <... read resumed>"\27\3\3\1\31", 5) = 5
359593 <... read resumed>"\t\23'\236\24H\351\372$uL\320\345hDP\314\204\360\261\307\304U\262\231\210\25{)t\363\""..., 281) = 281
359592 read(15,  <unfinished ...>
359594 read(17,  <unfinished ...>
359592 <... read resumed>"mEC\315\247\225=\16\241\256t\253\315B\361\273\302Mz\315\307*p\365\351(\312\t\277\251\33\20"..., 281) = 281
359598 read(22,  <unfinished ...>
359592 read(15,  <unfinished ...>
359593 read(16,  <unfinished ...>
359600 read(26,  <unfinished ...>
359598 <... read resumed>"\27\3\3\0E", 5) = 5
359600 <... read resumed>"\27\3\3\1\31", 5) = 5
359598 read(22,  <unfinished ...>
359593 <... read resumed>"\27\3\3\0E", 5) = 5
359592 <... read resumed>"\27\3\3\0E", 5) = 5
359600 read(26,  <unfinished ...>
359603 <... read resumed>"\215\304\336R\365P\364L\323;I!\236O\254\313\336\222\206V\3236\244\275\\HE_\253\23\360#"..., 62) = 62
359599 read(25,  <unfinished ...>
359598 <... read resumed>"^\35\36)\r\261\334\tv\375\244\220\352 \264<\371\326J\377\243\255\32QK \240\251D\243h\241"..., 69) = 69
359600 <... read resumed>"s\346I\1U\362\260\261?\25\340@\26>\312\344uw\330u\242\366\24`\177A\354\7\344\206\347z"..., 281) = 281
359594 <... read resumed>"\27\3\3\0E", 5) = 5
359593 read(16,  <unfinished ...>
359592 read(15,  <unfinished ...>
359588 <... read resumed>"\27\3\3\0\27", 5) = 5
359603 read(28,  <unfinished ...>
359599 <... read resumed>"\27\3\3\1\31", 5) = 5
359598 write(22, "\24\3\3\0\1\1\27\3\3\0\31\317'\370<\214!\35\27\t\241Vz/\350\3451@\260\373\317\250"..., 110 <unfinished ...>
359600 read(26,  <unfinished ...>
359599 read(25,  <unfinished ...>
359594 read(17,  <unfinished ...>
359593 <... read resumed>"\373\311I\365\10s\274\215\217\313\353>Gm\20D\267\251\332\v\207\243'l\5\2\274\352\371q{,"..., 69) = 69
359592 <... read resumed>"8z\377\10lB~g*v!\275,|rr\2222\246\352}\245W{m\256k\377\325x\20&"..., 69) = 69
359599 <... read resumed>"\260\335W\207\211\314\177\355\7\212\366\220\330S\260k|\335CE\373\2154\227vjt\267\210\375\311\1"..., 281) = 281
359600 <... read resumed>"\27\3\3\0E", 5) = 5
359594 <... read resumed>"\253\37\204\33\346\240\226\340\226\21y\354Fm\\\\qM\35\ts\23\362\25\347\231\316\320S\21\273d"..., 69) = 69
359599 read(25,  <unfinished ...>
359592 write(15, "\24\3\3\0\1\1\27\3\3\0\31p\274\334\303\"i\340\362\333\312T\rh\245z\32\246\10#\223*"..., 110 <unfinished ...>
359593 write(16, "\24\3\3\0\1\1\27\3\3\0\31hr\276\262\353_\3039\t5K\227ET\207\2)\221^\20\377"..., 110 <unfinished ...>
359600 read(26,  <unfinished ...>
359599 <... read resumed>"\27\3\3\0E", 5) = 5
359592 <... write resumed>)             = 110
359594 write(17, "\24\3\3\0\1\1\27\3\3\0\31\30\215^\33\260\373\365\246\316g\30Z3w\306C\21#|h\257"..., 110 <unfinished ...>
359600 <... read resumed>"\317\357\306\351\f\313Cd\237i\177R\333\216;~\340\362[\224Y~DV\246\"\346\217W0\335\333"..., 69) = 69
359599 read(25,  <unfinished ...>
359593 <... write resumed>)             = 110
359601 read(27,  <unfinished ...>
359599 <... read resumed>";\331*\2400\357\"\36\273\261\201\200\311,ozaKA\243\264\345\r\373\347\327 \313\nE\20\355"..., 69) = 69
359598 <... write resumed>)             = 110
359601 <... read resumed>"\27\3\3\1\31", 5) = 5
359600 write(26, "\24\3\3\0\1\1\27\3\3\0\31r\311\242\2605s5\7&\353\361\277\242\344s\3k\253(\256}"..., 110 <unfinished ...>
359601 read(27, "Q8X\222\26\353\371\3672\1\232\222v~i\324X\272\366\277b\6\277\32\263\331\340\317j\303\215\324"..., 281) = 281
359594 <... write resumed>)             = 110
359599 write(25, "\24\3\3\0\1\1\27\3\3\0\31<G*0\3307F\233\227\230I\355\377\300\333\204JK\327`I"..., 110 <unfinished ...>
359601 read(27,  <unfinished ...>
359593 write(16, "\27\3\3\0\316H\357_\177\260\311\322)\246\341\250\23\244\352^\270\257*\313i\304\255.\201\250VL"..., 211 <unfinished ...>
359598 write(22, "\27\3\3\0\316/\377\276\367{F_\3071\231\2010\223\342\3\372e\177\261:\272\341\304\206N\260\361"..., 211 <unfinished ...>
359594 write(17, "\27\3\3\0\316:\301\372\2109N\306\340\325\354t\222\360\344\267f'm\247jH\306\313\346\375%\273"..., 211 <unfinished ...>
359592 write(15, "\27\3\3\0\316\230\355\216\235\361NY\253\374\313H66\232\245\204\r\320\330\375W*j3\203\32S"..., 211 <unfinished ...>
359600 <... write resumed>)             = 110
359603 <... read resumed>"\27\3\3\68", 5) = 5
359601 <... read resumed>"\27\3\3\0E", 5) = 5
359599 <... write resumed>)             = 110
359603 read(28,  <unfinished ...>
359600 write(26, "\27\3\3\0\316}\213\261\217S\257(\253#\346\273\327\353\245c\234/\2519\373\351\233\251\320\203\265\227"..., 211 <unfinished ...>
359603 <... read resumed>"\177\"%;R\223xE\365$\227\325\0\352e\333a(~\25\315]\24N\231g\201h\353\227\200A"..., 1592) = 1592
359601 read(27,  <unfinished ...>
359599 write(25, "\27\3\3\0\316\217\213<\r\323\305\27Z@\373'\264k\3702e\25\17^|\207\201D\250X\342\344"..., 211 <unfinished ...>
359601 <... read resumed>"\3342.\203\264\232\311\342\303\345\335t\202\204\351\263\310\255L\300f4;W<'Q\225\326OM\270"..., 69) = 69
359598 <... write resumed>)             = 211
359594 <... write resumed>)             = 211
359592 <... write resumed>)             = 211
359593 <... write resumed>)             = 211
359601 write(27, "\24\3\3\0\1\1\27\3\3\0\31\16\317\31\356\3203\300^1\3\366\224\300\315\26\31\v\324\323\255\212"..., 110 <unfinished ...>
359598 read(22,  <unfinished ...>
359594 read(17,  <unfinished ...>
359592 read(15,  <unfinished ...>
359598 <... read resumed>"\27\3\3\0\372", 5) = 5
359593 read(16,  <unfinished ...>
359600 <... write resumed>)             = 211
359598 read(22,  <unfinished ...>
359594 <... read resumed>"\27\3\3\0\372", 5) = 5
359592 <... read resumed>"\27\3\3\0\372", 5) = 5
359593 <... read resumed>"\27\3\3\0\372", 5) = 5
359594 read(17,  <unfinished ...>
359598 <... read resumed>".\260\264 cc0\\:\10\311\20\3700%\370\304G+E\253C\2030\356=[\370{\3656\7"..., 250) = 250
359593 read(16,  <unfinished ...>
359592 read(15,  <unfinished ...>
359599 <... write resumed>)             = 211
359594 <... read resumed>"\350\377;\37O\256V\34&x(o#\207\310\"\233\372\233\23\353\230m\370\267L5\371\246[\312}"..., 250) = 250
359598 read(22,  <unfinished ...>
359594 read(17,  <unfinished ...>
359593 <... read resumed>"\274\337\20\304\322\254#\200\301\216\30\r\36\200\177Iv\376\27\344\20\263\25\201f'\34\5&8v\323"..., 250) = 250
359600 read(26,  <unfinished ...>
359599 read(25,  <unfinished ...>
359598 <... read resumed>"\27\3\3\0\372", 5) = 5
359594 <... read resumed>"\27\3\3\0\372", 5) = 5
359592 <... read resumed>"\31|\265\222\r\227\340\212p\325.y\32<m3\20\362\177Lw\2\205[\1HT\305}\317\271G"..., 250) = 250
359600 <... read resumed>"\27\3\3\0\372", 5) = 5
359599 <... read resumed>"\27\3\3\0\372", 5) = 5
359598 read(22,  <unfinished ...>
359594 read(17,  <unfinished ...>
359593 read(16,  <unfinished ...>
359600 read(26,  <unfinished ...>
359599 read(25,  <unfinished ...>
359598 <... read resumed>"\f\223i\n\203\10vWz4Y<\315c\0aj\2240\0\32\20\310\276\6\221{,\4\20\2725"..., 250) = 250
359594 <... read resumed>"\274\240<n\267\264d\203p\325\5w\343\337N@Iz\233\342;Q~\330G}#\223\23\364\351o"..., 250) = 250
359592 read(15,  <unfinished ...>
359601 <... write resumed>)             = 110
359600 <... read resumed>"\202\37\224\302R=I\251\346\346\304K=\32KM\5\362\312\f0mE\202p,\352\253\360\4\364\16"..., 250) = 250
359599 <... read resumed>"w\16\321\274\216\207}\344X\20E\363W\256\217m\"\300c\332qO\2442q(so8[\230\334"..., 250) = 250
359593 <... read resumed>"\27\3\3\0\372", 5) = 5
359594 read(17,  <unfinished ...>
359592 <... read resumed>"\27\3\3\0\372", 5) = 5
359600 read(26,  <unfinished ...>
359593 read(16,  <unfinished ...>
359599 read(25,  <unfinished ...>
359592 read(15,  <unfinished ...>
359593 <... read resumed>"\211\302\207$\33\355\305j\210\313\325\320\301@\330\201\373fq\256\257\327h\300-\261\337\233\336~\3\213"..., 250) = 250
359598 read(22,  <unfinished ...>
359592 <... read resumed>"\"\34\377\202\345,\0170f\261\177\233\267\340F\0\221S\v\2667x\214\202\301\254\221\220$\260I6"..., 250) = 250
359593 read(16,  <unfinished ...>
359594 <... read resumed>"\27\3\3\0A", 5) = 5
359592 read(15,  <unfinished ...>
359600 <... read resumed>"\27\3\3\0\372", 5) = 5
359599 <... read resumed>"\27\3\3\0\372", 5) = 5
359598 <... read resumed>"\27\3\3\0A", 5) = 5
359594 read(17,  <unfinished ...>
359593 <... read resumed>"\27\3\3\0A", 5) = 5
359592 <... read resumed>"\27\3\3\0A", 5) = 5
359601 write(27, "\27\3\3\0\316&\31;u4\1\3522[c,\205v\273K\264\311\260\202XN\1\267E\251\311\7"..., 211 <unfinished ...>
359600 read(26,  <unfinished ...>
359594 <... read resumed>"1\250\260\215\307\v\334\362\261\235N\374\333\2356\362H1\300\222\334\240\25=\223<k\34\201\220\246\202"..., 65) = 65
359593 read(16,  <unfinished ...>
359600 <... read resumed>"\3650j\17\212\226\237\375\24\264~~4\326Q\242!\22\325\216#\311^8G\244\200\253\205\nd\354"..., 250) = 250
359599 read(25,  <unfinished ...>
359598 read(22,  <unfinished ...>
359592 read(15,  <unfinished ...>
359594 write(17, "\27\3\3\0)[N1\324\245\177\274\351\300\374\241K\244\311\241\np\234\35b)\337\216T6o\273"..., 46 <unfinished ...>
359593 <... read resumed>"[\252\23\262\377\300\276\254\217&\372\325\264\245M\222Z\35\260\217ORe\362\224\234\306\25\217\251\260\254"..., 65) = 65
359600 read(26,  <unfinished ...>
359599 <... read resumed>"\271\200-\321\244Z\17*\326\32\5W\335\205K/\235\266\331e\240\315{'b\200H\227s\16\nC"..., 250) = 250
359598 <... read resumed>"\240\212:\346\351\257\205\202\350\2134\331\305\226\367+\t\371\345i\314\342\336\"\0&3`\241~!K"..., 65) = 65
359592 <... read resumed>"k\322\370@\265\223\4\253G\366\212\34\217b\214\23X\233:\227u\27=A\335\24\0231\275\376u\31"..., 65) = 65
359594 <... write resumed>)             = 46
359593 write(16, "\27\3\3\0)TS\343\345Q\16\371\177\363\231\250dj\351yu\270 \207WrB+\337Q\226\376"..., 46 <unfinished ...>
359599 read(25,  <unfinished ...>
359598 write(22, "\27\3\3\0)\363\343\376\223:\232\357\267\2206-fS|>`\337\354\7\322\261\303?\1\242\2459"..., 46 <unfinished ...>
359592 write(15, "\27\3\3\0)J\3\207Lg\345\304\301f\301\r\377\333\25\324\250$?\250\364\244P<\340\211\6/"..., 46 <unfinished ...>
359593 <... write resumed>)             = 46
359598 <... write resumed>)             = 46
359592 <... write resumed>)             = 46
359600 <... read resumed>"\27\3\3\0A", 5) = 5
359599 <... read resumed>"\27\3\3\0A", 5) = 5
359598 read(22,  <unfinished ...>
359600 read(26,  <unfinished ...>
359599 read(25,  <unfinished ...>
359594 read(17,  <unfinished ...>
359593 read(16,  <unfinished ...>
359592 read(15,  <unfinished ...>
359603 read(28,  <unfinished ...>
359601 <... write resumed>)             = 211
359600 <... read resumed>"\341\240w\302\371\243\354\216\354'\376O5\240=w1;\3OY\203q;4\30\370\373\20;j?"..., 65) = 65
359599 <... read resumed>"\2434Q\313\234\352O\270\237\376\16?\0175+\34U|)\0374\334z\302\200\275\265\215\32\375aE"..., 65) = 65
359603 <... read resumed>"\27\3\3\1\31", 5) = 5
359601 read(27,  <unfinished ...>
359588 read(11,  <unfinished ...>
359600 write(26, "\27\3\3\0)\234\305na\271\232\n\201\263\201[9\347\317B\255\3\362'\262\5\344\37U\346,\35"..., 46 <unfinished ...>
359603 read(28,  <unfinished ...>
359601 <... read resumed>"\27\3\3\0\372", 5) = 5
359599 write(25, "\27\3\3\0)\24\241JF\35>;n\214\317]dC\30\367\352\26m\22\1\22\312_\220\342\273\340"..., 46 <unfinished ...>
359588 <... read resumed>"4\336\332\351\300w\337\2123W\216\347X\3234w*\340\343w\34!Z", 23) = 23
359603 <... read resumed>"\236yV\210\211\333\4?\373\211\355\34\366\177\3577\323>\255\233^\5\325T\230lUwZ\24c\241"..., 281) = 281
359601 read(27,  <unfinished ...>
359600 <... write resumed>)             = 46
359599 <... write resumed>)             = 46
359588 read(11,  <unfinished ...>
359603 read(28,  <unfinished ...>
359599 read(25,  <unfinished ...>
359603 <... read resumed>"\27\3\3\0E", 5) = 5
359601 <... read resumed>"\231\263|\342r?xo\2302\323\212\347\362\330\2079\332Kb\10\205-b\325e\276\10\372\10\303\235"..., 250) = 250
359600 read(26,  <unfinished ...>
359588 <... read resumed>"\27\3\3\0>", 5) = 5
359603 read(28,  <unfinished ...>
359601 read(27,  <unfinished ...>
359603 <... read resumed>"{\242\17V\222\226~R\235\233\372\360\215\0007u\201OP\273\344/\371H\232\277\263\376]]5\302"..., 69) = 69
359588 read(11,  <unfinished ...>
359601 <... read resumed>"\27\3\3\0\372", 5) = 5
359588 <... read resumed>"J\31\33\22\367}\"\366\32S\322\271\216\352[]\224!&\234o\316x\331\226\331\375%\364\234\264\313"..., 62) = 62
359601 read(27,  <unfinished ...>
359588 read(11,  <unfinished ...>
359601 <... read resumed>"\372\256\214\335 \326,c\3218\277J\356\2567}S\3608\267\nv\221\26\210\2550\"\302\24C\206"..., 250) = 250
359603 write(28, "\24\3\3\0\1\1\27\3\3\0\31\222k\375+s7a&z\257\241\260w\206`x\t\26\336}I"..., 110 <unfinished ...>
359601 read(27,  <unfinished ...>
359603 <... write resumed>)             = 110
359601 <... read resumed>"\27\3\3\0A", 5) = 5
359588 <... read resumed>"\27\3\3\68", 5) = 5
359603 write(28, "\27\3\3\0\316[G'\6\357\234w}.`R\304c]\343\32N\26\207\236\357\200\4a\247'\351"..., 211 <unfinished ...>
359593 <... read resumed>"\27\3\3\0(", 5) = 5
359603 <... write resumed>)             = 211
359601 read(27,  <unfinished ...>
359599 <... read resumed>"\27\3\3\0(", 5) = 5
359594 <... read resumed>"\27\3\3\0(", 5) = 5
359592 <... read resumed>"\27\3\3\0(", 5) = 5
359593 read(16,  <unfinished ...>
359588 read(11,  <unfinished ...>
359603 read(28,  <unfinished ...>
359601 <... read resumed>"\f\2Q\223Z\325\203dHT\30\237\366n\212\305\2145\361~c>vd\211'\322\254H\324|C"..., 65) = 65
359600 <... read resumed>"\27\3\3\0(", 5) = 5
359599 read(25,  <unfinished ...>
359598 <... read resumed>"\27\3\3\0(", 5) = 5
359594 read(17,  <unfinished ...>
359593 <... read resumed>"\374\301\\K.\367\334\342\200\r@9K\326\17XUN\3t\341{=`\3064k\20\354\275\n\212"..., 40) = 40
359592 read(15,  <unfinished ...>
359588 <... read resumed>"\342G\233\350U\16\257WK\317\311\"\325V\352=\263'i\352O=@h\317\370\210\365\346\305\211\7"..., 1592) = 1592
359603 <... read resumed>"\27\3\3\0\372", 5) = 5
359601 write(27, "\27\3\3\0)\227\3\233\230\231:\200w\317\265,\361\235T:\206\205\351B\372\250\276\360w7=\225"..., 46 <unfinished ...>
359600 read(26,  <unfinished ...>
359599 <... read resumed>"\221\4\320\231H=*\232q\332\347\313\256\237\254:\332-\223\201~\303\24\273\351$W\375T\272\301b"..., 40) = 40
359598 read(22,  <unfinished ...>
359594 <... read resumed>"\274q\231u1\341\224\235c\" \346\342E\2777\1\231\220\5\3354n\1\342P\323[\368\317\241"..., 40) = 40
359598 <... read resumed>"d\331C4rd\326Z\371\213\375\216\301]\327O\331&\374\370\213\227\30E\37\202\266\244u1\325O"..., 40) = 40
359593 write(16, "\27\3\3\0&\376*\277\320\322\233\n\234\3750\234}G\22\330\224w\262\255\357W\262R\336\276\206C"..., 43 <unfinished ...>
359592 <... read resumed>"g\253\213>[\36\"\241d\32mh\307\0071r\1\6\367b\4^o\31\214\271TB\374\210\354\224"..., 40) = 40
359594 write(17, "\27\3\3\0&G\245\356\24\227\0\3665\272\224\3321\333\tNS\363%\377\"\256u\352\230\261\210Z"..., 43 <unfinished ...>
359598 write(22, "\27\3\3\0&\345\314\377bv\16\305}\6u\v\377Uy\332Z\233\372\21\4\275D\301\327\373\t\337"..., 43 <unfinished ...>
359592 write(15, "\27\3\3\0&\202\\\252/\325NE\31\326:3\354;/0hWY\324\25\276\23\223w\26\223\313"..., 43 <unfinished ...>
359600 <... read resumed>"\324O\226\10L\31\24:\255`u.\210c\320\251\314\325yy\306\t\273X\32\323\230a\224\256`\235"..., 40) = 40
359598 <... write resumed>)             = 43
359592 <... write resumed>)             = 43
359600 write(26, "\27\3\3\0&\303\373)'\315OBm]<Y\207\233\216Y\223\f\n\350\330\247\205\232\353\220\1\335"..., 43 <unfinished ...>
359594 <... write resumed>)             = 43
359599 write(25, "\27\3\3\0&k\240\21\215j.\266\1Gb^\206%\336\3564;+]Oz\207}\340\323\216q"..., 43 <unfinished ...>
359592 read(15,  <unfinished ...>
359598 read(22,  <unfinished ...>
359594 read(17,  <unfinished ...>
359600 <... write resumed>)             = 43
359599 <... write resumed>)             = 43
359600 read(26,  <unfinished ...>
359599 read(25,  <unfinished ...>
359593 <... write resumed>)             = 43
359598 <... read resumed>"\27\3\3\0\200", 5) = 5
359592 <... read resumed>"\27\3\3\0\200", 5) = 5
359601 <... write resumed>)             = 46
359598 read(22,  <unfinished ...>
359601 read(27,  <unfinished ...>
359594 <... read resumed>"\27\3\3\0\200", 5) = 5
359593 read(16,  <unfinished ...>
359592 read(15,  <unfinished ...>
359603 read(28,  <unfinished ...>
359598 <... read resumed>"JH\275Y`\206\323\n~}\347@\346\31\17\233I\355\3737\355?$\201J\236\343\337\273\333\25F"..., 128) = 128
359594 read(17,  <unfinished ...>
359592 <... read resumed>"`\2\352\255\234LjMHuw&\357\274v?0q\273\320>\211]\335\373\362x\266o\270\321O"..., 128) = 128
359598 write(22, "\27\3\3\0(\204\363\16\3\277]w\30\220\37Q \375\224\366\26f\264\346[\241\277\370\317:\2557"..., 45 <unfinished ...>
359592 write(15, "\27\3\3\0(c\325R:x\303\203\212\201o\241W\t1v?\226F\313\376.\350\344\0\200b9"..., 45 <unfinished ...>
359594 <... read resumed>"#\2\262b\264<\244U/\212\254\247\274,\306\371\367\313~\362f\302tBH\240\255\2562)\254\327"..., 128) = 128
359600 <... read resumed>"\27\3\3\0\200", 5) = 5
359599 <... read resumed>"\27\3\3\0\200", 5) = 5
359598 <... write resumed>)             = 45
359599 read(25,  <unfinished ...>
359594 write(17, "\27\3\3\0(d\372U\327\277\204u\325\216d\4\344S\204\353_\22\6bw|\300=\227\304i\240"..., 45 <unfinished ...>
359592 <... write resumed>)             = 45
359601 <... read resumed>"\27\3\3\0(", 5) = 5
359600 read(26,  <unfinished ...>
359599 <... read resumed>"n\350\365\361i#\356\360:\vtr\221\306\341-|\265-\316\301ae\205\"\232\232\6\235\10\304p"..., 128) = 128
359598 read(22,  <unfinished ...>
359593 <... read resumed>"\27\3\3\0\200", 5) = 5
359603 <... read resumed>"\0\232\306<a\366\211Ci0\3315\f\306\351\26\254\241\245&\200\343\357\306^[\323\332\203\277\368"..., 250) = 250
359601 read(27,  <unfinished ...>
359600 <... read resumed>"\2\353\34\233 A\244j\277z}\222;>Q\333\374\243\366\315?b\323R\307e\226qED\324\352"..., 128) = 128
359594 <... write resumed>)             = 45
359599 write(25, "\27\3\3\0(\314\5,~\312hK\37]\237\22#Y!\3\336N\250\355:\1\340\223\340\332Y5"..., 45 <unfinished ...>
359592 read(15,  <unfinished ...>
359598 <... read resumed>"\27\3\3\0/", 5) = 5
359593 read(16,  <unfinished ...>
359603 read(28,  <unfinished ...>
359600 write(26, "\27\3\3\0(\3370\244[\257\341%\342C\265f\303\204\374\205d)\266\357\312\264\207\226\177+\"\22"..., 45 <unfinished ...>
359592 <... read resumed>"\27\3\3\0/", 5) = 5
359594 read(17,  <unfinished ...>
359599 <... write resumed>)             = 45
359592 read(15,  <unfinished ...>
359600 <... write resumed>)             = 45
359594 <... read resumed>"\27\3\3\0/", 5) = 5
359600 read(26,  <unfinished ...>
359599 read(25,  <unfinished ...>
359598 read(22,  <unfinished ...>
359593 <... read resumed>"\v$1\10\306\353\220\263\355\10\3\237\34\\\313\276IN\241]\\\220p\240<p\326*\345\"K\t"..., 128) = 128
359592 <... read resumed>"s\223\2\274Lc\363\32\347,\246\357\216\265\241t\305\6\1770\355\331)\2725\316\224\264m\1O0"..., 47) = 47
359594 read(17,  <unfinished ...>
359603 <... read resumed>"\27\3\3\0\372", 5) = 5
359601 <... read resumed>"vZ;a\232\31\307\0034\33,uC\312\331\343\311k\7\334\7\32\4\370\360\264\363\03719\305\371"..., 40) = 40
359592 write(15, "\27\3\3\0F\351\224\336.\27\33\207\374\221*\213G\325\236\23X\6|v\351\340\315\246]\306,="..., 75 <unfinished ...>
359594 <... read resumed>"\340D\31\304\365\323=fW\341\16\17\326v\313}\230\240.\225\232\216\34\251\33\334v\25=\0023l"..., 47) = 47
359600 <... read resumed>"\27\3\3\0/", 5) = 5
359599 <... read resumed>"\27\3\3\0/", 5) = 5
359598 <... read resumed>"\317\4m\330\263\242,S`z\356\346\247\227P1\251\375\370\2\270U,`\203\267s\307\271H\320\266"..., 47) = 47
359593 write(16, "\27\3\3\0(\23y}\321\361{>\21\303\224\325\356\345\302]\303\235\r\277`G\350\2\257\273\366\267"..., 45 <unfinished ...>
359599 read(25,  <unfinished ...>
359594 write(17, "\27\3\3\0F\210\33\17\30\325\210\16\370\216\203D e'\10\"{[\321\16\200\252[:\2\25\333"..., 75 <unfinished ...>
359600 read(26,  <unfinished ...>
359599 <... read resumed>"\35\205OY\243\376\3746\206\341P\373v\205\367\207R\210[`\253\335`\315\314\352l\345\203\200[\255"..., 47) = 47
359598 write(22, "\27\3\3\0F\204\360'\317gk\334\311r\326+b\276\213\r\350\350\26\312i\346\276\373\236;\202\30"..., 75 <unfinished ...>
359600 <... read resumed>"\206yB9\340\377\270hx\224\32~\262\223.\371\275J6Y\362\331\213\3\20\226\360\311=\345(\361"..., 47) = 47
359594 <... write resumed>)             = 75
359599 write(25, "\27\3\3\0F\364\22=v\n\275\364\255P\2\374\303-\247\365g\25@\256+\274u\215\\\34\364\347"..., 75 <unfinished ...>
359600 write(26, "\27\3\3\0F\201\343(\264n\231\f\333\205A\305\16\t\331\202{\240\237!\374\3\37\272\302\352/\351"..., 75 <unfinished ...>
359601 write(27, "\27\3\3\0&\tE\312\241(u\243%\325\201\1776Bc\3418\322`\334\217OD\354\206\322\331\353"..., 43 <unfinished ...>
359600 <... write resumed>)             = 75
359598 <... write resumed>)             = 75
359593 <... write resumed>)             = 45
359599 <... write resumed>)             = 75
359600 read(26,  <unfinished ...>
359594 read(17,  <unfinished ...>
359599 read(25,  <unfinished ...>
359598 read(22,  <unfinished ...>
359593 read(16,  <unfinished ...>
359592 <... write resumed>)             = 75
359601 <... write resumed>)             = 43
359593 <... read resumed>"\27\3\3\0/", 5) = 5
359592 read(15,  <unfinished ...>
359603 read(28,  <unfinished ...>
359601 read(27,  <unfinished ...>
359593 read(16,  <unfinished ...>
359603 <... read resumed>"\n\v+\365\\\200\335\203\336\3162\303Ba\275cqjo]\367\24\2154\n0M\2547\266\265\376"..., 250) = 250
359593 <... read resumed>"9gP\27\237`R\372L\265<\232\275\304\376\211\0m]\227I)rb\301n\24d\313\335$\353"..., 47) = 47
359593 write(16, "\27\3\3\0F\272w\24x\331F\2366\347a\215\270I{#\202\24\301\37\214?=\202\"\266\262}"..., 75 <unfinished ...>
359603 read(28,  <unfinished ...>
359601 <... read resumed>"\27\3\3\0\200", 5) = 5
