359603 <... read resumed>"\27\3\3\0A", 5) = 5
359593 <... write resumed>)             = 75
359603 read(28,  <unfinished ...>
359601 read(27,  <unfinished ...>
359603 <... read resumed>"c;y2\313\217\274Mu\252e\216\251\214\4\321\302\262\344\364\32\vt{\320\33\277`6lV\16"..., 65) = 65
359601 <... read resumed>"\315x:\254\357\256\27O\36\244\321n\264\314\266a\360S\310\4\223\27H\306\244\214\1l\241\237\333\200"..., 128) = 128
359593 read(16,  <unfinished ...>
359603 write(28, "\27\3\3\0)\210\16\353C\306\246\353\257\331(\310M\320\324@\4\322\317WjK.\351\216\245f9"..., 46 <unfinished ...>
359601 write(27, "\27\3\3\0(\31\251i@9z^:\321CW\220m\5a\361+s\216mi\201\22\302\325\372\313"..., 45 <unfinished ...>
359603 <... write resumed>)             = 46
359601 <... write resumed>)             = 45
359603 read(28,  <unfinished ...>
359601 read(27,  <unfinished ...>
359588 read(11, "\27\3\3\1\31", 5)      = 5
359601 <... read resumed>"\27\3\3\0/", 5) = 5
359604 read(29,  <unfinished ...>
359588 read(11,  <unfinished ...>
359604 <... read resumed>"\24\3\3\0\1", 5) = 5
359601 read(27,  <unfinished ...>
359604 read(29,  <unfinished ...>
359603 <... read resumed>"\27\3\3\0(", 5) = 5
359588 <... read resumed>"\243\324av\247\307\34\264\326\270\22\320\377\317>}\345\35\275\253>\2226\323\2249\27w>\23\3710"..., 281) = 281
359604 <... read resumed>"\1", 1)       = 1
359603 read(28,  <unfinished ...>
359601 <... read resumed>"\33kk\313Z\265\2133(\f\254,\22G\5\10\241\213\362qy\272\345S\310\203\25uD\322{R"..., 47) = 47
359604 read(29,  <unfinished ...>
359603 <... read resumed>"\305\0Z\374\265[\256\252\246\303\304\205\233\243\10\2120\344V\261\25\214\rx|\301\247\251\254\252I\204"..., 40) = 40
359601 write(27, "\27\3\3\0F\\\357\253\303\254\340\343\241j?\222M\372`\2\273\fo\fQ\303\222@}R\351\262"..., 75 <unfinished ...>
359603 write(28, "\27\3\3\0&\255\374V\303\23\313\240#w\364#U\256T\210\216\273\353x\346\231q\10Xumh"..., 43 <unfinished ...>
359601 <... write resumed>)             = 75
359603 <... write resumed>)             = 43
359601 read(27,  <unfinished ...>
359604 <... read resumed>"\27\3\3\0\27", 5) = 5
359603 read(28,  <unfinished ...>
359604 read(29,  <unfinished ...>
359603 <... read resumed>"\27\3\3\0\200", 5) = 5
359604 <... read resumed>"|H\31\376\26\246F\23\321\242\262\307>\322\270\314U\23%_\24\344X", 23) = 23
359588 read(11,  <unfinished ...>
359603 read(28,  <unfinished ...>
359604 read(29,  <unfinished ...>
359588 <... read resumed>"\27\3\3\0E", 5) = 5
359604 <... read resumed>"\27\3\3\0>", 5) = 5
359603 <... read resumed>"\310I\365V\241\376\24\210\7Lr\324\300n)\300\232S\326\306\375\0VsT\214w\256L=K!"..., 128) = 128
359604 read(29,  <unfinished ...>
359588 read(11,  <unfinished ...>
359603 write(28, "\27\3\3\0(\233\210{i\2;\t\343m:\353q\\\324\35\360\241\37\0312Il\243\340P\325\236"..., 45 <unfinished ...>
359588 <... read resumed>"\332&P\350\255'\231y:r\327\317\323k\200\2z\362\362\370\263\307\253U\322+\206+\324\344\377B"..., 69) = 69
359604 <... read resumed>"-\35C\266\356\333[L\234q\262\303\333_\108\252\212\320\21\316\241\347\3018\307\t\320\340\370\305Z"..., 62) = 62
359603 <... write resumed>)             = 45
359603 read(28,  <unfinished ...>
359604 read(29,  <unfinished ...>
359603 <... read resumed>"\27\3\3\0/", 5) = 5
359588 write(11, "\24\3\3\0\1\1\27\3\3\0\31\20m\3761C\3179\v\346\260\342\243*\24\2306\243s\n\311\316"..., 110 <unfinished ...>
359604 <... read resumed>"\27\3\3\68", 5) = 5
359603 read(28,  <unfinished ...>
359588 <... write resumed>)             = 110
359604 read(29,  <unfinished ...>
359603 <... read resumed>"\302\3624\344%\250\1\7)O\205|\242\206\30\313v$d\32\334\302\375\376\351\336\355v~\205\3673"..., 47) = 47
359588 write(11, "\27\3\3\0\316\r\341\230\25\277\313\221lOj{\266i\326\203F\314\367|\21P\360Ny\334\257\274"..., 211 <unfinished ...>
359603 write(28, "\27\3\3\0F5\246Q\10\205\23\311\215\3513\343Co\3564\34\302.%[\214\305@\205\360\220\16"..., 75 <unfinished ...>
359588 <... write resumed>)             = 211
359603 <... write resumed>)             = 75
359604 <... read resumed>"\313&6l\222>8\326\225E\251\332<:\335\n/\36\343\312\322e^\243\226T\342{\37\312\272D"..., 1592) = 1592
359588 read(11,  <unfinished ...>
359603 read(28,  <unfinished ...>
359588 <... read resumed>"\27\3\3\0\372", 5) = 5
359588 read(11, "\364\375\204\1Z`\364\r\0\204\321\257\3042\326\0034\25S\7\222\220\310B\221\225Z-\n/\340\320"..., 250) = 250
359588 read(11, "\27\3\3\0\372", 5)     = 5
359588 read(11, "\25F\237ufl\232,\365=\223Vp/\343nG\253\211\215\21\302*\227&\204?q\212\370\6]"..., 250) = 250
359588 read(11, "\27\3\3\0A", 5)        = 5
359588 read(11, "@&\314\30\267\275\263Y'\177\20XX\254\222\226\271j\371\346\371>zS\31\243\3230>-\206{"..., 65) = 65
359588 write(11, "\27\3\3\0)\267\271n2\206\250=\323\267\25t\33\243\244\254\n\341\270\355\214;3\231P\5\354\311"..., 46) = 46
359588 read(11,  <unfinished ...>
359604 read(29, "\27\3\3\1\31", 5)      = 5
359588 <... read resumed>"\27\3\3\0(", 5) = 5
359604 read(29,  <unfinished ...>
359588 read(11,  <unfinished ...>
359604 <... read resumed>"P\371\370\245\316\33E3\311\235\304,6\211\03778?Q\203\356Z\3055@.r\26\354\17\21\214"..., 281) = 281
359588 <... read resumed>"\361G\321.I6\25\370\n\345g\300\273\262\317r\345PT\246\226\302\"\217(\242\37\231z%\24\20"..., 40) = 40
359588 write(11, "\27\3\3\0&\"~HG\361E\217\357\272\247\252\327Vi\376$\300\r\27\260\336\340hV\235E\365"..., 43) = 43
359588 read(11, "\27\3\3\0\200", 5)     = 5
359604 read(29,  <unfinished ...>
359588 read(11,  <unfinished ...>
359604 <... read resumed>"\27\3\3\0E", 5) = 5
359588 <... read resumed>"s\247\269M4UM]\233A\245\321\201]+\275\34d\304:\212\246{R\375KY'mx^"..., 128) = 128
359604 read(29,  <unfinished ...>
359588 write(11, "\27\3\3\0(\30L\332\270\237N\325]\259\205q\26)T\240\r\350=\2668H;\317\324\342\31"..., 45 <unfinished ...>
359604 <... read resumed>"\16\177!\307\323\0256\354\324\322\306\303\301\306,\312\10OB\205\3077u\17\336\244\324\200\352\204#i"..., 69) = 69
359588 <... write resumed>)             = 45
359588 read(11, "\27\3\3\0/", 5)        = 5
359588 read(11, "\v\23\341~\312=\340\345qq\276\357`\24{8u\303\223M|\223\331w4\263\213\24544t\207"..., 47) = 47
359588 write(11, "\27\3\3\0F%i\355\31\273\4g\24\327\316\372\17\34\3p\231\7\342\7\0\323u\226\200\26<\""..., 75) = 75
359604 write(29, "\24\3\3\0\1\1\27\3\3\0\31\344o>#Z=\242OL\357\247>\201\241\244\340~fVu<"..., 110 <unfinished ...>
359588 read(11,  <unfinished ...>
359604 <... write resumed>)             = 110
359604 write(29, "\27\3\3\0\316\263\352\204\256\300\3172\10\367F\257Z\177<\n\274\257\303U:\205Q\265\332\241\254\256"..., 211) = 211
359604 read(29, "\27\3\3\0\372", 5)     = 5
359604 read(29, "3\300f}R\317&\351\364\2446G.\365\214\20}A\322\243\370 \7\322\353\25\314\231\310\21t3"..., 250) = 250
359604 read(29, "\27\3\3\0\372", 5)     = 5
359604 read(29, "\377\320?\276\374\350\367L\205\217`>\6]>R+*}{\214{\0\16\213\177\0366\204x\257\1"..., 250) = 250
359604 read(29, "\27\3\3\0A", 5)        = 5
359604 read(29, "\265\20\237\10\235\327\220cZ\22\314\361\322~\226\0\246\33\0240Q\17\277\f\331{(@\201\10v\337"..., 65) = 65
359604 write(29, "\27\3\3\0)\250-c\332\235\246\212\215\337\277\253\235\367AbT\307\216\326\265\276R\362\243\37\2204"..., 46) = 46
359604 read(29, "\27\3\3\0(", 5)        = 5
359604 read(29, "J\260\304$; \21{\21^\24\303\343\276\333\367\240\21\241)\367\r\362\10/\241\355,M4\376\22"..., 40) = 40
359604 write(29, "\27\3\3\0&\227I_\20A\317)\376\310\353$\314d=A+e<\1\v\310d\n'\316\302p"..., 43) = 43
359604 read(29, "\27\3\3\0\200", 5)     = 5
359604 read(29, "\354D\277TE\212\331\r\230Q\257\224\24m\27\235\262\340\273\317\222\25\312\324\\\23\220\265\364\223\212#"..., 128) = 128
359604 write(29, "\27\3\3\0(\357\357=H\31T}\270M\213\363I\210\300A\346P\21\217\303\366\347!S\237\243\254"..., 45) = 45
359604 read(29, "\27\3\3\0/", 5)        = 5
359604 read(29, "\267\340\376\346\310\25u\363*\f\6\203\31q\30348z\3249\353l\374\30$\221\342\325\311\221\30f"..., 47) = 47
359604 write(29, "\27\3\3\0F<[\363\0\327/\r\4\367\251\335y\323\37d\332\304\rg]\34\233i`\23\337\32"..., 75) = 75
359604 read(29,  <unfinished ...>
359593 <... read resumed>"\27\3\3\31\326", 5) = 5
359593 read(16, "\254\326V\264\307\203@\261\342\245\7\6\26\202/\4bd\33Sa\213\25_\244\363Mb\335\275\214\331"..., 6614) = 6614
359594 <... read resumed>"\27\3\3\33i", 5) = 5
359599 <... read resumed>"\27\3\3\31\231", 5) = 5
359598 <... read resumed>"\27\3\3\32\347", 5) = 5
359599 read(25,  <unfinished ...>
359594 read(17,  <unfinished ...>
359598 read(22,  <unfinished ...>
359599 <... read resumed>"D\370\304=\374\34043\35\317\366\234:\263{\242W9\331\337\344\313o\357\243\270A#n^C\26"..., 6553) = 6553
359598 <... read resumed>"\301\246\361P8\354 \353\365_\326R\204\342\313\21\215\361\224\220\273\365\345\322\21\337Q\230\306<\356\""..., 6887) = 6887
359594 <... read resumed>"6\372\voF\372T\270\205\331c|\"\200\344\357F-\336\3m\36\1(\333\36\16\327\22X\33\250"..., 7017) = 7017
359599 sendto(6, "\0", 1, 0, NULL, 0)   = 1
359598 sendto(6, "\0", 1, 0, NULL, 0)   = 1
359598 write(3, "INFO:jaeger_tracing:Reporting sp"..., 112) = 112
359593 sendto(6, "\0", 1, 0, NULL, 0)   = 1
359598 write(22, "\27\3\3\0\26\r$w\\<\255\r\357h\227\315\276\240&\300\372l_\357>m\331", 27 <unfinished ...>
359594 sendto(6, "\0", 1, 0, NULL, 0)   = 1
359598 <... write resumed>)             = 27
359599 write(3, "INFO:jaeger_tracing:Reporting sp"..., 112) = 112
359599 write(25, "\27\3\3\0\26\355\351\t\324jY\210opl'\334\t/S\222\300$\310\216\275\216", 27) = 27
359588 <... read resumed>"\27\3\3\34\r", 5) = 5
359593 write(3, "INFO:jaeger_tracing:Reporting sp"..., 112 <unfinished ...>
359588 read(11, "\2007I\324\fZ\313\26\312\263P\305\3135\272\321\275\5\221\316\204\333\257P\320\240\332\277^\357\300\243"..., 7181) = 7181
359593 <... write resumed>)             = 112
359599 write(8, "10.5.30.76 - - [16/May/2024 21:2"..., 72) = 72
359593 write(16, "\27\3\3\0\26\5\236N\263\20\266i%\n\302\267L0\0\3147\304W\340\r\271s", 27) = 27
359594 write(3, "INFO:jaeger_tracing:Reporting sp"..., 111) = 111
359594 write(17, "\27\3\3\0\26\0\343\0234\214\277\244\344\235i\223\17%5\305\3\f\5\21\244\261\354", 27) = 27
359588 sendto(6, "\0", 1, 0, NULL, 0)   = 1
359599 write(3, "INFO:werkzeug:10.5.30.76 - - [16"..., 86) = 86
359599 sendto(19, "HTTP/1.0 200 OK\r\n", 17, 0, NULL, 0) = 17
359599 sendto(19, "Content-Type: application/json\r\n"..., 132, 0, NULL, 0) = 132
359598 write(8, "10.5.30.76 - - [16/May/2024 21:2"..., 72) = 72
359588 write(3, "INFO:jaeger_tracing:Reporting sp"..., 112) = 112
359599 sendto(19, "[{\"id\": 774855, \"Name\": \"Opio en"..., 11727, 0, NULL, 0) = 11727
359588 write(11, "\27\3\3\0\26\365\344\2436c7\300s\202\304i\3214\350\320\321\351\"\2341\263\201", 27) = 27
359593 write(8, "10.5.30.76 - - [16/May/2024 21:2"..., 72) = 72
359598 write(3, "INFO:werkzeug:10.5.30.76 - - [16"..., 86) = 86
359594 write(8, "10.5.30.76 - - [16/May/2024 21:2"..., 72) = 72
359598 sendto(18, "HTTP/1.0 200 OK\r\n", 17, 0, NULL, 0) = 17
359593 write(3, "INFO:werkzeug:10.5.30.76 - - [16"..., 86) = 86
359593 sendto(13, "HTTP/1.0 200 OK\r\n", 17, 0, NULL, 0) = 17
359598 sendto(18, "Content-Type: application/json\r\n"..., 132, 0, NULL, 0 <unfinished ...>
359599 +++ exited with 0 +++
359598 <... sendto resumed>)            = 132
359588 write(8, "10.5.30.76 - - [16/May/2024 21:2"..., 72) = 72
359592 <... read resumed>"\27\3\3\32\342", 5) = 5
359592 read(15, "\257+,se\266#_\231%\203}\341\376{\347w\262\217\307\236!\"B\312<\357\312W\6\241\340"..., 6882) = 6882
359594 write(3, "INFO:werkzeug:10.5.30.76 - - [16"..., 86) = 86
359593 sendto(13, "Content-Type: application/json\r\n"..., 132, 0, NULL, 0) = 132
359594 sendto(14, "HTTP/1.0 200 OK\r\n", 17, 0, NULL, 0) = 17
359598 sendto(18, "[{\"id\": 670714, \"Name\": \"Anarcho"..., 12465, 0, NULL, 0) = 12465
359588 write(3, "INFO:werkzeug:10.5.30.76 - - [16"..., 86) = 86
359593 sendto(13, "[{\"id\": 581606, \"Name\": \"Betroth"..., 11844, 0, NULL, 0) = 11844
359588 sendto(10, "HTTP/1.0 200 OK\r\n", 17, 0, NULL, 0) = 17
359592 sendto(6, "\0", 1, 0, NULL, 0)   = 1
359594 sendto(14, "Content-Type: application/json\r\n"..., 132, 0, NULL, 0) = 132
359588 sendto(10, "Content-Type: application/json\r\n"..., 132, 0, NULL, 0) = 132
359592 write(3, "INFO:jaeger_tracing:Reporting sp"..., 112) = 112
359598 +++ exited with 0 +++
359594 sendto(14, "[{\"id\": 148397, \"Name\": \"Jan Kar"..., 12431, 0, NULL, 0) = 12431
359588 sendto(10, "[{\"id\": 861630, \"Name\": \"Jules V"..., 12743, 0, NULL, 0) = 12743
359592 write(15, "\27\3\3\0\26R6\312\360PP\331\214\30\326\270\17\355hH\241w\300\331>\23f", 27) = 27
359592 write(8, "10.5.30.76 - - [16/May/2024 21:2"..., 72) = 72
359592 write(3, "INFO:werkzeug:10.5.30.76 - - [16"..., 86) = 86
359594 +++ exited with 0 +++
359592 sendto(12, "HTTP/1.0 200 OK\r\n", 17, 0, NULL, 0) = 17
359592 sendto(12, "Content-Type: application/json\r\n"..., 132, 0, NULL, 0) = 132
359593 +++ exited with 0 +++
359592 sendto(12, "[{\"id\": 250707, \"Name\": \"Royal S"..., 12214, 0, NULL, 0) = 12214
359588 +++ exited with 0 +++
359592 +++ exited with 0 +++
359604 <... read resumed>"\27\3\3\32\225", 5) = 5
359604 read(29, "\312l\205]\nH\32$q\240\34*\211\355r\247*\10a\5\373\236[\23\200|LI\311\25\327\255"..., 6805) = 6805
359604 sendto(6, "\0", 1, 0, NULL, 0)   = 1
359604 write(3, "INFO:jaeger_tracing:Reporting sp"..., 112) = 112
359604 write(29, "\27\3\3\0\26\262~\t\nY\245\252\2335\36\264f\361\375/\373\21\321qY\324\\", 27) = 27
359604 write(8, "10.5.30.76 - - [16/May/2024 21:2"..., 72) = 72
359604 write(3, "INFO:werkzeug:10.5.30.76 - - [16"..., 86) = 86
359604 sendto(24, "HTTP/1.0 200 OK\r\n", 17, 0, NULL, 0) = 17
359604 sendto(24, "Content-Type: application/json\r\n"..., 132, 0, NULL, 0) = 132
359604 sendto(24, "[{\"id\": 691114, \"Name\": \"On the "..., 12139, 0, NULL, 0) = 12139
359604 +++ exited with 0 +++
359601 <... read resumed>"\27\3\3\32\1", 5) = 5
359601 read(27, "\251\3364PZ\336\331G\343\253w`\321#\353\202\30\264\366\341\217\235S\\\23\336\336\326\300\376\241\247"..., 6657) = 6657
359601 sendto(6, "\0", 1, 0, NULL, 0)   = 1
359601 write(3, "INFO:jaeger_tracing:Reporting sp"..., 111) = 111
359601 write(27, "\27\3\3\0\26\304v\n7\371\270\235@2\347\334t\203<\\\10L\221\355\10HR", 27) = 27
359601 write(8, "10.5.30.76 - - [16/May/2024 21:2"..., 72) = 72
359601 write(3, "INFO:werkzeug:10.5.30.76 - - [16"..., 86) = 86
359601 sendto(21, "HTTP/1.0 200 OK\r\n", 17, 0, NULL, 0) = 17
359601 sendto(21, "Content-Type: application/json\r\n"..., 132, 0, NULL, 0) = 132
359601 sendto(21, "[{\"id\": 157337, \"Name\": \"Royal F"..., 11967, 0, NULL, 0) = 11967
359601 +++ exited with 0 +++
359600 <... read resumed>"\27\3\3\32\274", 5) = 5
359600 read(26, "\274\257\5\2157Y\37\t\3173\f\271 \224\253\350\327\263..\334S\16Xdh\250{\270~^g"..., 6844) = 6844
359600 sendto(6, "\0", 1, 0, NULL, 0)   = 1
359600 write(3, "INFO:jaeger_tracing:Reporting sp"..., 108) = 108
359600 write(26, "\27\3\3\0\26\21\275\346Z\204\355\340\207.a:\215q\3127*\20\244\253\371#\357", 27) = 27
359600 write(8, "10.5.30.76 - - [16/May/2024 21:2"..., 72) = 72
359600 write(3, "INFO:werkzeug:10.5.30.76 - - [16"..., 86) = 86
359600 sendto(20, "HTTP/1.0 200 OK\r\n", 17, 0, NULL, 0) = 17
359600 sendto(20, "Content-Type: application/json\r\n"..., 132, 0, NULL, 0) = 132
359600 sendto(20, "[{\"id\": 69993, \"Name\": \"My Revis"..., 12002, 0, NULL, 0) = 12002
359600 +++ exited with 0 +++
359603 <... read resumed>"\27\3\3\31\241", 5) = 5
359603 read(28, "\210\231\261\2\257\6\217o\33\326\203\270\21y\16\vx\330o\355\351\254\2145\367\355\263\325\261\n*5"..., 6561) = 6561
359603 sendto(6, "\0", 1, 0, NULL, 0)   = 1
359603 write(3, "INFO:jaeger_tracing:Reporting sp"..., 112) = 112
359603 write(28, "\27\3\3\0\26\"\252\357\272\313\253\0330\340\347U\347\342\205\205\200\341\235\243\234\1e", 27) = 27
359603 write(8, "10.5.30.76 - - [16/May/2024 21:2"..., 72) = 72
359603 write(3, "INFO:werkzeug:10.5.30.76 - - [16"..., 86) = 86
359603 sendto(23, "HTTP/1.0 200 OK\r\n", 17, 0, NULL, 0) = 17
358987 read(10,  <unfinished ...>
359603 sendto(23, "Content-Type: application/json\r\n"..., 132, 0, NULL, 0 <unfinished ...>
358987 <... read resumed>"127.0.0.1 localhost\n127.0.1.1 ad"..., 4096) = 220
359603 <... sendto resumed>)            = 132
359603 sendto(23, "[{\"id\": 331924, \"Name\": \"Mirador"..., 11807, 0, NULL, 0) = 11807
358987 read(10, "", 4096)               = 0
358987 sendto(7, "\202\201\1\temitBatch\34\34\30\10techDB_5\31<\30\16jae"..., 2173, 0, {sa_family=AF_INET, sin_port=htons(6831), sin_addr=inet_addr("127.0.0.1")}, 16) = 2173
359603 +++ exited with 0 +++
359014 accept4(9, {sa_family=AF_INET, sin_port=htons(36358), sin_addr=inet_addr("10.5.30.76")}, [16], SOCK_CLOEXEC) = 10
359014 clone(child_stack=0x7fee827fbfb0, flags=CLONE_VM|CLONE_FS|CLONE_FILES|CLONE_SIGHAND|CLONE_THREAD|CLONE_SYSVSEM|CLONE_SETTLS|CLONE_PARENT_SETTID|CLONE_CHILD_CLEARTID, parent_tid=[359690], tls=0x7fee827fc700, child_tidptr=0x7fee827fc9d0) = 359690
359690 gettid()                         = 359690
359690 write(2, "{\"message\": \"\\nTrace_LOG_START:,"..., 500) = 500
359690 write(8, "LOG_START_wsgi ,TS=1715874620.42"..., 38) = 38
359690 write(3, "INFO:werkzeug:LOG_START_wsgi ,TS"..., 52) = 52
359690 write(8, "headers = \nHost: 10.5.30.76:8001"..., 259) = 259
359690 write(3, "INFO:werkzeug:headers = \nHost: 1"..., 273) = 273
359690 gettid()                         = 359690
359690 write(8, "PID = \n358904\n", 14) = 14
359690 write(3, "INFO:werkzeug:PID = \n358904\n", 28) = 28
359690 write(8, "TID = \n359690\n", 14) = 14
359690 write(3, "INFO:werkzeug:TID = \n359690\n", 28) = 28
359690 write(8, "post_data_form = \nImmutableMulti"..., 41) = 41
359690 write(3, "INFO:werkzeug:post_data_form = \n"..., 55) = 55
359690 write(8, "LOG_STOP_wsgi, TS=1715874620.428"..., 37) = 37
359690 write(3, "INFO:werkzeug:LOG_STOP_wsgi, TS="..., 51) = 51
359690 connect(11, {sa_family=AF_INET, sin_port=htons(3306), sin_addr=inet_addr("127.0.0.1")}, 16) = -1 EINPROGRESS (Operation now in progress)
359690 sendto(11, " \0\0\1\215\252\277\31\0\0\0@!\0\0\0\0\0\0\0\0\0\0\0\0\0\0\0\0\0\0\0"..., 36, 0, NULL, 0) = 36
359690 write(11, "\26\3\1\1=\1\0\19\3\3\204\33\245\316\311p|\225%R\342W\37\364\365\371'\204\345\373\326"..., 322) = 322
359690 read(11, "\26\3\3\0\233", 5)     = 5
359690 read(11, "\2\0\0\227\3\3:\211\270\10%\331\327\226\365D\334\362)H\363\277s\223\337(\213\327P\241\300\215"..., 155) = 155
359690 read(11, "\24\3\3\0\1", 5)       = 5
359690 read(11, "\1", 1)                = 1
359690 read(11, "\27\3\3\0\27", 5)      = 5
359690 read(11, "Q\363~*}X\272\233t5\254O>\23\271QC\25\2176\343\350\353", 23) = 23
359690 read(11, "\27\3\3\0>", 5)        = 5
359690 read(11, "\25\320p\360~\342\304\241\273Z5\265X\376c\34\325$\242\223o\337|\222\2xz\272\364\247>\0"..., 62) = 62
359690 read(11, "\27\3\3\68", 5)        = 5
359690 read(11, "i&{\270b\234\372\303\331u\377\267\217\360\303\360\353\251\264\24F\2Q\244\375`\357\351@\26\30\225"..., 1592) = 1592
359690 read(11, "\27\3\3\1\31", 5)      = 5
359690 read(11, "\302\226\215\337\324'\2\n/Y\337i\302\263l\241\203\373\27\215\267\202\254\10e\347;\337\332\250v:"..., 281) = 281
359690 read(11, "\27\3\3\0E", 5)        = 5
359690 read(11, "\346\361u\342f\313\373\235\302\23m\376!T\237@\346\313\261\36\200WmV\242mZW\32<\0\246"..., 69) = 69
359690 write(11, "\24\3\3\0\1\1\27\3\3\0\31\27\222\226E\226\2L=\300\262\353\221\26R\335\177\23\r\21\315\2"..., 110) = 110
359690 write(11, "\27\3\3\0\316]>\376\302[YH[\33\337\226y%\351:cs\6``\327\"\335\2744\303\215"..., 211) = 211
359690 read(11, "\27\3\3\0\372", 5)     = 5
359690 read(11, "Z!\23\2\352\323\213\371\340]\246oL\272\275\31\364O\245\237\235Y\377\277\266\311\34\243\377^N\321"..., 250) = 250
359690 read(11, "\27\3\3\0\372", 5)     = 5
359690 read(11, "*\257\227C,\347\221N5U1|\235|d\233\214\355\224\372\312\356m\240`\30\203\276\367\372\336-"..., 250) = 250
359690 read(11, "\27\3\3\0A", 5)        = 5
359690 read(11, "\223\307\346\5\367;^\3\366mP\f5\1\342ms\223\362\212\350\"\375\347i\371\f\244M\204\336\340"..., 65) = 65
359690 write(11, "\27\3\3\0)[A\362Iy\263;\260K\341\364\211\276A\251+\212\375\373\243\365\322\253\252FT\4"..., 46) = 46
359690 read(11, "\27\3\3\0(", 5)        = 5
359690 read(11, "^D\243\230k\3038l.\306C\227f\215\24h\202/g!\r\234\337\342\"\211U/\317\\\372U"..., 40) = 40
359690 write(11, "\27\3\3\0&\243\247\330\213\313T\2\312\320\242\260\316\342H\267\242\327\35p\16,y\231\2208\337p"..., 43) = 43
359690 read(11, "\27\3\3\0\200", 5)     = 5
359690 read(11, "\3451Ox\251b\200\223\327\235\33\36\0215\207\205\314\3\310r8\266\341[P\334\3665F\330\231\t"..., 128) = 128
359690 write(11, "\27\3\3\0(d\360kt\303p\257\220B\303\312=\264\10\313\3229\311\346\341\200^!\24\210'\202"..., 45) = 45
359690 read(11, "\27\3\3\0/", 5)        = 5
359690 read(11, "\373\200=\4u\371y>\351\271\312rIy\5\311\361bv\337\361\376\1\366\330:U\1*;t\10"..., 47) = 47
359690 write(11, "\27\3\3\0F:\263\3058P\361%q0\370\204\357\350\22\211\233\252:\325\252\304P\377\300\254\17f"..., 75) = 75
359690 read(11,  <unfinished ...>
359014 accept4(9, {sa_family=AF_INET, sin_port=htons(36368), sin_addr=inet_addr("10.5.30.76")}, [16], SOCK_CLOEXEC) = 13
359014 clone(child_stack=0x7fee837fdfb0, flags=CLONE_VM|CLONE_FS|CLONE_FILES|CLONE_SIGHAND|CLONE_THREAD|CLONE_SYSVSEM|CLONE_SETTLS|CLONE_PARENT_SETTID|CLONE_CHILD_CLEARTID, parent_tid=[359694], tls=0x7fee837fe700, child_tidptr=0x7fee837fe9d0) = 359694
359694 gettid()                         = 359694
359694 write(2, "{\"message\": \"\\nTrace_LOG_START:,"..., 499) = 499
359694 write(8, "LOG_START_wsgi ,TS=1715874620.43"..., 37) = 37
359694 write(3, "INFO:werkzeug:LOG_START_wsgi ,TS"..., 51) = 51
359694 write(8, "headers = \nHost: 10.5.30.76:8001"..., 259) = 259
359694 write(3, "INFO:werkzeug:headers = \nHost: 1"..., 273) = 273
359694 gettid()                         = 359694
359694 write(8, "PID = \n358904\n", 14) = 14
359694 write(3, "INFO:werkzeug:PID = \n358904\n", 28) = 28
359694 write(8, "TID = \n359694\n", 14) = 14
359694 write(3, "INFO:werkzeug:TID = \n359694\n", 28) = 28
359694 write(8, "post_data_form = \nImmutableMulti"..., 41) = 41
359694 write(3, "INFO:werkzeug:post_data_form = \n"..., 55) = 55
359694 write(8, "LOG_STOP_wsgi, TS=1715874620.438"..., 36) = 36
359694 write(3, "INFO:werkzeug:LOG_STOP_wsgi, TS="..., 50) = 50
359694 connect(14, {sa_family=AF_INET, sin_port=htons(3306), sin_addr=inet_addr("127.0.0.1")}, 16) = -1 EINPROGRESS (Operation now in progress)
359694 sendto(14, " \0\0\1\215\252\277\31\0\0\0@!\0\0\0\0\0\0\0\0\0\0\0\0\0\0\0\0\0\0\0"..., 36, 0, NULL, 0) = 36
359694 write(14, "\26\3\1\1=\1\0\19\3\3\300\325\253\312\337/\212\23+\372\334\345\204\10\32\322u\177\213?H"..., 322) = 322
359694 read(14, "\26\3\3\0\233", 5)     = 5
359694 read(14, "\2\0\0\227\3\3\210K\232(\17\367W\374\225\302\rI\331\\[\2521\325\3470N%\367\310\241A"..., 155) = 155
359694 read(14, "\24\3\3\0\1", 5)       = 5
359694 read(14, "\1", 1)                = 1
359694 read(14, "\27\3\3\0\27", 5)      = 5
359694 read(14, "\337\216*L\370z\375\356\365c1\2\317\0\2504\203\314 B\21\323b", 23) = 23
359694 read(14, "\27\3\3\0>", 5)        = 5
359694 read(14, "\330\217`\264ryK\331\241\340\215\17\1\250@\374~\223q\222\"\212&\336\276\224\360\241\216\335%N"..., 62) = 62
359694 read(14, "\27\3\3\68", 5)        = 5
359694 read(14, "\372\314\267\300\343\2239N\311$\301\374\344\217\25\23\244\344\245q\304l\355\375(\1\243\2]\261\360\212"..., 1592) = 1592
359694 read(14, "\27\3\3\1\31", 5)      = 5
359694 read(14, "\363\367de\6>u%\252l\207t\\\254&\355\"\32\242\254\t9\336!\302\236\370\270\254\264\24\333"..., 281) = 281
359694 read(14, "\27\3\3\0E", 5)        = 5
359694 read(14, "\316\341'\256\207\356\370\30Z\351-9\307\350\361(\366\340\334\350\"M\306\277}\246\344\30\342\252\0\364"..., 69) = 69
359694 write(14, "\24\3\3\0\1\1\27\3\3\0\31O\260\203Py\263\vR\204\205k\221[\207\345EI\234\222\247\273"..., 110) = 110
359694 write(14, "\27\3\3\0\316\344\343\"\310:\323\224\223\367t\5(\311\332%Q\317\235M\7\266\233\213{+\223\363"..., 211) = 211
359694 read(14, "\27\3\3\0\372", 5)     = 5
359694 read(14, "\206{\1;/\265\32\365o\3761x\207t\325n\342\350\300.\vK\311x\245a\r\251=M\323\302"..., 250) = 250
359694 read(14, "\27\3\3\0\372", 5)     = 5
359694 read(14, "\320\355\24\3\204\246>\377\323\200t\261Q\354&\247j\30\3736T\342\24\26v$\363\16\24\346`\267"..., 250) = 250
359694 read(14, "\27\3\3\0A", 5)        = 5
359694 read(14, "6q\231\233\351\307\253\270\376iB\250\v\366\3033k\216'\363\334l\265P\360\\\252\240\305\275\344\""..., 65) = 65
359694 write(14, "\27\3\3\0)\340X$p\36\02527\363_'\360&U[\340\33\315\277^\315\4\263H\200\2531"..., 46) = 46
359694 read(14, "\27\3\3\0(", 5)        = 5
359694 read(14, "\\\3749Hj\312\213 Ih\234\260\313\235b?\33\236\314\22\363\356\23\335/\327\334\23D64\355"..., 40) = 40
359694 write(14, "\27\3\3\0&\265\202\323\230g\n\1\231\t\265D4\216\257-bB\310\336\372\256\36iI\273\201\211"..., 43) = 43
359694 read(14, "\27\3\3\0\200", 5)     = 5
359694 read(14, "{\335>\4:\222\231\274\233}\234Y\3310\204\236\306\351\311\5$s\7h,<\tc\3\302\270\376"..., 128) = 128
359694 write(14, "\27\3\3\0(\365\371\376\305\332Y&Y9\326{.\337\36qla\257\263\4\2/\31\16G\342\300"..., 45) = 45
359694 read(14, "\27\3\3\0/", 5)        = 5
359694 read(14, "\r\373]\324\317\202\237E\276\243LZ\334\n\212\250\277L\246\344\6\31\320F\247+D\304b\206\240z"..., 47) = 47
359694 write(14, "\27\3\3\0F\367\352\256\354swW>\220\332u}q4'\327\201L0\271\227\226\25\202\365.\262"..., 75) = 75
359694 read(14,  <unfinished ...>
359014 accept4(9, {sa_family=AF_INET, sin_port=htons(36382), sin_addr=inet_addr("10.5.30.76")}, [16], SOCK_CLOEXEC) = 15
359014 clone(child_stack=0x7fee82ffcfb0, flags=CLONE_VM|CLONE_FS|CLONE_FILES|CLONE_SIGHAND|CLONE_THREAD|CLONE_SYSVSEM|CLONE_SETTLS|CLONE_PARENT_SETTID|CLONE_CHILD_CLEARTID, parent_tid=[359698], tls=0x7fee82ffd700, child_tidptr=0x7fee82ffd9d0) = 359698
359698 gettid()                         = 359698
359698 write(2, "{\"message\": \"\\nTrace_LOG_START:,"..., 499) = 499
359698 write(8, "LOG_START_wsgi ,TS=1715874620.45"..., 37) = 37
359698 write(3, "INFO:werkzeug:LOG_START_wsgi ,TS"..., 51) = 51
359698 write(8, "headers = \nHost: 10.5.30.76:8001"..., 259) = 259
359698 write(3, "INFO:werkzeug:headers = \nHost: 1"..., 273) = 273
359698 gettid()                         = 359698
359698 write(8, "PID = \n358904\n", 14) = 14
359698 write(3, "INFO:werkzeug:PID = \n358904\n", 28) = 28
359698 write(8, "TID = \n359698\n", 14) = 14
359698 write(3, "INFO:werkzeug:TID = \n359698\n", 28) = 28
359698 write(8, "post_data_form = \nImmutableMulti"..., 41) = 41
359698 write(3, "INFO:werkzeug:post_data_form = \n"..., 55) = 55
359698 write(8, "LOG_STOP_wsgi, TS=1715874620.450"..., 36) = 36
359698 write(3, "INFO:werkzeug:LOG_STOP_wsgi, TS="..., 50) = 50
359698 connect(16, {sa_family=AF_INET, sin_port=htons(3306), sin_addr=inet_addr("127.0.0.1")}, 16) = -1 EINPROGRESS (Operation now in progress)
359698 sendto(16, " \0\0\1\215\252\277\31\0\0\0@!\0\0\0\0\0\0\0\0\0\0\0\0\0\0\0\0\0\0\0"..., 36, 0, NULL, 0) = 36
359698 write(16, "\26\3\1\1=\1\0\19\3\3\210\333d\274\331\33\17h\255H\366\367\375\200\302\243\251z\201Z\205"..., 322) = 322
359698 read(16, "\26\3\3\0\233", 5)     = 5
359698 read(16, "\2\0\0\227\3\3\372 \231\330r\221T{Y\337\354# \4\276f!W'\272\345\345\23\341?\257"..., 155) = 155
359698 read(16, "\24\3\3\0\1", 5)       = 5
359698 read(16, "\1", 1)                = 1
359698 read(16, "\27\3\3\0\27", 5)      = 5
359698 read(16, "\2309K%H\246-\244j\337\365\320\340\342\373\305})\366V\365\305\244", 23) = 23
359698 read(16, "\27\3\3\0>", 5)        = 5
359698 read(16, "Hn\234\236\7\255\7tB\23\326o\241\326Z\227\31\242B\327\253\27\375&2'\210cG\3159\277"..., 62) = 62
359698 read(16, "\27\3\3\68", 5)        = 5
359698 read(16, ":s\205\34TF\4\215z/\322\354\342\213\271\262u\331\353 \327\25iu\221F\377\271\333\377\"N"..., 1592) = 1592
359698 read(16, "\27\3\3\1\31", 5)      = 5
359698 read(16, "yD\fq\f}\350XWbz\204f\216)/\365\26o\"\22e\365\214\257\324b\363k\v\222\262"..., 281) = 281
359698 read(16, "\27\3\3\0E", 5)        = 5
359698 read(16, "DO\323G>h\34\323\23Y\30\227\254\340\n\35\201\367\303\223\v\257_\360\371\23\262Q\320\0002\263"..., 69) = 69
359698 write(16, "\24\3\3\0\1\1\27\3\3\0\31\266\16\312\204v\242Wl&\2006\177\214\316012=\366\254\312"..., 110) = 110
359698 write(16, "\27\3\3\0\316\6\221\245\333s\3t\245\251|^B\347\222b\n\221OL\344\7\270\307\4n\304\353"..., 211) = 211
359698 read(16, "\27\3\3\0\372", 5)     = 5
359698 read(16, "^\205\324\314e\306\3167\365\17\r\303|1-\340\275T)\264\250\267\230\37\275\235\346k\20\346\264\340"..., 250) = 250
359698 read(16, "\27\3\3\0\372", 5)     = 5
359698 read(16, "\32\270@\344\220_GK\211<\7\234\203\320\t:K\3401\36\347TAp\257\5\235\26~\177Z\304"..., 250) = 250
359698 read(16, "\27\3\3\0A", 5)        = 5
359698 read(16, "\16/\275]\214J\370\231x,\4\216@T\\c\22\20\224_\224\354OZ\336\356\t&oGX\313"..., 65) = 65
359698 write(16, "\27\3\3\0)j\273\323\6\265\334\247\27\27\7\24Hle\377\212x[g\37(+_\t}'\267"..., 46) = 46
359698 read(16, "\27\3\3\0(", 5)        = 5
359698 read(16, "\357,\347\353\216\315U,\204\3\17\366\353\270fjN\317s\272\301\323$t\22\365\343M&\202A\327"..., 40) = 40
359698 write(16, "\27\3\3\0&7\237|}\207%1\35D\316S\336\244\251\342Y\253\324\257\223U\346\310\21$v\n"..., 43) = 43
359698 read(16, "\27\3\3\0\200", 5)     = 5
359698 read(16, "\253\321\262Z\201\205\337\352\v\341\235\276\364\3\316\303\r\260R{\314Y\357\277\223~\26\355\205>2\f"..., 128) = 128
359698 write(16, "\27\3\3\0(\nYb\305\v\252*_o\210\26\303\31 \370\265\356\25\33`\364X\v\217\342=\26"..., 45) = 45
359698 read(16, "\27\3\3\0/", 5)        = 5
359698 read(16, "B\n\276\257B\366\324\324\275\333k\25<pU\36\241\324n^\336u\2701\203|w6\371\20\371\240"..., 47) = 47
359698 write(16, "\27\3\3\0F\253\271\217\216/\371\263\3574\245\201F21\250`\212\202\32f&\315\307\226V\271="..., 75) = 75
359698 read(16,  <unfinished ...>
359014 accept4(9, {sa_family=AF_INET, sin_port=htons(36398), sin_addr=inet_addr("10.5.30.76")}, [16], SOCK_CLOEXEC) = 17
359014 clone(child_stack=0x7fee81ffafb0, flags=CLONE_VM|CLONE_FS|CLONE_FILES|CLONE_SIGHAND|CLONE_THREAD|CLONE_SYSVSEM|CLONE_SETTLS|CLONE_PARENT_SETTID|CLONE_CHILD_CLEARTID, parent_tid=[359699], tls=0x7fee81ffb700, child_tidptr=0x7fee81ffb9d0) = 359699
359699 gettid()                         = 359699
359699 write(2, "{\"message\": \"\\nTrace_LOG_START:,"..., 499) = 499
359014 accept4(9, {sa_family=AF_INET, sin_port=htons(36412), sin_addr=inet_addr("10.5.30.76")}, [16], SOCK_CLOEXEC) = 18
359699 write(8, "LOG_START_wsgi ,TS=1715874620.45"..., 37) = 37
359699 write(3, "INFO:werkzeug:LOG_START_wsgi ,TS"..., 51) = 51
359014 clone(child_stack=0x7feea2a2cfb0, flags=CLONE_VM|CLONE_FS|CLONE_FILES|CLONE_SIGHAND|CLONE_THREAD|CLONE_SYSVSEM|CLONE_SETTLS|CLONE_PARENT_SETTID|CLONE_CHILD_CLEARTID, parent_tid=[359700], tls=0x7feea2a2d700, child_tidptr=0x7feea2a2d9d0) = 359700
359699 write(8, "headers = \nHost: 10.5.30.76:8001"..., 259) = 259
359700 gettid()                         = 359700
359699 write(3, "INFO:werkzeug:headers = \nHost: 1"..., 273) = 273
359699 gettid()                         = 359699
359699 write(8, "PID = \n358904\n", 14) = 14
359014 accept4(9, {sa_family=AF_INET, sin_port=htons(36428), sin_addr=inet_addr("10.5.30.76")}, [16], SOCK_CLOEXEC) = 19
359700 write(2, "{\"message\": \"\\nTrace_LOG_START:,"..., 500) = 500
359014 clone(child_stack=0x7feea222bfb0, flags=CLONE_VM|CLONE_FS|CLONE_FILES|CLONE_SIGHAND|CLONE_THREAD|CLONE_SYSVSEM|CLONE_SETTLS|CLONE_PARENT_SETTID|CLONE_CHILD_CLEARTID, parent_tid=[359701], tls=0x7feea222c700, child_tidptr=0x7feea222c9d0) = 359701
359701 gettid()                         = 359701
359699 write(3, "INFO:werkzeug:PID = \n358904\n", 28) = 28
359701 write(2, "{\"message\": \"\\nTrace_LOG_START:,"..., 500) = 500
359014 accept4(9, {sa_family=AF_INET, sin_port=htons(36434), sin_addr=inet_addr("10.5.30.76")}, [16], SOCK_CLOEXEC) = 12
359700 write(8, "LOG_START_wsgi ,TS=1715874620.46"..., 38) = 38
359014 clone(child_stack=0x7feea1a2afb0, flags=CLONE_VM|CLONE_FS|CLONE_FILES|CLONE_SIGHAND|CLONE_THREAD|CLONE_SYSVSEM|CLONE_SETTLS|CLONE_PARENT_SETTID|CLONE_CHILD_CLEARTID, parent_tid=[359702], tls=0x7feea1a2b700, child_tidptr=0x7feea1a2b9d0) = 359702
359700 write(3, "INFO:werkzeug:LOG_START_wsgi ,TS"..., 52) = 52
359699 write(8, "TID = \n359699\n", 14) = 14
359702 gettid()                         = 359702
359699 write(3, "INFO:werkzeug:TID = \n359699\n", 28) = 28
359701 write(8, "LOG_START_wsgi ,TS=1715874620.46"..., 38) = 38
359702 write(2, "{\"message\": \"\\nTrace_LOG_START:,"..., 498) = 498
359701 write(3, "INFO:werkzeug:LOG_START_wsgi ,TS"..., 52) = 52
359700 write(8, "headers = \nHost: 10.5.30.76:8001"..., 259) = 259
359700 write(3, "INFO:werkzeug:headers = \nHost: 1"..., 273) = 273
359700 gettid()                         = 359700
359699 write(8, "post_data_form = \nImmutableMulti"..., 41) = 41
359699 write(3, "INFO:werkzeug:post_data_form = \n"..., 55) = 55
359702 write(8, "LOG_START_wsgi ,TS=1715874620.46"..., 36) = 36
359701 write(8, "headers = \nHost: 10.5.30.76:8001"..., 259) = 259
359700 write(8, "PID = \n358904\n", 14) = 14
359702 write(3, "INFO:werkzeug:LOG_START_wsgi ,TS"..., 50) = 50
359701 write(3, "INFO:werkzeug:headers = \nHost: 1"..., 273) = 273
359699 write(8, "LOG_STOP_wsgi, TS=1715874620.459"..., 36) = 36
359701 gettid()                         = 359701
359700 write(3, "INFO:werkzeug:PID = \n358904\n", 28) = 28
359702 write(8, "headers = \nHost: 10.5.30.76:8001"..., 259) = 259
359699 write(3, "INFO:werkzeug:LOG_STOP_wsgi, TS="..., 50) = 50
359701 write(8, "PID = \n358904\n", 14) = 14
359699 connect(21, {sa_family=AF_INET, sin_port=htons(3306), sin_addr=inet_addr("127.0.0.1")}, 16) = -1 EINPROGRESS (Operation now in progress)
359702 write(3, "INFO:werkzeug:headers = \nHost: 1"..., 273) = 273
359700 write(8, "TID = \n359700\n", 14) = 14
359699 sendto(21, " \0\0\1\215\252\277\31\0\0\0@!\0\0\0\0\0\0\0\0\0\0\0\0\0\0\0\0\0\0\0"..., 36, 0, NULL, 0) = 36
359702 gettid()                         = 359702
359701 write(3, "INFO:werkzeug:PID = \n358904\n", 28) = 28
359700 write(3, "INFO:werkzeug:TID = \n359700\n", 28) = 28
359699 write(21, "\26\3\1\1=\1\0\19\3\3\337\252\3239^\5\200Z\236zp\371\30\226\230\267\t^\205n^"..., 322) = 322
359699 read(21,  <unfinished ...>
359702 write(8, "PID = \n358904\n", 14) = 14
359701 write(8, "TID = \n359701\n", 14) = 14
359702 write(3, "INFO:werkzeug:PID = \n358904\n", 28) = 28
359700 write(8, "post_data_form = \nImmutableMulti"..., 41) = 41
359701 write(3, "INFO:werkzeug:TID = \n359701\n", 28) = 28
359702 write(8, "TID = \n359702\n", 14) = 14
359699 <... read resumed>"\26\3\3\0\233", 5) = 5
359699 read(21, "\2\0\0\227\3\3\20E\213\374\0036w\6q\306\204(\276*\303\247\277\354\270\252\27\300\323\320O\225"..., 155) = 155
359699 read(21, "\24\3\3\0\1", 5)       = 5
359700 write(3, "INFO:werkzeug:post_data_form = \n"..., 55 <unfinished ...>
359699 read(21,  <unfinished ...>
359700 <... write resumed>)             = 55
359699 <... read resumed>"\1", 1)       = 1
359699 read(21, "\27\3\3\0\27", 5)      = 5
359701 write(8, "post_data_form = \nImmutableMulti"..., 41 <unfinished ...>
359699 read(21,  <unfinished ...>
359701 <... write resumed>)             = 41
359699 <... read resumed>" \375B\314 \1J\262\214\7Q;\177\222(\213\370\356%\357\235\243@", 23) = 23
359699 read(21, "\27\3\3\0>", 5)        = 5
359699 read(21, "\332\346F\311\26\303R*^\365\374\236\f\24$\2472;\336J$\220\217F\344}\0047\277\322Id"..., 62) = 62
359699 read(21, "\27\3\3\68", 5)        = 5
359699 read(21, "\302\10\241\251\365\345\210\240^\252\254\264\243S\344\363\202\331\215/\274r\331|D\2605\263O=\246\315"..., 1592) = 1592
359699 read(21, "\27\3\3\1\31", 5)      = 5
359699 read(21,  <unfinished ...>
359702 write(3, "INFO:werkzeug:TID = \n359702\n", 28 <unfinished ...>
359699 <... read resumed>"-\0\367C\302\334\322\312\21^\226\346P\346j\376S3\245D\302\333\300\326N\236\34\305\263TF\277"..., 281) = 281
359702 <... write resumed>)             = 28
359699 read(21, "\27\3\3\0E", 5)        = 5
359699 read(21,  <unfinished ...>
359700 write(8, "LOG_STOP_wsgi, TS=1715874620.461"..., 37 <unfinished ...>
359699 <... read resumed>"=%z\30\320!\323\375^\30A\3P\217\342\219\275\354r*\337#@\220\17\346\336Y\16\346\350"..., 69) = 69
359700 <... write resumed>)             = 37
359699 write(21, "\24\3\3\0\1\1\27\3\3\0\31+Y\21QT\366\303\0\250+B`!\251\361\315\0\303\355\260\234"..., 110) = 110
359699 write(21, "\27\3\3\0\316>\332h\343;\20\330\2&(r(\304\275\237Q5\232\2153)\23_Nl\3\220"..., 211) = 211
359699 read(21, "\27\3\3\0\372", 5)     = 5
359699 read(21, "OO_\332\203M\330\267\303\373P\26\215RC\37\354\244E]\347X\17\30*\371k\30\321\347\237\202"..., 250) = 250
359699 read(21, "\27\3\3\0\372", 5)     = 5
359699 read(21, "\333d\233\252\330\327\30\351\331\326-\24<\336{\272\274R\243\276Q\3%\207\214Y\27\330\240\366_\200"..., 250) = 250
359699 read(21, "\27\3\3\0A", 5)        = 5
359699 read(21, "\21\315\21\243\32\vI69\4~$\311\231o5\246\301;|\"\312Pc\"7\3a\4\346wx"..., 65) = 65
359699 write(21, "\27\3\3\0)\341\357=\275\2}6\24\300\251d\357)k|\364\2446i\305W &-.\231P"..., 46) = 46
359699 read(21, "\27\3\3\0(", 5)        = 5
359699 read(21, "\206\264\"\231\t\nfH\\r\256\240\270\246zX\225\24K\271\316\344\225)}\326\226\205;\372\370\344"..., 40) = 40
359701 write(3, "INFO:werkzeug:post_data_form = \n"..., 55) = 55
359702 write(8, "post_data_form = \nImmutableMulti"..., 41) = 41
359699 write(21, "\27\3\3\0&\201a\277\317\fz\213\352|H\364\217MB\3061/1\204\301\372\307+\3359\355W"..., 43) = 43
359699 read(21, "\27\3\3\0\200", 5)     = 5
359699 read(21,  <unfinished ...>
359700 write(3, "INFO:werkzeug:LOG_STOP_wsgi, TS="..., 51 <unfinished ...>
359699 <... read resumed>"\363v\274v\310\203\355\364c\251S\214\10\227U*\361:\305\7\353P\335\363\ffPD\302\270\300\346"..., 128) = 128
359700 <... write resumed>)             = 51
359699 write(21, "\27\3\3\0(h\356A\264\361#\304\231\23j\300\245\317\230\"\376\264\3704\336\357\204\23\316\307\270N"..., 45) = 45
359699 read(21,  <unfinished ...>
359700 connect(22, {sa_family=AF_INET, sin_port=htons(3306), sin_addr=inet_addr("127.0.0.1")}, 16) = -1 EINPROGRESS (Operation now in progress)
359701 write(8, "LOG_STOP_wsgi, TS=1715874620.463"..., 37 <unfinished ...>
359699 <... read resumed>"\27\3\3\0/", 5) = 5
359701 <... write resumed>)             = 37
359699 read(21, "]\256\1\350o\277=\10\274a\256\322;P\263)uz\374\272\247\204\\\310\275\212j\251i\376\3302"..., 47) = 47
359699 write(21, "\27\3\3\0F\301\313\305\373W\10+X\312\221\331?\221\10';\232\237\355q\356\377\200\272\262z~"..., 75) = 75
359699 read(21,  <unfinished ...>
359700 sendto(22, " \0\0\1\215\252\277\31\0\0\0@!\0\0\0\0\0\0\0\0\0\0\0\0\0\0\0\0\0\0\0"..., 36, 0, NULL, 0 <unfinished ...>
359702 write(3, "INFO:werkzeug:post_data_form = \n"..., 55 <unfinished ...>
359700 <... sendto resumed>)            = 36
359702 <... write resumed>)             = 55
359702 write(8, "LOG_STOP_wsgi, TS=1715874620.465"..., 35) = 35
359701 write(3, "INFO:werkzeug:LOG_STOP_wsgi, TS="..., 51) = 51
359700 write(22, "\26\3\1\1=\1\0\19\3\3\206.\4\325\300\316st\255\3\240\3127 \23,\241M\2!f"..., 322) = 322
359700 read(22,  <unfinished ...>
359701 connect(23, {sa_family=AF_INET, sin_port=htons(3306), sin_addr=inet_addr("127.0.0.1")}, 16) = -1 EINPROGRESS (Operation now in progress)
359702 write(3, "INFO:werkzeug:LOG_STOP_wsgi, TS="..., 49) = 49
359701 sendto(23, " \0\0\1\215\252\277\31\0\0\0@!\0\0\0\0\0\0\0\0\0\0\0\0\0\0\0\0\0\0\0"..., 36, 0, NULL, 0) = 36
359702 connect(20, {sa_family=AF_INET, sin_port=htons(3306), sin_addr=inet_addr("127.0.0.1")}, 16) = -1 EINPROGRESS (Operation now in progress)
359701 write(23, "\26\3\1\1=\1\0\19\3\3Q\2608\252\366\t\364\373\343\305\321\273C\\\371pb\340Ww\v"..., 322) = 322
359700 <... read resumed>"\26\3\3\0\233", 5) = 5
359701 read(23,  <unfinished ...>
359700 read(22, "\2\0\0\227\3\3{\313z6\266\320\222\334x\315\206\327\226kjlU\347(5\271h\206\1\353m"..., 155) = 155
359700 read(22, "\24\3\3\0\1", 5)       = 5
359700 read(22, "\1", 1)                = 1
359700 read(22, "\27\3\3\0\27", 5)      = 5
359700 read(22, "\247\356*_x\312\245\240'\2677v\16\356\n\334\3674\"t\347\2054", 23) = 23
359700 read(22, "\27\3\3\0>", 5)        = 5
359700 read(22,  <unfinished ...>
359702 sendto(20, " \0\0\1\215\252\277\31\0\0\0@!\0\0\0\0\0\0\0\0\0\0\0\0\0\0\0\0\0\0\0"..., 36, 0, NULL, 0 <unfinished ...>
359700 <... read resumed>"\344\3459\205\39\377\314\270:\r\372\224\365fP\373H!P//pi\304\201cw\26\326\237\334"..., 62) = 62
359700 read(22, "\27\3\3\68", 5)        = 5
359702 <... sendto resumed>)            = 36
359700 read(22, "\346\230PM\310\0\320D\301 rSg\200R\16+\370\325\250\213z\367Dm\315\36<\272\256\243\376"..., 1592) = 1592
359700 read(22, "\27\3\3\1\31", 5)      = 5
359700 read(22, "\343(\314Z\211\264LF\317H\230\371\355\307@\336\351,\345\236q\377\232\201\275\n\2&0@\363\r"..., 281) = 281
359700 read(22, "\27\3\3\0E", 5)        = 5
359700 read(22, "\332\246\374\276\230)\10\311\233\6\246\240\3762c\24Sl\33\310\232t\217\376\220\233\273}\351\202X^"..., 69) = 69
359700 write(22, "\24\3\3\0\1\1\27\3\3\0\31\354\\\261\240Gt\334\320\341\2048\2338)\267\266\312\345  \362"..., 110) = 110
359700 write(22, "\27\3\3\0\316\333\305\221\316\275OD\215\330\366\371&^<\236\323\270\20\rE|O+\5}\250]"..., 211) = 211
359700 read(22, "\27\3\3\0\372", 5)     = 5
359700 read(22, "\302pY\327\316[\rE\322\241\345\22[\247\212\211\332j\\\37\307\257\32\343w\25\200\346\312\35c\332"..., 250) = 250
359700 read(22, "\27\3\3\0\372", 5)     = 5
359700 read(22, "G#\314\234\263\30\242z\108\335\27\267f\267\314$\324\37\333\300\24f\356A\250\334\2221\245\253\7"..., 250) = 250
359700 read(22, "\27\3\3\0A", 5)        = 5
359700 read(22, "\323\364\252\225\336\263\271\344\5\250K\23\364R\301\365\244\342\334k\343\216\266\263\263\200<\0272V\27\300"..., 65) = 65
359700 write(22, "\27\3\3\0)c\21\377u\203B_\324j\17]\223L\340\266]\26\261\231iGx\273\304\36\275\202"..., 46) = 46
359700 read(22, "\27\3\3\0(", 5)        = 5
359700 read(22, "A\263\2\315h\361\274\204NxDsH\222\5\305>\205\23\222\376\325\363\204\4\216\177\351\220\207]*"..., 40) = 40
359700 write(22, "\27\3\3\0&\367\261`z\353p\313l\205\301\241K\313\356\301c\216\242\334Y\32\361\251+P\35\377"..., 43 <unfinished ...>
359701 <... read resumed>"\26\3\3\0\233", 5) = 5
359700 <... write resumed>)             = 43
359701 read(23, "\2\0\0\227\3\3t=\351\336\25\316\260\32\317>\331\241~\252)\5\"\273\244\376\312\366A\263bW"..., 155) = 155
359700 read(22,  <unfinished ...>
359701 read(23,  <unfinished ...>
359700 <... read resumed>"\27\3\3\0\200", 5) = 5
359701 <... read resumed>"\24\3\3\0\1", 5) = 5
359700 read(22,  <unfinished ...>
359701 read(23,  <unfinished ...>
359700 <... read resumed>"5\322\230p\177=L\303\277@\372\332\364<\210e\256%\257\31\336N\26\330L\316B\313(\360l\213"..., 128) = 128
359701 <... read resumed>"\1", 1)       = 1
359700 write(22, "\27\3\3\0(=\34\246\36\t\365\345~\2\357\322M\255M\257D\246\34iA9\324\16vFZY"..., 45 <unfinished ...>
359701 read(23,  <unfinished ...>
359700 <... write resumed>)             = 45
359701 <... read resumed>"\27\3\3\0\27", 5) = 5
359700 read(22,  <unfinished ...>
359701 read(23,  <unfinished ...>
359700 <... read resumed>"\27\3\3\0/", 5) = 5
359701 <... read resumed>"\232\322\224\304\334y\365\366\323e\t_\4\322\351\234\356\26\30s\262\320\345", 23) = 23
359700 read(22,  <unfinished ...>
359701 read(23,  <unfinished ...>
359700 <... read resumed>"\337\346\177Tu\277R\265\351V\356\375\5\262\330\230\271\250\305\363.e\272o\353n\221\306\256\213\27="..., 47) = 47
359701 <... read resumed>"\27\3\3\0>", 5) = 5
359700 write(22, "\27\3\3\0F\256\34\34\376\373\330#M\314\335hfHI\5\247c\272\242G.\n\322e\2\213@"..., 75 <unfinished ...>
359701 read(23,  <unfinished ...>
359700 <... write resumed>)             = 75
359701 <... read resumed>" B\200\212\273p\360\10\22c\214\306\3220\226\320\v\321\231A`\242\331\242H*\3053yu\272\274"..., 62) = 62
359700 read(22,  <unfinished ...>
359701 read(23, "\27\3\3\68", 5)        = 5
359701 read(23, "v<\300g\263\347\316\364\200\340DX\f\300o\211\322wF\312\351F;<\23\343P`\231^.\3"..., 1592) = 1592
359701 read(23, "\27\3\3\1\31", 5)      = 5
359701 read(23, "\236v\240\6\216\31\275\203!\266G\246oG\335}\275\324\205=\242\22\231D-\275\346D\217\373\"\356"..., 281) = 281
359701 read(23, "\27\3\3\0E", 5)        = 5
359701 read(23, "\311[\35\347\371\360\35ke\317\rPk\252\304\236\311\252\0\236;\333\272\3336\375\240r\241\365\34\22"..., 69) = 69
359701 write(23, "\24\3\3\0\1\1\27\3\3\0\31#\34:\306\270\272\224.\302?\364\333 \247\252\277P\354\200\23w"..., 110) = 110
359701 write(23, "\27\3\3\0\316\347\3f3YkD\6\372\213]Q\10\2776\273\267\253\353\31\254j\310\331\32\273m"..., 211) = 211
359701 read(23, "\27\3\3\0\372", 5)     = 5
359701 read(23, "B\365\v\33U\"]\260\346\325s\t\364'\274\177\212\327\265\2541\6\30\34\372\274,\334u\5\r\253"..., 250) = 250
359701 read(23, "\27\3\3\0\372", 5)     = 5
359701 read(23, ",\2r.\n.\207Pp\321\375j\23\31\306\365M6\227\314\33i\263I*5\251\31\317\244\252g"..., 250) = 250
359701 read(23, "\27\3\3\0A", 5)        = 5
359701 read(23, "T\30cS\205\17zp\364\202\337\36\360\372p5\365\274\244\313\215\270o0P#~\v\234\367\265\264"..., 65) = 65
359701 write(23, "\27\3\3\0)\tJT@\306\0\346\277\241\201\202\300B5\207\17#\244\317h\361\26f\251\267\344\22"..., 46) = 46
359701 read(23, "\27\3\3\0(", 5)        = 5
359701 read(23, "\360\310\307}\260c\334\379o\32\211\353\374a\314\272\330\365\353f{jz!A\30Ga\363\24-"..., 40) = 40
359701 write(23, "\27\3\3\0&h\r>>\363-\307\212\24367f6\261~\4\331\tA\221B\3\2266\n!\t"..., 43) = 43
359701 read(23, "\27\3\3\0\200", 5)     = 5
359701 read(23, "Pv\224\350y\313SZ\273\t\300\300v\255&\3206\257\205K\360~\267\362O\25\351\27\277\200\312F"..., 128) = 128
359701 write(23, "\27\3\3\0(\211\276\254\25m\31#\327N\274H2\355\355\201\246>@$@\304O@#O\241\347"..., 45) = 45
359701 read(23, "\27\3\3\0/", 5)        = 5
359701 read(23, "\3722\303\277\343\34\264\337!dS\211\225\4\355\276 \255\330\321\324\347i\254K\3540\n\0107@\251"..., 47) = 47
359701 write(23, "\27\3\3\0F\276\353<\260R&S\270\240O\26yl=\35O\16\3438\245-|\256\334L\311\245"..., 75) = 75
359701 read(23,  <unfinished ...>
359702 write(20, "\26\3\1\1=\1\0\19\3\0031n\253\4\236TTo:J\302\342\220=\205x\342P\0d\251"..., 322) = 322
359702 read(20, "\26\3\3\0\233", 5)     = 5
359702 read(20, "\2\0\0\227\3\3\331\202+F\232?\302G\371?\352\355q~gj\301\251>\263\222\3zX\373\226"..., 155) = 155
359702 read(20, "\24\3\3\0\1", 5)       = 5
359702 read(20, "\1", 1)                = 1
359702 read(20, "\27\3\3\0\27", 5)      = 5
359702 read(20, ";@\3544i\370\214\"\332\362\2\264\375;1+\257\17o\377f\355\262", 23) = 23
359702 read(20, "\27\3\3\0>", 5)        = 5
359702 read(20, "\372\35\305\237\225\216\301K\357b\330'\376\300\304\266e\344Dmf,\350\26\23\334\315\213\256\347\0015"..., 62) = 62
359702 read(20, "\27\3\3\68", 5)        = 5
359702 read(20, "g\377c>nE\264\235l\364\16o\201\16p\314t\26m\312e\334\310\3376t_\tB\17~9"..., 1592) = 1592
359702 read(20, "\27\3\3\1\31", 5)      = 5
359702 read(20, "\320J\326\252Q=t\321i\227\34=W\302K|a\31\n\320U7\357\305\341\364\255Cd)\303\271"..., 281) = 281
359702 read(20, "\27\3\3\0E", 5)        = 5
359702 read(20, "p\226}x\23\210\354\316\5\221\353Z(+\275g\301\364\321\366M\233\n\24\265\276I\235\216\r\222\212"..., 69) = 69
359702 write(20, "\24\3\3\0\1\1\27\3\3\0\31\212\33K-6\24\24m{u,A\10\21L\203RP4h\261"..., 110) = 110
359702 write(20, "\27\3\3\0\316\vA\250B_\"<l\376lA\206\5W\332M\r\351jTd\4qqb\304\242"..., 211) = 211
359702 read(20, "\27\3\3\0\372", 5)     = 5
359702 read(20, "5\326x\\\214\247\306*#C7\5\212\374\22\373\370R\262\2537A\26\247$.)\201O\256@\343"..., 250) = 250
359702 read(20, "\27\3\3\0\372", 5)     = 5
359702 read(20, "\32\10\321\335\2361\346-m\22.\3112iY\274\263\30\340\2064\207\240t6\374\316es\214\305\371"..., 250) = 250
359702 read(20, "\27\3\3\0A", 5)        = 5
359702 read(20, "\225NdmM}\261\255\211\0267\304~\221D:igF(\245h\17|\10IS-(\32\3\366"..., 65) = 65
359702 write(20, "\27\3\3\0)\273\234\200\264\247\5\262\25\237=W\v\10\323 \352>\350\306\313!\272\275\252\273\10\216"..., 46) = 46
359702 read(20, "\27\3\3\0(", 5)        = 5
359702 read(20, "\377\235\22'}\210\315G9\261\266a\331\361\332\232F\227;Uh\2102\254\266G\230\0cX\323\365"..., 40) = 40
359702 write(20, "\27\3\3\0&\37\205\345|\344\342{\224@\211\31\326\233*\311\35r\2017\220Um2\2227\315\372"..., 43) = 43
359702 read(20, "\27\3\3\0\200", 5)     = 5
359702 read(20, "\26\246\240}~\300\302\346E\247qf\255\202b\10j\365\"\237\251S\320\f\221- \322Q\n\317\333"..., 128) = 128
359702 write(20, "\27\3\3\0(uA\252J\326\v\221:\204\202+\246%\312)\334\\\321\340\236rd\5\33`\366l"..., 45) = 45
359702 read(20, "\27\3\3\0/", 5)        = 5
359702 read(20, "(n`\234\330\300\2708\313\255\340w8\234\v\203\242\333\10\224s\327\350\237\230\324\214\222\334\276\332\10"..., 47) = 47
359702 write(20, "\27\3\3\0F\216M\346{{MgI\320\352\227)fS\255\31\246\366\232K0%F\366\301\1f"..., 75) = 75
359702 read(20,  <unfinished ...>
359690 <... read resumed>"\27\3\3\31\265", 5) = 5
359690 read(11, "T\357+-\304\340\365\253\10M\211\20\25&\330\1\254\367X\316\2\7\0\352\5\\7oQr}X"..., 6581) = 6581
359690 sendto(6, "\0", 1, 0, NULL, 0)   = 1
359690 write(3, "INFO:jaeger_tracing:Reporting sp"..., 112) = 112
359690 write(11, "\27\3\3\0\26W\2119\300\267\261\225!\357~\r\234\202\355|\271*\241k\23\310\253", 27) = 27
359690 write(8, "10.5.30.76 - - [16/May/2024 21:2"..., 72) = 72
359690 write(3, "INFO:werkzeug:10.5.30.76 - - [16"..., 86) = 86
359690 sendto(10, "HTTP/1.0 200 OK\r\n", 17, 0, NULL, 0) = 17
359690 sendto(10, "Content-Type: application/json\r\n"..., 132, 0, NULL, 0) = 132
359690 sendto(10, "[{\"id\": 391454, \"Name\": \"Shamsia"..., 11999, 0, NULL, 0) = 11999
359690 +++ exited with 0 +++
359694 <... read resumed>"\27\3\3\0337", 5) = 5
359694 read(14, ")\6\356\333}1M\2150\322\373\316\6\243\235\245\355\365\230Z\21\350Z\252\rW\216~\2273\271q"..., 6967) = 6967
359694 sendto(6, "\0", 1, 0, NULL, 0)   = 1
359694 write(3, "INFO:jaeger_tracing:Reporting sp"..., 112) = 112
359694 write(14, "\27\3\3\0\26\371\333!\26\343\252\264\216\271w\340\3546]\2214\205\242\0`\33v", 27) = 27
